******************************************************************************
                  TI ARM Linker PC v16.9.6                     
******************************************************************************
>> Linked Wed Oct 29 11:25:13 2025

OUTPUT FILE NAME:   <H_TimerCompare_Motor_WandererTillLineFollowerBot.out>
ENTRY POINT SYMBOL: "_c_int00"  address: 000026b9


MEMORY CONFIGURATION

         name            origin    length      used     unused   attr    fill
----------------------  --------  ---------  --------  --------  ----  --------
  MAIN                  00000000   00040000  000029b4  0003d64c  R  X
  INFO                  00200000   00004000  00000000  00004000  R  X
  SRAM_CODE             01000000   00010000  000002eb  0000fd15  RW X
  SRAM_DATA             20000000   00010000  000002eb  0000fd15  RW  


SEGMENT ALLOCATION MAP

run origin  load origin   length   init length attrs members
----------  ----------- ---------- ----------- ----- -------
00000000    00000000    000029b8   000029b8    r-x
  00000000    00000000    000000e4   000000e4    r-- .intvecs
  000000e4    000000e4    000027d0   000027d0    r-x .text
  000028b4    000028b4    00000068   00000068    r-- .const
  00002920    00002920    00000098   00000098    r-- .cinit
20000000    20000000    000000eb   00000000    rw-
  20000000    20000000    000000c8   00000000    rw- .data
  200000c8    200000c8    00000023   00000000    rw- .bss
2000fe00    2000fe00    00000200   00000000    rw-
  2000fe00    2000fe00    00000200   00000000    rw- .stack


SECTION ALLOCATION MAP

 output                                  attributes/
section   page    origin      length       input sections
--------  ----  ----------  ----------   ----------------
.intvecs   0    00000000    000000e4     
                  00000000    000000e4     startup_msp432p401r_ccs.obj (.intvecs:retain)

.binit     0    00000000    00000000     

.text      0    000000e4    000027d0     
                  000000e4    00000630     TExaS.obj (.text)
                  00000714    00000468     IRDistance.obj (.text)
                  00000b7c    0000032c     system_msp432p401r.obj (.text)
                  00000ea8    00000324     Motor.obj (.text)
                  000011cc    000002a4     Lab3_Timersmain.obj (.text)
                  00001470    00000238     Reflectance.obj (.text)
                  000016a8    0000021e     rtsv7M4_T_le_v4SPD16_eabi.lib : ll_div_t2.obj (.text)
                  000018c6    00000002                                   : l_div0.obj (.text)
                  000018c8    000001e0     Clock.obj (.text)
                  00001aa8    000001a0     Tachometer.obj (.text)
                  00001c48    00000164     ADC14.obj (.text)
                  00001dac    0000015c     Bump.obj (.text)
                  00001f08    00000136     rtsv7M4_T_le_v4SPD16_eabi.lib : fd_div_t2.obj (.text)
                  0000203e    00000002                                   : mpu_init.obj (.text)
                  00002040    00000104     TA3InputCapture.obj (.text)
                  00002144    000000fc     rtsv7M4_T_le_v4SPD16_eabi.lib : fd_mul_t2.obj (.text)
                  00002240    000000f4     LaunchPad.obj (.text)
                  00002334    000000ec     PWM.obj (.text)
                  00002420    000000a8     TimerA1.obj (.text)
                  000024c8    0000009c     rtsv7M4_T_le_v4SPD16_eabi.lib : memcpy_t2.obj (.text)
                  00002564    0000007a                                   : memset_t2.obj (.text)
                  000025de    00000002                                   : startup.obj (.text)
                  000025e0    00000070                                   : autoinit.obj (.text)
                  00002650    00000068                                   : copy_decompress_lzss.obj (.text:decompress:lzss)
                  000026b8    00000054                                   : boot.obj (.text)
                  0000270c    00000054                                   : exit.obj (.text)
                  00002760    0000004c                                   : cpy_tbl.obj (.text)
                  000027ac    00000044                                   : fd_tou_t2.obj (.text)
                  000027f0    0000002e                                   : i_tofd_t2.obj (.text)
                  0000281e    00000024     CortexM.obj (.text)
                  00002842    00000002     --HOLE-- [fill = 0]
                  00002844    00000018     rtsv7M4_T_le_v4SPD16_eabi.lib : args_main.obj (.text)
                  0000285c    00000018                                   : ll_mul_t2.obj (.text)
                  00002874    00000014                                   : _lock.obj (.text)
                  00002888    0000000e                                   : copy_decompress_none.obj (.text:decompress:none)
                  00002896    0000000e     startup_msp432p401r_ccs.obj (.text)
                  000028a4    0000000c     rtsv7M4_T_le_v4SPD16_eabi.lib : copy_zero_init.obj (.text:decompress:ZI)
                  000028b0    00000004                                   : pre_init.obj (.text)

.const     0    000028b4    00000068     
                  000028b4    00000048     Lab3_Timersmain.obj (.const:fsm)
                  000028fc    00000020     Reflectance.obj (.const:$P$T0$1)

.cinit     0    00002920    00000098     
                  00002920    0000006d     (.cinit..data.load) [load image, compression = lzss]
                  0000298d    00000003     --HOLE-- [fill = 0]
                  00002990    0000000c     (__TI_handler_table)
                  0000299c    00000004     --HOLE-- [fill = 0]
                  000029a0    00000008     (.cinit..bss.load) [load image, compression = zero_init]
                  000029a8    00000010     (__TI_cinit_table)

.init_array 
*          0    00000000    00000000     UNINITIALIZED

.data      0    20000000    000000c8     UNINITIALIZED
                  20000000    00000024     IRDistance.obj (.data)
                  20000024    00000018     Clock.obj (.data)
                  2000003c    0000000c     rtsv7M4_T_le_v4SPD16_eabi.lib : exit.obj (.data:$O1$$)
                  20000048    0000000c     IRDistance.obj (.data:CAL_Center_ADC)
                  20000054    0000000c     IRDistance.obj (.data:CAL_Center_Dist)
                  20000060    0000000c     IRDistance.obj (.data:CAL_Left_ADC)
                  2000006c    0000000c     IRDistance.obj (.data:CAL_Left_Dist)
                  20000078    0000000c     IRDistance.obj (.data:CAL_Right_ADC)
                  20000084    0000000c     IRDistance.obj (.data:CAL_Right_Dist)
                  20000090    0000000c     TExaS.obj (.data)
                  2000009c    0000000a     Tachometer.obj (.data)
                  200000a6    00000002     --HOLE--
                  200000a8    00000008     rtsv7M4_T_le_v4SPD16_eabi.lib : _lock.obj (.data:$O1$$)
                  200000b0    00000008     Lab3_Timersmain.obj (.data)
                  200000b8    00000008     TA3InputCapture.obj (.data)
                  200000c0    00000004     rtsv7M4_T_le_v4SPD16_eabi.lib : stkdepth_vars.obj (.data)
                  200000c4    00000004     system_msp432p401r.obj (.data)

.bss       0    200000c8    00000023     UNINITIALIZED
                  200000c8    00000004     (.common:PeriodicTask2)
                  200000cc    00000004     (.common:Port4Task)
                  200000d0    00000004     (.common:TimerA1Task)
                  200000d4    00000004     (.common:center_mm)
                  200000d8    00000004     (.common:left_mm)
                  200000dc    00000004     (.common:right_mm)
                  200000e0    00000002     (.common:Tachometer_FirstLeftTime)
                  200000e2    00000002     (.common:Tachometer_FirstRightTime)
                  200000e4    00000002     (.common:Tachometer_SecondLeftTime)
                  200000e6    00000002     (.common:Tachometer_SecondRightTime)
                  200000e8    00000001     (.common:LogicData)
                  200000e9    00000001     (.common:bumpState)
                  200000ea    00000001     (.common:reflectance)

.stack     0    2000fe00    00000200     UNINITIALIZED
                  2000fe00    00000200     --HOLE--

MODULE SUMMARY

       Module                        code    ro data   rw data
       ------                        ----    -------   -------
    .\
       TExaS.obj                     1584    0         34     
       IRDistance.obj                1128    0         216    
       system_msp432p401r.obj        812     0         8      
       Motor.obj                     804     0         0      
       Lab3_Timersmain.obj           676     72        44     
       Reflectance.obj               568     32        0      
       Clock.obj                     480     0         48     
       Tachometer.obj                416     0         36     
       ADC14.obj                     356     0         0      
       Bump.obj                      348     0         8      
       TA3InputCapture.obj           260     0         16     
       LaunchPad.obj                 244     0         0      
       startup_msp432p401r_ccs.obj   14      228       0      
       PWM.obj                       236     0         0      
       TimerA1.obj                   168     0         8      
       CortexM.obj                   36      0         0      
    +--+-----------------------------+-------+---------+---------+
       Total:                        8130    332       418    
                                                              
    C:\ti\ccsv7\tools\compiler\ti-cgt-arm_16.9.6.LTS\lib\rtsv7M4_T_le_v4SPD16_eabi.lib
       ll_div_t2.obj                 542     0         0      
       fd_div_t2.obj                 310     0         0      
       fd_mul_t2.obj                 252     0         0      
       memcpy_t2.obj                 156     0         0      
       memset_t2.obj                 122     0         0      
       autoinit.obj                  112     0         0      
       exit.obj                      84      0         24     
       copy_decompress_lzss.obj      104     0         0      
       boot.obj                      84      0         0      
       cpy_tbl.obj                   76      0         0      
       fd_tou_t2.obj                 68      0         0      
       i_tofd_t2.obj                 46      0         0      
       _lock.obj                     20      0         16     
       args_main.obj                 24      0         0      
       ll_mul_t2.obj                 24      0         0      
       copy_decompress_none.obj      14      0         0      
       copy_zero_init.obj            12      0         0      
       stkdepth_vars.obj             0       0         8      
       pre_init.obj                  4       0         0      
       l_div0.obj                    2       0         0      
       mpu_init.obj                  2       0         0      
       startup.obj                   2       0         0      
    +--+-----------------------------+-------+---------+---------+
       Total:                        2060    0         48     
                                                              
       Stack:                        0       0         1024   
       Linker Generated:             0       145       0      
    +--+-----------------------------+-------+---------+---------+
       Grand Total:                  10190   477       1490   


LINKER GENERATED COPY TABLES

__TI_cinit_table @ 000029a8 records: 2, size/record: 8, table size: 16
	.data: load addr=00002920, load size=0000006d bytes, run addr=20000000, run size=000000c8 bytes, compression=lzss
	.bss: load addr=000029a0, load size=00000008 bytes, run addr=200000c8, run size=00000023 bytes, compression=zero_init


LINKER GENERATED HANDLER TABLE

__TI_handler_table @ 00002990 records: 3, size/record: 4, table size: 12
	index: 0, handler: __TI_decompress_lzss
	index: 1, handler: __TI_decompress_none
	index: 2, handler: __TI_zero_init


GLOBAL SYMBOLS: SORTED ALPHABETICALLY BY Name 

address   name                           
-------   ----                           
00001c49  ADC0_InitSWTriggerCh12         
00001cb9  ADC0_InitSWTriggerCh17_12_16   
000028a3  ADC14_IRQHandler               
00001c99  ADC_In12                       
00001d29  ADC_In17_12_16                 
00000475  ADC_Init                       
000028a3  AES256_IRQHandler              
00001dad  Bump_Init                      
00001e23  Bump_Read                      
000028a3  BusFault_Handler               
0000270d  C$$EXIT                        
000028a3  COMP_E0_IRQHandler             
000028a3  COMP_E1_IRQHandler             
2000002c  CPMwait                        
000028a3  CS_IRQHandler                  
00000a0b  CalibrateIRSensors             
200000b8  CaptureTask0                   
200000bc  CaptureTask2                   
00000aa9  CenterConvert                  
0000123f  CheckForLine                   
20000024  ClockFrequency                 
00001a1d  Clock_Delay1ms                 
000019f3  Clock_Delay1us                 
000019df  Clock_GetFreq                  
000018c9  Clock_Init48MHz                
000011ed  ControlMotors                  
20000038  Crystalstable                  
000028a3  DMA_ERR_IRQHandler             
000028a3  DMA_INT0_IRQHandler            
000028a3  DMA_INT1_IRQHandler            
000028a3  DMA_INT2_IRQHandler            
000028a3  DMA_INT3_IRQHandler            
000028a3  DebugMon_Handler               
000028a3  Default_Handler                
0000281f  DisableInterrupts              
000028a3  EUSCIA0_IRQHandler             
000028a3  EUSCIA1_IRQHandler             
000028a3  EUSCIA2_IRQHandler             
000028a3  EUSCIA3_IRQHandler             
000028a3  EUSCIB0_IRQHandler             
000028a3  EUSCIB1_IRQHandler             
000028a3  EUSCIB2_IRQHandler             
000028a3  EUSCIB3_IRQHandler             
00002825  EnableInterrupts               
00002835  EndCritical                    
000028a3  FLCTL_IRQHandler               
000028a3  FPU_IRQHandler                 
000028a3  HardFault_Handler              
20000034  IFlags                         
00002241  LaunchPad_Init                 
000022b1  LaunchPad_Input                
000022cb  LaunchPad_LED                  
000022e9  LaunchPad_Output               
00000a61  LeftConvert                    
000012e1  LineFollowMode                 
000000e5  LogicAnalyzer                  
000000ef  LogicAnalyzer_P1               
000001c5  LogicAnalyzer_P10              
000000fd  LogicAnalyzer_P2               
0000010b  LogicAnalyzer_P2_7654          
0000011b  LogicAnalyzer_P3               
00000129  LogicAnalyzer_P4               
00000147  LogicAnalyzer_P4_765320        
00000137  LogicAnalyzer_P4_765432        
0000017f  LogicAnalyzer_P5               
0000018d  LogicAnalyzer_P6               
0000019b  LogicAnalyzer_P7               
000001a9  LogicAnalyzer_P8               
000001b7  LogicAnalyzer_P9               
200000e8  LogicData                      
000028a3  MemManage_Handler              
00000ff9  Motor_Backward                 
00000f55  Motor_Forward                  
000010d5  Motor_ForwardDist              
00000ea9  Motor_Init                     
00000fbf  Motor_Left                     
00000f85  Motor_Right                    
00001029  Motor_RotateAngle              
00000f31  Motor_Stop                     
000028a3  NMI_Handler                    
000028a3  PCM_IRQHandler                 
000028a3  PORT1_IRQHandler               
000028a3  PORT2_IRQHandler               
000028a3  PORT3_IRQHandler               
00001ea3  PORT4_IRQHandler               
00001ea3  PORT4_IRQHandler               
000028a3  PORT5_IRQHandler               
000028a3  PORT6_IRQHandler               
000028a3  PSS_IRQHandler                 
000023b9  PWM_Duty3                      
000023d9  PWM_Duty4                      
00002335  PWM_Init34                     
000028a3  PendSV_Handler                 
200000c8  PeriodicTask2                  
00000257  PeriodicTask2_Init             
000002d1  PeriodicTask2_Stop             
200000cc  Port4Task                      
00001481  Port5_Init                     
000014e9  Port7_Init                     
0000151f  Port7_InitToInput              
00001509  Port7_Output_ChargeCap         
000014b5  Port9_Init                     
20000030  Postwait                       
20000028  Prewait                        
000028a3  RTC_C_IRQHandler               
00001579  Reflectance_Center             
0000163f  Reflectance_End                
00001471  Reflectance_Init               
0000159b  Reflectance_Position           
0000152b  Reflectance_Read               
00001619  Reflectance_Start              
00002897  Reset_Handler                  
00000af1  RightConvert                   
UNDEFED   SHT$$INIT_ARRAY$$Base          
UNDEFED   SHT$$INIT_ARRAY$$Limit         
000028a3  SVC_Handler                    
000001d3  Scope                          
200000b4  Spt                            
0000282b  StartCritical                  
000028a3  SysTick_Handler                
200000c4  SystemCoreClock                
00000b7d  SystemCoreClockUpdate          
00000df1  SystemInit                     
000002c1  T32_INT1_IRQHandler            
000002c1  T32_INT1_IRQHandler            
000028a3  T32_INT2_IRQHandler            
000028a3  T32_INTC_IRQHandler            
000028a3  TA0_0_IRQHandler               
000028a3  TA0_N_IRQHandler               
00002493  TA1_0_IRQHandler               
00002493  TA1_0_IRQHandler               
000028a3  TA1_N_IRQHandler               
000028a3  TA2_0_IRQHandler               
000028a3  TA2_N_IRQHandler               
000020d3  TA3_0_IRQHandler               
000020d3  TA3_0_IRQHandler               
000020ed  TA3_N_IRQHandler               
000020ed  TA3_N_IRQHandler               
00000413  TExaS_Clear0                   
0000041f  TExaS_Clear1                   
0000042b  TExaS_Clear2                   
00000437  TExaS_Clear3                   
00000443  TExaS_Clear4                   
00000445  TExaS_Clear5                   
00000451  TExaS_Clear6                   
00000551  TExaS_Init                     
20000094  TExaS_ScopeErrConflict         
20000090  TExaS_ScopeErrLostData         
20000098  TExaS_ScopeWrnReconfig         
000003b1  TExaS_Set                      
000003c9  TExaS_Set0                     
000003d5  TExaS_Set1                     
000003e1  TExaS_Set2                     
000003ed  TExaS_Set3                     
000003f9  TExaS_Set4                     
000003fb  TExaS_Set5                     
00000407  TExaS_Set6                     
000006b1  TExaS_Stop                     
00000367  TExaS_Task0                    
00000373  TExaS_Task1                    
0000037f  TExaS_Task2                    
0000038b  TExaS_Task3                    
00000397  TExaS_Task4                    
00000399  TExaS_Task5                    
000003a5  TExaS_Task6                    
200000e0  Tachometer_FirstLeftTime       
200000e2  Tachometer_FirstRightTime      
00001ba5  Tachometer_Get                 
00001b35  Tachometer_Init                
200000a5  Tachometer_LeftDir             
200000a0  Tachometer_LeftSteps           
200000a4  Tachometer_RightDir            
2000009c  Tachometer_RightSteps          
200000e4  Tachometer_SecondLeftTime      
200000e6  Tachometer_SecondRightTime     
000011cd  TimedPause                     
200000d0  TimerA1Task                    
00002421  TimerA1_Init                   
0000247f  TimerA1_Stop                   
0000204d  TimerA3Capture_Init            
0000033b  UART_InChar                    
000002e1  UART_Init                      
0000034b  UART_OutChar                   
000028a3  UsageFault_Handler             
4000480c  WDTCTL_SYM                     
000028a3  WDT_A_IRQHandler               
0000283d  WaitForInterrupt               
0000125b  WanderMode                     
20010000  __STACK_END                    
00000200  __STACK_SIZE                   
000029a8  __TI_CINIT_Base                
000029b8  __TI_CINIT_Limit               
00002990  __TI_Handler_Table_Base        
0000299c  __TI_Handler_Table_Limit       
000025e1  __TI_auto_init                 
2000003c  __TI_cleanup_ptr               
00002651  __TI_decompress_lzss           
00002889  __TI_decompress_none           
20000040  __TI_dtors_ptr                 
20000044  __TI_enable_exit_profile_output
ffffffff  __TI_pprof_out_hndl            
ffffffff  __TI_prof_data_size            
ffffffff  __TI_prof_data_start           
00000000  __TI_static_base__             
000028a5  __TI_zero_init                 
000027ad  __aeabi_d2uiz                  
00001f09  __aeabi_ddiv                   
00002145  __aeabi_dmul                   
000027f1  __aeabi_i2d                    
000018c7  __aeabi_ldiv0                  
000016a9  __aeabi_ldivmod                
0000285d  __aeabi_lmul                   
00002565  __aeabi_memclr                 
00002565  __aeabi_memclr4                
00002565  __aeabi_memclr8                
000024c9  __aeabi_memcpy                 
000024c9  __aeabi_memcpy4                
000024c9  __aeabi_memcpy8                
00002567  __aeabi_memset                 
00002567  __aeabi_memset4                
00002567  __aeabi_memset8                
ffffffff  __binit__                      
ffffffff  __c_args__                     
0000203f  __mpu_init                     
2000fe00  __stack                        
00002845  _args_main                     
000026b9  _c_int00                       
200000a8  _lock                          
00002883  _nop                           
0000287b  _register_lock                 
00002875  _register_unlock               
000025df  _system_post_cinit             
000028b1  _system_pre_init               
200000ac  _unlock                        
00002711  abort                          
ffffffff  binit                          
200000e9  bumpState                      
200000d4  center_mm                      
200000b2  collision_bumpstate            
200000b1  collision_detected             
00002761  copy_in                        
200000b0  currentMode                    
000019e5  delay                          
00002719  exit                           
000028b4  fsm                            
00000000  interruptVectors               
200000d8  left_mm                        
00001333  main                           
200000c0  main_func_sp                   
000024c9  memcpy                         
0000256d  memset                         
200000ea  reflectance                    
200000dc  right_mm                       
00002041  ta3dummy                       
00001aef  tachometerLeftInt              
00001aa9  tachometerRightInt             


GLOBAL SYMBOLS: SORTED BY Symbol Address 

address   name                           
-------   ----                           
00000000  __TI_static_base__             
00000000  interruptVectors               
000000e5  LogicAnalyzer                  
000000ef  LogicAnalyzer_P1               
000000fd  LogicAnalyzer_P2               
0000010b  LogicAnalyzer_P2_7654          
0000011b  LogicAnalyzer_P3               
00000129  LogicAnalyzer_P4               
00000137  LogicAnalyzer_P4_765432        
00000147  LogicAnalyzer_P4_765320        
0000017f  LogicAnalyzer_P5               
0000018d  LogicAnalyzer_P6               
0000019b  LogicAnalyzer_P7               
000001a9  LogicAnalyzer_P8               
000001b7  LogicAnalyzer_P9               
000001c5  LogicAnalyzer_P10              
000001d3  Scope                          
00000200  __STACK_SIZE                   
00000257  PeriodicTask2_Init             
000002c1  T32_INT1_IRQHandler            
000002c1  T32_INT1_IRQHandler            
000002d1  PeriodicTask2_Stop             
000002e1  UART_Init                      
0000033b  UART_InChar                    
0000034b  UART_OutChar                   
00000367  TExaS_Task0                    
00000373  TExaS_Task1                    
0000037f  TExaS_Task2                    
0000038b  TExaS_Task3                    
00000397  TExaS_Task4                    
00000399  TExaS_Task5                    
000003a5  TExaS_Task6                    
000003b1  TExaS_Set                      
000003c9  TExaS_Set0                     
000003d5  TExaS_Set1                     
000003e1  TExaS_Set2                     
000003ed  TExaS_Set3                     
000003f9  TExaS_Set4                     
000003fb  TExaS_Set5                     
00000407  TExaS_Set6                     
00000413  TExaS_Clear0                   
0000041f  TExaS_Clear1                   
0000042b  TExaS_Clear2                   
00000437  TExaS_Clear3                   
00000443  TExaS_Clear4                   
00000445  TExaS_Clear5                   
00000451  TExaS_Clear6                   
00000475  ADC_Init                       
00000551  TExaS_Init                     
000006b1  TExaS_Stop                     
00000a0b  CalibrateIRSensors             
00000a61  LeftConvert                    
00000aa9  CenterConvert                  
00000af1  RightConvert                   
00000b7d  SystemCoreClockUpdate          
00000df1  SystemInit                     
00000ea9  Motor_Init                     
00000f31  Motor_Stop                     
00000f55  Motor_Forward                  
00000f85  Motor_Right                    
00000fbf  Motor_Left                     
00000ff9  Motor_Backward                 
00001029  Motor_RotateAngle              
000010d5  Motor_ForwardDist              
000011cd  TimedPause                     
000011ed  ControlMotors                  
0000123f  CheckForLine                   
0000125b  WanderMode                     
000012e1  LineFollowMode                 
00001333  main                           
00001471  Reflectance_Init               
00001481  Port5_Init                     
000014b5  Port9_Init                     
000014e9  Port7_Init                     
00001509  Port7_Output_ChargeCap         
0000151f  Port7_InitToInput              
0000152b  Reflectance_Read               
00001579  Reflectance_Center             
0000159b  Reflectance_Position           
00001619  Reflectance_Start              
0000163f  Reflectance_End                
000016a9  __aeabi_ldivmod                
000018c7  __aeabi_ldiv0                  
000018c9  Clock_Init48MHz                
000019df  Clock_GetFreq                  
000019e5  delay                          
000019f3  Clock_Delay1us                 
00001a1d  Clock_Delay1ms                 
00001aa9  tachometerRightInt             
00001aef  tachometerLeftInt              
00001b35  Tachometer_Init                
00001ba5  Tachometer_Get                 
00001c49  ADC0_InitSWTriggerCh12         
00001c99  ADC_In12                       
00001cb9  ADC0_InitSWTriggerCh17_12_16   
00001d29  ADC_In17_12_16                 
00001dad  Bump_Init                      
00001e23  Bump_Read                      
00001ea3  PORT4_IRQHandler               
00001ea3  PORT4_IRQHandler               
00001f09  __aeabi_ddiv                   
0000203f  __mpu_init                     
00002041  ta3dummy                       
0000204d  TimerA3Capture_Init            
000020d3  TA3_0_IRQHandler               
000020d3  TA3_0_IRQHandler               
000020ed  TA3_N_IRQHandler               
000020ed  TA3_N_IRQHandler               
00002145  __aeabi_dmul                   
00002241  LaunchPad_Init                 
000022b1  LaunchPad_Input                
000022cb  LaunchPad_LED                  
000022e9  LaunchPad_Output               
00002335  PWM_Init34                     
000023b9  PWM_Duty3                      
000023d9  PWM_Duty4                      
00002421  TimerA1_Init                   
0000247f  TimerA1_Stop                   
00002493  TA1_0_IRQHandler               
00002493  TA1_0_IRQHandler               
000024c9  __aeabi_memcpy                 
000024c9  __aeabi_memcpy4                
000024c9  __aeabi_memcpy8                
000024c9  memcpy                         
00002565  __aeabi_memclr                 
00002565  __aeabi_memclr4                
00002565  __aeabi_memclr8                
00002567  __aeabi_memset                 
00002567  __aeabi_memset4                
00002567  __aeabi_memset8                
0000256d  memset                         
000025df  _system_post_cinit             
000025e1  __TI_auto_init                 
00002651  __TI_decompress_lzss           
000026b9  _c_int00                       
0000270d  C$$EXIT                        
00002711  abort                          
00002719  exit                           
00002761  copy_in                        
000027ad  __aeabi_d2uiz                  
000027f1  __aeabi_i2d                    
0000281f  DisableInterrupts              
00002825  EnableInterrupts               
0000282b  StartCritical                  
00002835  EndCritical                    
0000283d  WaitForInterrupt               
00002845  _args_main                     
0000285d  __aeabi_lmul                   
00002875  _register_unlock               
0000287b  _register_lock                 
00002883  _nop                           
00002889  __TI_decompress_none           
00002897  Reset_Handler                  
000028a3  ADC14_IRQHandler               
000028a3  AES256_IRQHandler              
000028a3  BusFault_Handler               
000028a3  COMP_E0_IRQHandler             
000028a3  COMP_E1_IRQHandler             
000028a3  CS_IRQHandler                  
000028a3  DMA_ERR_IRQHandler             
000028a3  DMA_INT0_IRQHandler            
000028a3  DMA_INT1_IRQHandler            
000028a3  DMA_INT2_IRQHandler            
000028a3  DMA_INT3_IRQHandler            
000028a3  DebugMon_Handler               
000028a3  Default_Handler                
000028a3  EUSCIA0_IRQHandler             
000028a3  EUSCIA1_IRQHandler             
000028a3  EUSCIA2_IRQHandler             
000028a3  EUSCIA3_IRQHandler             
000028a3  EUSCIB0_IRQHandler             
000028a3  EUSCIB1_IRQHandler             
000028a3  EUSCIB2_IRQHandler             
000028a3  EUSCIB3_IRQHandler             
000028a3  FLCTL_IRQHandler               
000028a3  FPU_IRQHandler                 
000028a3  HardFault_Handler              
000028a3  MemManage_Handler              
000028a3  NMI_Handler                    
000028a3  PCM_IRQHandler                 
000028a3  PORT1_IRQHandler               
000028a3  PORT2_IRQHandler               
000028a3  PORT3_IRQHandler               
000028a3  PORT5_IRQHandler               
000028a3  PORT6_IRQHandler               
000028a3  PSS_IRQHandler                 
000028a3  PendSV_Handler                 
000028a3  RTC_C_IRQHandler               
000028a3  SVC_Handler                    
000028a3  SysTick_Handler                
000028a3  T32_INT2_IRQHandler            
000028a3  T32_INTC_IRQHandler            
000028a3  TA0_0_IRQHandler               
000028a3  TA0_N_IRQHandler               
000028a3  TA1_N_IRQHandler               
000028a3  TA2_0_IRQHandler               
000028a3  TA2_N_IRQHandler               
000028a3  UsageFault_Handler             
000028a3  WDT_A_IRQHandler               
000028a5  __TI_zero_init                 
000028b1  _system_pre_init               
000028b4  fsm                            
00002990  __TI_Handler_Table_Base        
0000299c  __TI_Handler_Table_Limit       
000029a8  __TI_CINIT_Base                
000029b8  __TI_CINIT_Limit               
20000024  ClockFrequency                 
20000028  Prewait                        
2000002c  CPMwait                        
20000030  Postwait                       
20000034  IFlags                         
20000038  Crystalstable                  
2000003c  __TI_cleanup_ptr               
20000040  __TI_dtors_ptr                 
20000044  __TI_enable_exit_profile_output
20000090  TExaS_ScopeErrLostData         
20000094  TExaS_ScopeErrConflict         
20000098  TExaS_ScopeWrnReconfig         
2000009c  Tachometer_RightSteps          
200000a0  Tachometer_LeftSteps           
200000a4  Tachometer_RightDir            
200000a5  Tachometer_LeftDir             
200000a8  _lock                          
200000ac  _unlock                        
200000b0  currentMode                    
200000b1  collision_detected             
200000b2  collision_bumpstate            
200000b4  Spt                            
200000b8  CaptureTask0                   
200000bc  CaptureTask2                   
200000c0  main_func_sp                   
200000c4  SystemCoreClock                
200000c8  PeriodicTask2                  
200000cc  Port4Task                      
200000d0  TimerA1Task                    
200000d4  center_mm                      
200000d8  left_mm                        
200000dc  right_mm                       
200000e0  Tachometer_FirstLeftTime       
200000e2  Tachometer_FirstRightTime      
200000e4  Tachometer_SecondLeftTime      
200000e6  Tachometer_SecondRightTime     
200000e8  LogicData                      
200000e9  bumpState                      
200000ea  reflectance                    
2000fe00  __stack                        
20010000  __STACK_END                    
4000480c  WDTCTL_SYM                     
ffffffff  __TI_pprof_out_hndl            
ffffffff  __TI_prof_data_size            
ffffffff  __TI_prof_data_start           
ffffffff  __binit__                      
ffffffff  __c_args__                     
ffffffff  binit                          
UNDEFED   SHT$$INIT_ARRAY$$Base          
UNDEFED   SHT$$INIT_ARRAY$$Limit         

[256 symbols]
