******************************************************************************
                  TI ARM Linker PC v16.9.6                     
******************************************************************************
>> Linked Tue Oct 21 15:53:15 2025

OUTPUT FILE NAME:   <M_TimerCompare_Motor_MotorTurnReflectance.out>
ENTRY POINT SYMBOL: "_c_int00"  address: 000016a9


MEMORY CONFIGURATION

         name            origin    length      used     unused   attr    fill
----------------------  --------  ---------  --------  --------  ----  --------
  MAIN                  00000000   00040000  0000187a  0003e786  R  X
  INFO                  00200000   00004000  00000000  00004000  R  X
  SRAM_CODE             01000000   00010000  00000251  0000fdaf  RW X
  SRAM_DATA             20000000   00010000  00000251  0000fdaf  RW  


SEGMENT ALLOCATION MAP

run origin  load origin   length   init length attrs members
----------  ----------- ---------- ----------- ----- -------
00000000    00000000    00001880   00001880    r-x
  00000000    00000000    000000e4   000000e4    r-- .intvecs
  000000e4    000000e4    00001736   00001736    r-x .text
  0000181c    0000181c    00000020   00000020    r-- .const
  00001840    00001840    00000040   00000040    r-- .cinit
20000000    20000000    00000054   00000000    rw-
  20000000    20000000    00000041   00000000    rw- .data
  20000044    20000044    00000010   00000000    rw- .bss
2000fe00    2000fe00    00000200   00000000    rw-
  2000fe00    2000fe00    00000200   00000000    rw- .stack


SECTION ALLOCATION MAP

 output                                  attributes/
section   page    origin      length       input sections
--------  ----  ----------  ----------   ----------------
.intvecs   0    00000000    000000e4     
                  00000000    000000e4     startup_msp432p401r_ccs.obj (.intvecs:retain)

.binit     0    00000000    00000000     

.text      0    000000e4    00001736     
                  000000e4    00000630     TExaS.obj (.text)
                  00000714    0000032c     system_msp432p401r.obj (.text)
                  00000a40    0000022c     Reflectance.obj (.text)
                  00000c6c    000001e0     Clock.obj (.text)
                  00000e4c    000001b0     Motor.obj (.text)
                  00000ffc    0000015c     Bump.obj (.text)
                  00001158    000000f4     LaunchPad.obj (.text)
                  0000124c    000000ec     PWM.obj (.text)
                  00001338    000000d8     Lab3_Timersmain.obj (.text)
                  00001410    000000a8     TimerA1.obj (.text)
                  000014b8    0000009c     rtsv7M4_T_le_v4SPD16_eabi.lib : memcpy_t2.obj (.text)
                  00001554    0000007a                                   : memset_t2.obj (.text)
                  000015ce    00000002                                   : mpu_init.obj (.text)
                  000015d0    00000070                                   : autoinit.obj (.text)
                  00001640    00000068                                   : copy_decompress_lzss.obj (.text:decompress:lzss)
                  000016a8    00000054                                   : boot.obj (.text)
                  000016fc    00000054                                   : exit.obj (.text)
                  00001750    0000004c                                   : cpy_tbl.obj (.text)
                  0000179c    00000024     CortexM.obj (.text)
                  000017c0    00000018     rtsv7M4_T_le_v4SPD16_eabi.lib : args_main.obj (.text)
                  000017d8    00000014                                   : _lock.obj (.text)
                  000017ec    0000000e                                   : copy_decompress_none.obj (.text:decompress:none)
                  000017fa    0000000e     startup_msp432p401r_ccs.obj (.text)
                  00001808    0000000c     rtsv7M4_T_le_v4SPD16_eabi.lib : copy_zero_init.obj (.text:decompress:ZI)
                  00001814    00000004                                   : pre_init.obj (.text)
                  00001818    00000002                                   : startup.obj (.text)

.const     0    0000181c    00000020     
                  0000181c    00000020     Reflectance.obj (.const:$P$T0$1)

.cinit     0    00001840    00000040     
                  00001840    00000017     (.cinit..data.load) [load image, compression = lzss]
                  00001857    00000001     --HOLE-- [fill = 0]
                  00001858    0000000c     (__TI_handler_table)
                  00001864    00000004     --HOLE-- [fill = 0]
                  00001868    00000008     (.cinit..bss.load) [load image, compression = zero_init]
                  00001870    00000010     (__TI_cinit_table)

.init_array 
*          0    00000000    00000000     UNINITIALIZED

.data      0    20000000    00000041     UNINITIALIZED
                  20000000    00000018     Clock.obj (.data)
                  20000018    0000000c     rtsv7M4_T_le_v4SPD16_eabi.lib : exit.obj (.data:$O1$$)
                  20000024    0000000c     TExaS.obj (.data)
                  20000030    00000008     rtsv7M4_T_le_v4SPD16_eabi.lib : _lock.obj (.data:$O1$$)
                  20000038    00000004                                   : stkdepth_vars.obj (.data)
                  2000003c    00000004     system_msp432p401r.obj (.data)
                  20000040    00000001     Lab3_Timersmain.obj (.data)

.bss       0    20000044    00000010     UNINITIALIZED
                  20000044    00000004     (.common:PeriodicTask2)
                  20000048    00000004     (.common:Port4Task)
                  2000004c    00000004     (.common:TimerA1Task)
                  20000050    00000001     (.common:LogicData)
                  20000051    00000001     (.common:bumpState)
                  20000052    00000001     (.common:reflectance_data)
                  20000053    00000001     (.common:sensor1)

.stack     0    2000fe00    00000200     UNINITIALIZED
                  2000fe00    00000200     --HOLE--

MODULE SUMMARY

       Module                        code   ro data   rw data
       ------                        ----   -------   -------
    .\
       TExaS.obj                     1584   0         34     
       system_msp432p401r.obj        812    0         8      
       Reflectance.obj               556    32        0      
       Clock.obj                     480    0         48     
       Motor.obj                     432    0         0      
       Bump.obj                      348    0         8      
       LaunchPad.obj                 244    0         0      
       startup_msp432p401r_ccs.obj   14     228       0      
       PWM.obj                       236    0         0      
       Lab3_Timersmain.obj           216    0         8      
       TimerA1.obj                   168    0         8      
       CortexM.obj                   36     0         0      
    +--+-----------------------------+------+---------+---------+
       Total:                        5126   260       114    
                                                             
    C:\ti\ccsv7\tools\compiler\ti-cgt-arm_16.9.6.LTS\lib\rtsv7M4_T_le_v4SPD16_eabi.lib
       memcpy_t2.obj                 156    0         0      
       memset_t2.obj                 122    0         0      
       autoinit.obj                  112    0         0      
       exit.obj                      84     0         24     
       copy_decompress_lzss.obj      104    0         0      
       boot.obj                      84     0         0      
       cpy_tbl.obj                   76     0         0      
       _lock.obj                     20     0         16     
       args_main.obj                 24     0         0      
       copy_decompress_none.obj      14     0         0      
       copy_zero_init.obj            12     0         0      
       stkdepth_vars.obj             0      0         8      
       pre_init.obj                  4      0         0      
       mpu_init.obj                  2      0         0      
       startup.obj                   2      0         0      
    +--+-----------------------------+------+---------+---------+
       Total:                        816    0         48     
                                                             
       Stack:                        0      0         1024   
       Linker Generated:             0      59        0      
    +--+-----------------------------+------+---------+---------+
       Grand Total:                  5942   319       1186   


LINKER GENERATED COPY TABLES

__TI_cinit_table @ 00001870 records: 2, size/record: 8, table size: 16
	.data: load addr=00001840, load size=00000017 bytes, run addr=20000000, run size=00000041 bytes, compression=lzss
	.bss: load addr=00001868, load size=00000008 bytes, run addr=20000044, run size=00000010 bytes, compression=zero_init


LINKER GENERATED HANDLER TABLE

__TI_handler_table @ 00001858 records: 3, size/record: 4, table size: 12
	index: 0, handler: __TI_decompress_lzss
	index: 1, handler: __TI_decompress_none
	index: 2, handler: __TI_zero_init


GLOBAL SYMBOLS: SORTED ALPHABETICALLY BY Name 

address   name                           
-------   ----                           
00001807  ADC14_IRQHandler               
00000475  ADC_Init                       
00001807  AES256_IRQHandler              
00000ffd  Bump_Init                      
00001073  Bump_Read                      
00001807  BusFault_Handler               
000016fd  C$$EXIT                        
00001807  COMP_E0_IRQHandler             
00001807  COMP_E1_IRQHandler             
20000008  CPMwait                        
00001807  CS_IRQHandler                  
20000000  ClockFrequency                 
00000dc1  Clock_Delay1ms                 
00000d97  Clock_Delay1us                 
00000d83  Clock_GetFreq                  
00000c6d  Clock_Init48MHz                
20000014  Crystalstable                  
00001807  DMA_ERR_IRQHandler             
00001807  DMA_INT0_IRQHandler            
00001807  DMA_INT1_IRQHandler            
00001807  DMA_INT2_IRQHandler            
00001807  DMA_INT3_IRQHandler            
00001807  DebugMon_Handler               
00001807  Default_Handler                
0000179d  DisableInterrupts              
00001807  EUSCIA0_IRQHandler             
00001807  EUSCIA1_IRQHandler             
00001807  EUSCIA2_IRQHandler             
00001807  EUSCIA3_IRQHandler             
00001807  EUSCIB0_IRQHandler             
00001807  EUSCIB1_IRQHandler             
00001807  EUSCIB2_IRQHandler             
00001807  EUSCIB3_IRQHandler             
000017a3  EnableInterrupts               
000017b3  EndCritical                    
00001807  FLCTL_IRQHandler               
00001807  FPU_IRQHandler                 
00001807  HardFault_Handler              
20000010  IFlags                         
00001159  LaunchPad_Init                 
000011c9  LaunchPad_Input                
000011e3  LaunchPad_LED                  
00001201  LaunchPad_Output               
000000e5  LogicAnalyzer                  
000000ef  LogicAnalyzer_P1               
000001c5  LogicAnalyzer_P10              
000000fd  LogicAnalyzer_P2               
0000010b  LogicAnalyzer_P2_7654          
0000011b  LogicAnalyzer_P3               
00000129  LogicAnalyzer_P4               
00000147  LogicAnalyzer_P4_765320        
00000137  LogicAnalyzer_P4_765432        
0000017f  LogicAnalyzer_P5               
0000018d  LogicAnalyzer_P6               
0000019b  LogicAnalyzer_P7               
000001a9  LogicAnalyzer_P8               
000001b7  LogicAnalyzer_P9               
20000050  LogicData                      
00001807  MemManage_Handler              
00000f9d  Motor_Backward                 
00000ef9  Motor_Forward                  
00000e4d  Motor_Init                     
00000f63  Motor_Left                     
00000f29  Motor_Right                    
00000ed5  Motor_Stop                     
00001807  NMI_Handler                    
00001807  PCM_IRQHandler                 
00001807  PORT1_IRQHandler               
00001807  PORT2_IRQHandler               
00001807  PORT3_IRQHandler               
000010f3  PORT4_IRQHandler               
000010f3  PORT4_IRQHandler               
00001807  PORT5_IRQHandler               
00001807  PORT6_IRQHandler               
00001807  PSS_IRQHandler                 
000012d1  PWM_Duty3                      
000012f1  PWM_Duty4                      
0000124d  PWM_Init34                     
00001807  PendSV_Handler                 
20000044  PeriodicTask2                  
00000257  PeriodicTask2_Init             
000002d1  PeriodicTask2_Stop             
20000048  Port4Task                      
00000a51  Port5_Init                     
00000ab9  Port7_Init                     
00000aef  Port7_InitToInput              
00000ad9  Port7_Output_ChargeCap         
00000a85  Port9_Init                     
2000000c  Postwait                       
20000004  Prewait                        
00001807  RTC_C_IRQHandler               
00000b49  Reflectance_Center             
00000c05  Reflectance_End                
00000a41  Reflectance_Init               
00000b6b  Reflectance_Position           
00000afb  Reflectance_Read               
00000bdf  Reflectance_Start              
000017fb  Reset_Handler                  
UNDEFED   SHT$$INIT_ARRAY$$Base          
UNDEFED   SHT$$INIT_ARRAY$$Limit         
00001807  SVC_Handler                    
000001d3  Scope                          
000017a9  StartCritical                  
00001807  SysTick_Handler                
2000003c  SystemCoreClock                
00000715  SystemCoreClockUpdate          
00000989  SystemInit                     
000002c1  T32_INT1_IRQHandler            
000002c1  T32_INT1_IRQHandler            
00001807  T32_INT2_IRQHandler            
00001807  T32_INTC_IRQHandler            
00001807  TA0_0_IRQHandler               
00001807  TA0_N_IRQHandler               
00001483  TA1_0_IRQHandler               
00001483  TA1_0_IRQHandler               
00001807  TA1_N_IRQHandler               
00001807  TA2_0_IRQHandler               
00001807  TA2_N_IRQHandler               
00001807  TA3_0_IRQHandler               
00001807  TA3_N_IRQHandler               
00000413  TExaS_Clear0                   
0000041f  TExaS_Clear1                   
0000042b  TExaS_Clear2                   
00000437  TExaS_Clear3                   
00000443  TExaS_Clear4                   
00000445  TExaS_Clear5                   
00000451  TExaS_Clear6                   
00000551  TExaS_Init                     
20000028  TExaS_ScopeErrConflict         
20000024  TExaS_ScopeErrLostData         
2000002c  TExaS_ScopeWrnReconfig         
000003b1  TExaS_Set                      
000003c9  TExaS_Set0                     
000003d5  TExaS_Set1                     
000003e1  TExaS_Set2                     
000003ed  TExaS_Set3                     
000003f9  TExaS_Set4                     
000003fb  TExaS_Set5                     
00000407  TExaS_Set6                     
000006b1  TExaS_Stop                     
00000367  TExaS_Task0                    
00000373  TExaS_Task1                    
0000037f  TExaS_Task2                    
0000038b  TExaS_Task3                    
00000397  TExaS_Task4                    
00000399  TExaS_Task5                    
000003a5  TExaS_Task6                    
00001359  Task                           
00001339  TimedPause                     
2000004c  TimerA1Task                    
00001411  TimerA1_Init                   
0000146f  TimerA1_Stop                   
0000033b  UART_InChar                    
000002e1  UART_Init                      
0000034b  UART_OutChar                   
00001807  UsageFault_Handler             
4000480c  WDTCTL_SYM                     
00001807  WDT_A_IRQHandler               
000017bb  WaitForInterrupt               
20010000  __STACK_END                    
00000200  __STACK_SIZE                   
00001870  __TI_CINIT_Base                
00001880  __TI_CINIT_Limit               
00001858  __TI_Handler_Table_Base        
00001864  __TI_Handler_Table_Limit       
000015d1  __TI_auto_init                 
20000018  __TI_cleanup_ptr               
00001641  __TI_decompress_lzss           
000017ed  __TI_decompress_none           
2000001c  __TI_dtors_ptr                 
20000020  __TI_enable_exit_profile_output
ffffffff  __TI_pprof_out_hndl            
ffffffff  __TI_prof_data_size            
ffffffff  __TI_prof_data_start           
00000000  __TI_static_base__             
00001809  __TI_zero_init                 
00001555  __aeabi_memclr                 
00001555  __aeabi_memclr4                
00001555  __aeabi_memclr8                
000014b9  __aeabi_memcpy                 
000014b9  __aeabi_memcpy4                
000014b9  __aeabi_memcpy8                
00001557  __aeabi_memset                 
00001557  __aeabi_memset4                
00001557  __aeabi_memset8                
ffffffff  __binit__                      
ffffffff  __c_args__                     
000015cf  __mpu_init                     
2000fe00  __stack                        
000017c1  _args_main                     
000016a9  _c_int00                       
20000030  _lock                          
000017e7  _nop                           
000017df  _register_lock                 
000017d9  _register_unlock               
00001819  _system_post_cinit             
00001815  _system_pre_init               
20000034  _unlock                        
00001701  abort                          
ffffffff  binit                          
20000051  bumpState                      
00001751  copy_in                        
00000d89  delay                          
00001709  exit                           
00000000  interruptVectors               
00001365  main                           
20000038  main_func_sp                   
000014b9  memcpy                         
0000155d  memset                         
20000040  mission_complete               
20000052  reflectance_data               
20000053  sensor1                        


GLOBAL SYMBOLS: SORTED BY Symbol Address 

address   name                           
-------   ----                           
00000000  __TI_static_base__             
00000000  interruptVectors               
000000e5  LogicAnalyzer                  
000000ef  LogicAnalyzer_P1               
000000fd  LogicAnalyzer_P2               
0000010b  LogicAnalyzer_P2_7654          
0000011b  LogicAnalyzer_P3               
00000129  LogicAnalyzer_P4               
00000137  LogicAnalyzer_P4_765432        
00000147  LogicAnalyzer_P4_765320        
0000017f  LogicAnalyzer_P5               
0000018d  LogicAnalyzer_P6               
0000019b  LogicAnalyzer_P7               
000001a9  LogicAnalyzer_P8               
000001b7  LogicAnalyzer_P9               
000001c5  LogicAnalyzer_P10              
000001d3  Scope                          
00000200  __STACK_SIZE                   
00000257  PeriodicTask2_Init             
000002c1  T32_INT1_IRQHandler            
000002c1  T32_INT1_IRQHandler            
000002d1  PeriodicTask2_Stop             
000002e1  UART_Init                      
0000033b  UART_InChar                    
0000034b  UART_OutChar                   
00000367  TExaS_Task0                    
00000373  TExaS_Task1                    
0000037f  TExaS_Task2                    
0000038b  TExaS_Task3                    
00000397  TExaS_Task4                    
00000399  TExaS_Task5                    
000003a5  TExaS_Task6                    
000003b1  TExaS_Set                      
000003c9  TExaS_Set0                     
000003d5  TExaS_Set1                     
000003e1  TExaS_Set2                     
000003ed  TExaS_Set3                     
000003f9  TExaS_Set4                     
000003fb  TExaS_Set5                     
00000407  TExaS_Set6                     
00000413  TExaS_Clear0                   
0000041f  TExaS_Clear1                   
0000042b  TExaS_Clear2                   
00000437  TExaS_Clear3                   
00000443  TExaS_Clear4                   
00000445  TExaS_Clear5                   
00000451  TExaS_Clear6                   
00000475  ADC_Init                       
00000551  TExaS_Init                     
000006b1  TExaS_Stop                     
00000715  SystemCoreClockUpdate          
00000989  SystemInit                     
00000a41  Reflectance_Init               
00000a51  Port5_Init                     
00000a85  Port9_Init                     
00000ab9  Port7_Init                     
00000ad9  Port7_Output_ChargeCap         
00000aef  Port7_InitToInput              
00000afb  Reflectance_Read               
00000b49  Reflectance_Center             
00000b6b  Reflectance_Position           
00000bdf  Reflectance_Start              
00000c05  Reflectance_End                
00000c6d  Clock_Init48MHz                
00000d83  Clock_GetFreq                  
00000d89  delay                          
00000d97  Clock_Delay1us                 
00000dc1  Clock_Delay1ms                 
00000e4d  Motor_Init                     
00000ed5  Motor_Stop                     
00000ef9  Motor_Forward                  
00000f29  Motor_Right                    
00000f63  Motor_Left                     
00000f9d  Motor_Backward                 
00000ffd  Bump_Init                      
00001073  Bump_Read                      
000010f3  PORT4_IRQHandler               
000010f3  PORT4_IRQHandler               
00001159  LaunchPad_Init                 
000011c9  LaunchPad_Input                
000011e3  LaunchPad_LED                  
00001201  LaunchPad_Output               
0000124d  PWM_Init34                     
000012d1  PWM_Duty3                      
000012f1  PWM_Duty4                      
00001339  TimedPause                     
00001359  Task                           
00001365  main                           
00001411  TimerA1_Init                   
0000146f  TimerA1_Stop                   
00001483  TA1_0_IRQHandler               
00001483  TA1_0_IRQHandler               
000014b9  __aeabi_memcpy                 
000014b9  __aeabi_memcpy4                
000014b9  __aeabi_memcpy8                
000014b9  memcpy                         
00001555  __aeabi_memclr                 
00001555  __aeabi_memclr4                
00001555  __aeabi_memclr8                
00001557  __aeabi_memset                 
00001557  __aeabi_memset4                
00001557  __aeabi_memset8                
0000155d  memset                         
000015cf  __mpu_init                     
000015d1  __TI_auto_init                 
00001641  __TI_decompress_lzss           
000016a9  _c_int00                       
000016fd  C$$EXIT                        
00001701  abort                          
00001709  exit                           
00001751  copy_in                        
0000179d  DisableInterrupts              
000017a3  EnableInterrupts               
000017a9  StartCritical                  
000017b3  EndCritical                    
000017bb  WaitForInterrupt               
000017c1  _args_main                     
000017d9  _register_unlock               
000017df  _register_lock                 
000017e7  _nop                           
000017ed  __TI_decompress_none           
000017fb  Reset_Handler                  
00001807  ADC14_IRQHandler               
00001807  AES256_IRQHandler              
00001807  BusFault_Handler               
00001807  COMP_E0_IRQHandler             
00001807  COMP_E1_IRQHandler             
00001807  CS_IRQHandler                  
00001807  DMA_ERR_IRQHandler             
00001807  DMA_INT0_IRQHandler            
00001807  DMA_INT1_IRQHandler            
00001807  DMA_INT2_IRQHandler            
00001807  DMA_INT3_IRQHandler            
00001807  DebugMon_Handler               
00001807  Default_Handler                
00001807  EUSCIA0_IRQHandler             
00001807  EUSCIA1_IRQHandler             
00001807  EUSCIA2_IRQHandler             
00001807  EUSCIA3_IRQHandler             
00001807  EUSCIB0_IRQHandler             
00001807  EUSCIB1_IRQHandler             
00001807  EUSCIB2_IRQHandler             
00001807  EUSCIB3_IRQHandler             
00001807  FLCTL_IRQHandler               
00001807  FPU_IRQHandler                 
00001807  HardFault_Handler              
00001807  MemManage_Handler              
00001807  NMI_Handler                    
00001807  PCM_IRQHandler                 
00001807  PORT1_IRQHandler               
00001807  PORT2_IRQHandler               
00001807  PORT3_IRQHandler               
00001807  PORT5_IRQHandler               
00001807  PORT6_IRQHandler               
00001807  PSS_IRQHandler                 
00001807  PendSV_Handler                 
00001807  RTC_C_IRQHandler               
00001807  SVC_Handler                    
00001807  SysTick_Handler                
00001807  T32_INT2_IRQHandler            
00001807  T32_INTC_IRQHandler            
00001807  TA0_0_IRQHandler               
00001807  TA0_N_IRQHandler               
00001807  TA1_N_IRQHandler               
00001807  TA2_0_IRQHandler               
00001807  TA2_N_IRQHandler               
00001807  TA3_0_IRQHandler               
00001807  TA3_N_IRQHandler               
00001807  UsageFault_Handler             
00001807  WDT_A_IRQHandler               
00001809  __TI_zero_init                 
00001815  _system_pre_init               
00001819  _system_post_cinit             
00001858  __TI_Handler_Table_Base        
00001864  __TI_Handler_Table_Limit       
00001870  __TI_CINIT_Base                
00001880  __TI_CINIT_Limit               
20000000  ClockFrequency                 
20000004  Prewait                        
20000008  CPMwait                        
2000000c  Postwait                       
20000010  IFlags                         
20000014  Crystalstable                  
20000018  __TI_cleanup_ptr               
2000001c  __TI_dtors_ptr                 
20000020  __TI_enable_exit_profile_output
20000024  TExaS_ScopeErrLostData         
20000028  TExaS_ScopeErrConflict         
2000002c  TExaS_ScopeWrnReconfig         
20000030  _lock                          
20000034  _unlock                        
20000038  main_func_sp                   
2000003c  SystemCoreClock                
20000040  mission_complete               
20000044  PeriodicTask2                  
20000048  Port4Task                      
2000004c  TimerA1Task                    
20000050  LogicData                      
20000051  bumpState                      
20000052  reflectance_data               
20000053  sensor1                        
2000fe00  __stack                        
20010000  __STACK_END                    
4000480c  WDTCTL_SYM                     
ffffffff  __TI_pprof_out_hndl            
ffffffff  __TI_prof_data_size            
ffffffff  __TI_prof_data_start           
ffffffff  __binit__                      
ffffffff  __c_args__                     
ffffffff  binit                          
UNDEFED   SHT$$INIT_ARRAY$$Base          
UNDEFED   SHT$$INIT_ARRAY$$Limit         

[212 symbols]
