******************************************************************************
                  TI ARM Linker PC v16.9.6                     
******************************************************************************
>> Linked Tue Oct 28 14:34:00 2025

OUTPUT FILE NAME:   <H_ADC_IRSensors_ProximityFollowingAloy.out>
ENTRY POINT SYMBOL: "_c_int00"  address: 00003211


MEMORY CONFIGURATION

         name            origin    length      used     unused   attr    fill
----------------------  --------  ---------  --------  --------  ----  --------
  MAIN                  00000000   00040000  00003664  0003c99c  R  X
  INFO                  00200000   00004000  00000000  00004000  R  X
  SRAM_CODE             01000000   00010000  00003ab5  0000c54b  RW X
  SRAM_DATA             20000000   00010000  00003ab5  0000c54b  RW  


SEGMENT ALLOCATION MAP

run origin  load origin   length   init length attrs members
----------  ----------- ---------- ----------- ----- -------
00000000    00000000    00003668   00003668    r-x
  00000000    00000000    000000e4   000000e4    r-- .intvecs
  000000e4    000000e4    00003490   00003490    r-x .text
  00003578    00003578    000000f0   000000f0    r-- .cinit
20000000    20000000    000038bc   00000000    rw-
  20000000    20000000    00003221   00000000    rw- .bss
  20003228    20003228    00000400   00000000    rw- .sysmem
  20003628    20003628    00000294   00000000    rw- .data
2000fe00    2000fe00    00000200   00000000    rw-
  2000fe00    2000fe00    00000200   00000000    rw- .stack


SECTION ALLOCATION MAP

 output                                  attributes/
section   page    origin      length       input sections
--------  ----  ----------  ----------   ----------------
.intvecs   0    00000000    000000e4     
                  00000000    000000e4     startup_msp432p401r_ccs.obj (.intvecs:retain)

.binit     0    00000000    00000000     

.text      0    000000e4    00003490     
                  000000e4    000006e4     UART0.obj (.text)
                  000007c8    00000468     IRDistance.obj (.text)
                  00000c30    000003d0     rtsv7M4_T_le_v4SPD16_eabi.lib : memory.obj (.text)
                  00001000    0000032c     system_msp432p401r.obj (.text)
                  0000132c    00000324     Motor.obj (.text)
                  00001650    00000248     LPF.obj (.text)
                  00001898    0000023c     Lab4_ADCmain.obj (.text)
                  00001ad4    0000021e     rtsv7M4_T_le_v4SPD16_eabi.lib : ll_div_t2.obj (.text)
                  00001cf2    00000002                                   : l_div0.obj (.text)
                  00001cf4    000001e0     Clock.obj (.text)
                  00001ed4    000001c4     rtsv7M4_T_le_v4SPD16_eabi.lib : fopen.obj (.text)
                  00002098    000001a0     Tachometer.obj (.text)
                  00002238    00000164     ADC14.obj (.text)
                  0000239c    00000136     rtsv7M4_T_le_v4SPD16_eabi.lib : fd_div_t2.obj (.text)
                  000024d2    00000002                                   : mpu_init.obj (.text)
                  000024d4    00000104     TA3InputCapture.obj (.text)
                  000025d8    000000fc     rtsv7M4_T_le_v4SPD16_eabi.lib : fd_mul_t2.obj (.text)
                  000026d4    000000f4     LaunchPad.obj (.text)
                  000027c8    000000ec     PWM.obj (.text)
                  000028b4    000000dc     rtsv7M4_T_le_v4SPD16_eabi.lib : setvbuf.obj (.text)
                  00002990    000000c8                                   : fflush.obj (.text)
                  00002a58    000000bc                                   : open.obj (.text)
                  00002b14    000000b8                                   : add_device.obj (.text)
                  00002bcc    000000a8     TimerA1.obj (.text)
                  00002c74    0000009c     rtsv7M4_T_le_v4SPD16_eabi.lib : memcpy_t2.obj (.text)
                  00002d10    00000098                                   : fclose.obj (.text)
                  00002da8    0000007a                                   : memset_t2.obj (.text)
                  00002e22    00000002                                   : startup.obj (.text)
                  00002e24    00000070                                   : autoinit.obj (.text)
                  00002e94    00000070                                   : getdevice.obj (.text)
                  00002f04    00000068                                   : copy_decompress_lzss.obj (.text:decompress:lzss)
                  00002f6c    00000068                                   : hostlseek.obj (.text)
                  00002fd4    00000068                                   : hostrename.obj (.text)
                  0000303c    00000068                                   : trgmsg.obj (.text)
                  000030a4    00000060                                   : hostopen.obj (.text)
                  00003104    0000005c                                   : close.obj (.text)
                  00003160    00000058                                   : hostread.obj (.text)
                  000031b8    00000058                                   : hostwrite.obj (.text)
                  00003210    00000054                                   : boot.obj (.text)
                  00003264    00000054                                   : exit.obj (.text)
                  000032b8    0000004c                                   : cpy_tbl.obj (.text)
                  00003304    00000044                                   : fd_tou_t2.obj (.text)
                  00003348    00000044                                   : hostclose.obj (.text)
                  0000338c    00000044                                   : hostunlink.obj (.text)
                  000033d0    00000036                                   : strncpy.obj (.text)
                  00003406    0000002e                                   : i_tofd_t2.obj (.text)
                  00003434    0000002c                                   : unlink.obj (.text)
                  00003460    00000028                                   : write.obj (.text)
                  00003488    00000024     CortexM.obj (.text)
                  000034ac    00000018     rtsv7M4_T_le_v4SPD16_eabi.lib : args_main.obj (.text)
                  000034c4    00000018                                   : ll_mul_t2.obj (.text)
                  000034dc    00000018                                   : strcmp.obj (.text)
                  000034f4    00000016                                   : strchr.obj (.text)
                  0000350a    00000002     --HOLE-- [fill = 0]
                  0000350c    00000014                                   : _lock.obj (.text)
                  00003520    00000014                                   : strcpy.obj (.text)
                  00003534    00000014                                   : strlen.obj (.text)
                  00003548    0000000e                                   : copy_decompress_none.obj (.text:decompress:none)
                  00003556    0000000e     startup_msp432p401r_ccs.obj (.text)
                  00003564    0000000c     rtsv7M4_T_le_v4SPD16_eabi.lib : copy_zero_init.obj (.text:decompress:ZI)
                  00003570    00000004                                   : pre_init.obj (.text)

.cinit     0    00003578    000000f0     
                  00003578    000000c9     (.cinit..data.load) [load image, compression = lzss]
                  00003641    00000003     --HOLE-- [fill = 0]
                  00003644    0000000c     (__TI_handler_table)
                  00003650    00000008     (.cinit..bss.load) [load image, compression = zero_init]
                  00003658    00000010     (__TI_cinit_table)

.init_array 
*          0    00000000    00000000     UNINITIALIZED

.bss       0    20000000    00003221     UNINITIALIZED
                  20000000    00001000     (.common:x)
                  20001000    00001000     (.common:x2)
                  20002000    00001000     (.common:x3)
                  20003000    00000120     rtsv7M4_T_le_v4SPD16_eabi.lib : trgmsg.obj (.bss:_CIOBUF_)
                  20003120    000000a0     (.common:__TI_tmpnams)
                  200031c0    00000008     (.common:Messageb)
                  200031c8    00000008     (.common:parmbuf)
                  200031d0    00000004     (.common:ADCflag)
                  200031d4    00000004     (.common:I1)
                  200031d8    00000004     (.common:I2)
                  200031dc    00000004     (.common:I3)
                  200031e0    00000004     (.common:LPFSum)
                  200031e4    00000004     (.common:LPFSum2)
                  200031e8    00000004     (.common:LPFSum3)
                  200031ec    00000004     (.common:Messageindexb)
                  200031f0    00000004     (.common:Size)
                  200031f4    00000004     (.common:Size2)
                  200031f8    00000004     (.common:Size3)
                  200031fc    00000004     (.common:TimerA1Task)
                  20003200    00000004     (.common:center)
                  20003204    00000004     (.common:left)
                  20003208    00000004     (.common:nc)
                  2000320c    00000004     (.common:nl)
                  20003210    00000004     (.common:nr)
                  20003214    00000004     (.common:right)
                  20003218    00000002     (.common:Tachometer_FirstLeftTime)
                  2000321a    00000002     (.common:Tachometer_FirstRightTime)
                  2000321c    00000002     (.common:Tachometer_SecondLeftTime)
                  2000321e    00000002     (.common:Tachometer_SecondRightTime)
                  20003220    00000001     (.common:input)

.sysmem    0    20003228    00000400     UNINITIALIZED
                  20003228    00000008     rtsv7M4_T_le_v4SPD16_eabi.lib : memory.obj (.sysmem)
                  20003230    000003f8     --HOLE--

.data      0    20003628    00000294     UNINITIALIZED
                  20003628    000000f0     rtsv7M4_T_le_v4SPD16_eabi.lib : defs.obj (.data:_ftable)
                  20003718    00000078                                   : write.obj (.data:_device)
                  20003790    00000050                                   : write.obj (.data:_stream)
                  200037e0    00000024     IRDistance.obj (.data)
                  20003804    00000018     Clock.obj (.data)
                  2000381c    00000010     rtsv7M4_T_le_v4SPD16_eabi.lib : defs.obj (.data)
                  2000382c    0000000c                                   : exit.obj (.data:$O1$$)
                  20003838    0000000c                                   : memory.obj (.data:$O1$$)
                  20003844    0000000c     IRDistance.obj (.data:CAL_Center_ADC)
                  20003850    0000000c     IRDistance.obj (.data:CAL_Center_Dist)
                  2000385c    0000000c     IRDistance.obj (.data:CAL_Left_ADC)
                  20003868    0000000c     IRDistance.obj (.data:CAL_Left_Dist)
                  20003874    0000000c     IRDistance.obj (.data:CAL_Right_ADC)
                  20003880    0000000c     IRDistance.obj (.data:CAL_Right_Dist)
                  2000388c    0000000a     Tachometer.obj (.data)
                  20003896    00000002     --HOLE--
                  20003898    00000008     rtsv7M4_T_le_v4SPD16_eabi.lib : _lock.obj (.data:$O1$$)
                  200038a0    00000008     TA3InputCapture.obj (.data)
                  200038a8    00000004     rtsv7M4_T_le_v4SPD16_eabi.lib : add_device.obj (.data)
                  200038ac    00000004                                   : fopen.obj (.data)
                  200038b0    00000004                                   : open.obj (.data)
                  200038b4    00000004                                   : stkdepth_vars.obj (.data)
                  200038b8    00000004     system_msp432p401r.obj (.data)

.stack     0    2000fe00    00000200     UNINITIALIZED
                  2000fe00    00000200     --HOLE--

MODULE SUMMARY

       Module                        code    ro data   rw data
       ------                        ----    -------   -------
    .\
       LPF.obj                       584     0         24648  
       UART0.obj                     1764    0         24     
       IRDistance.obj                1128    0         216    
       system_msp432p401r.obj        812     0         8      
       Motor.obj                     804     0         0      
       Lab4_ADCmain.obj              572     0         58     
       Clock.obj                     480     0         48     
       Tachometer.obj                416     0         36     
       ADC14.obj                     356     0         0      
       TA3InputCapture.obj           260     0         16     
       LaunchPad.obj                 244     0         0      
       startup_msp432p401r_ccs.obj   14      228       0      
       PWM.obj                       236     0         0      
       TimerA1.obj                   168     0         8      
       CortexM.obj                   36      0         0      
    +--+-----------------------------+-------+---------+---------+
       Total:                        7874    228       25062  
                                                              
    C:\ti\ccsv7\tools\compiler\ti-cgt-arm_16.9.6.LTS\lib\rtsv7M4_T_le_v4SPD16_eabi.lib
       memory.obj                    976     0         24     
       defs.obj                      0       0         832    
       trgmsg.obj                    104     0         576    
       ll_div_t2.obj                 542     0         0      
       fopen.obj                     452     0         8      
       write.obj                     40      0         400    
       fd_div_t2.obj                 310     0         0      
       fd_mul_t2.obj                 252     0         0      
       setvbuf.obj                   220     0         0      
       fflush.obj                    200     0         0      
       open.obj                      188     0         8      
       add_device.obj                184     0         8      
       memcpy_t2.obj                 156     0         0      
       fclose.obj                    152     0         0      
       memset_t2.obj                 122     0         0      
       autoinit.obj                  112     0         0      
       getdevice.obj                 112     0         0      
       hostopen.obj                  96      0         16     
       exit.obj                      84      0         24     
       copy_decompress_lzss.obj      104     0         0      
       hostlseek.obj                 104     0         0      
       hostrename.obj                104     0         0      
       close.obj                     92      0         0      
       hostread.obj                  88      0         0      
       hostwrite.obj                 88      0         0      
       boot.obj                      84      0         0      
       cpy_tbl.obj                   76      0         0      
       fd_tou_t2.obj                 68      0         0      
       hostclose.obj                 68      0         0      
       hostunlink.obj                68      0         0      
       strncpy.obj                   54      0         0      
       i_tofd_t2.obj                 46      0         0      
       unlink.obj                    44      0         0      
       _lock.obj                     20      0         16     
       args_main.obj                 24      0         0      
       ll_mul_t2.obj                 24      0         0      
       strcmp.obj                    24      0         0      
       strchr.obj                    22      0         0      
       strcpy.obj                    20      0         0      
       strlen.obj                    20      0         0      
       copy_decompress_none.obj      14      0         0      
       copy_zero_init.obj            12      0         0      
       stkdepth_vars.obj             0       0         8      
       pre_init.obj                  4       0         0      
       l_div0.obj                    2       0         0      
       mpu_init.obj                  2       0         0      
       startup.obj                   2       0         0      
    +--+-----------------------------+-------+---------+---------+
       Total:                        5580    0         1920   
                                                              
       Heap:                         0       0         2048   
       Stack:                        0       0         1024   
       Linker Generated:             0       237       0      
    +--+-----------------------------+-------+---------+---------+
       Grand Total:                  13454   465       30054  


LINKER GENERATED COPY TABLES

__TI_cinit_table @ 00003658 records: 2, size/record: 8, table size: 16
	.data: load addr=00003578, load size=000000c9 bytes, run addr=20003628, run size=00000294 bytes, compression=lzss
	.bss: load addr=00003650, load size=00000008 bytes, run addr=20000000, run size=00003221 bytes, compression=zero_init


LINKER GENERATED HANDLER TABLE

__TI_handler_table @ 00003644 records: 3, size/record: 4, table size: 12
	index: 0, handler: __TI_decompress_lzss
	index: 1, handler: __TI_decompress_none
	index: 2, handler: __TI_zero_init


GLOBAL SYMBOLS: SORTED ALPHABETICALLY BY Name 

address   name                           
-------   ----                           
00002239  ADC0_InitSWTriggerCh12         
000022a9  ADC0_InitSWTriggerCh17_12_16   
00003563  ADC14_IRQHandler               
00002289  ADC_In12                       
00002319  ADC_In17_12_16                 
200031d0  ADCflag                        
00003563  AES256_IRQHandler              
00003563  BusFault_Handler               
00003265  C$$EXIT                        
0000306b  C$$IO$$                        
00003563  COMP_E0_IRQHandler             
00003563  COMP_E1_IRQHandler             
2000380c  CPMwait                        
00003563  CS_IRQHandler                  
00000abf  CalibrateIRSensors             
200038a0  CaptureTask0                   
200038a4  CaptureTask2                   
00000b5d  CenterConvert                  
20003804  ClockFrequency                 
00001e49  Clock_Delay1ms                 
00001e1f  Clock_Delay1us                 
00001e0b  Clock_GetFreq                  
00001cf5  Clock_Init48MHz                
20003818  Crystalstable                  
00003563  DMA_ERR_IRQHandler             
00003563  DMA_INT0_IRQHandler            
00003563  DMA_INT1_IRQHandler            
00003563  DMA_INT2_IRQHandler            
00003563  DMA_INT3_IRQHandler            
00003563  DebugMon_Handler               
00003563  Default_Handler                
00003489  DisableInterrupts              
00003563  EUSCIA0_IRQHandler             
00003563  EUSCIA1_IRQHandler             
00003563  EUSCIA2_IRQHandler             
00003563  EUSCIA3_IRQHandler             
00003563  EUSCIB0_IRQHandler             
00003563  EUSCIB1_IRQHandler             
00003563  EUSCIB2_IRQHandler             
00003563  EUSCIB3_IRQHandler             
0000348f  EnableInterrupts               
0000349f  EndCritical                    
00003563  FLCTL_IRQHandler               
00003563  FPU_IRQHandler                 
00003349  HOSTclose                      
00002f6d  HOSTlseek                      
000030a5  HOSTopen                       
00003161  HOSTread                       
00002fd5  HOSTrename                     
0000338d  HOSTunlink                     
000031b9  HOSTwrite                      
00003563  HardFault_Handler              
200031d4  I1                             
200031d8  I2                             
200031dc  I3                             
20003814  IFlags                         
200031e0  LPFSum                         
200031e4  LPFSum2                        
200031e8  LPFSum3                        
000016af  LPF_Calc                       
00001761  LPF_Calc2                      
00001813  LPF_Calc3                      
00001651  LPF_Init                       
00001703  LPF_Init2                      
000017b5  LPF_Init3                      
000026d5  LaunchPad_Init                 
00002745  LaunchPad_Input                
0000275f  LaunchPad_LED                  
0000277d  LaunchPad_Output               
00000b15  LeftConvert                    
00003563  MemManage_Handler              
200031c0  Messageb                       
200031ec  Messageindexb                  
0000147d  Motor_Backward                 
000013d9  Motor_Forward                  
00001559  Motor_ForwardDist              
0000132d  Motor_Init                     
00001443  Motor_Left                     
00001409  Motor_Right                    
000014ad  Motor_RotateAngle              
000013b5  Motor_Stop                     
00003563  NMI_Handler                    
00003563  PCM_IRQHandler                 
00003563  PORT1_IRQHandler               
00003563  PORT2_IRQHandler               
00003563  PORT3_IRQHandler               
00003563  PORT4_IRQHandler               
00003563  PORT5_IRQHandler               
00003563  PORT6_IRQHandler               
00003563  PSS_IRQHandler                 
0000284d  PWM_Duty3                      
0000286d  PWM_Duty4                      
000027c9  PWM_Init34                     
00003563  PendSV_Handler                 
20003810  Postwait                       
20003808  Prewait                        
00003563  RTC_C_IRQHandler               
00003557  Reset_Handler                  
00000ba5  RightConvert                   
UNDEFED   SHT$$INIT_ARRAY$$Base          
UNDEFED   SHT$$INIT_ARRAY$$Limit         
00003563  SVC_Handler                    
000018c3  SensorRead_ISR                 
200031f0  Size                           
200031f4  Size2                          
200031f8  Size3                          
00003495  StartCritical                  
00003563  SysTick_Handler                
200038b8  SystemCoreClock                
00001001  SystemCoreClockUpdate          
00001275  SystemInit                     
00003563  T32_INT1_IRQHandler            
00003563  T32_INT2_IRQHandler            
00003563  T32_INTC_IRQHandler            
00003563  TA0_0_IRQHandler               
00003563  TA0_N_IRQHandler               
00002c3f  TA1_0_IRQHandler               
00002c3f  TA1_0_IRQHandler               
00003563  TA1_N_IRQHandler               
00003563  TA2_0_IRQHandler               
00003563  TA2_N_IRQHandler               
00002567  TA3_0_IRQHandler               
00002567  TA3_0_IRQHandler               
00002581  TA3_N_IRQHandler               
00002581  TA3_N_IRQHandler               
20003218  Tachometer_FirstLeftTime       
2000321a  Tachometer_FirstRightTime      
00002195  Tachometer_Get                 
00002125  Tachometer_Init                
20003895  Tachometer_LeftDir             
20003890  Tachometer_LeftSteps           
20003894  Tachometer_RightDir            
2000388c  Tachometer_RightSteps          
2000321c  Tachometer_SecondLeftTime      
2000321e  Tachometer_SecondRightTime     
00001899  TimedPause                     
200031fc  TimerA1Task                    
00002bcd  TimerA1_Init                   
00002c2b  TimerA1_Stop                   
000024e1  TimerA3Capture_Init            
0000012b  UART0_InChar                   
000005d9  UART0_InString                 
00000175  UART0_InUDec                   
0000048d  UART0_InUHex                   
000000e5  UART0_Init                     
0000073b  UART0_Initprintf               
0000013b  UART0_OutChar                  
00000157  UART0_OutString                
00000229  UART0_OutUBin                  
000001f9  UART0_OutUDec                  
000003a5  UART0_OutUDec4                 
000003e9  UART0_OutUDec5                 
0000041b  UART0_OutUFix1                 
00000443  UART0_OutUFix2                 
00000551  UART0_OutUHex                  
000005bd  UART0_OutUHex2                 
00003563  UsageFault_Handler             
4000480c  WDTCTL_SYM                     
00003563  WDT_A_IRQHandler               
000034a7  WaitForInterrupt               
20003000  __CIOBUF_                      
20010000  __STACK_END                    
00000200  __STACK_SIZE                   
00000400  __SYSMEM_SIZE                  
00003658  __TI_CINIT_Base                
00003668  __TI_CINIT_Limit               
00003644  __TI_Handler_Table_Base        
00003650  __TI_Handler_Table_Limit       
00002e25  __TI_auto_init                 
00001f9d  __TI_cleanup                   
2000382c  __TI_cleanup_ptr               
00002d11  __TI_closefile                 
00002f05  __TI_decompress_lzss           
00003549  __TI_decompress_none           
00002991  __TI_doflush                   
20003830  __TI_dtors_ptr                 
20003834  __TI_enable_exit_profile_output
2000381c  __TI_ft_end                    
ffffffff  __TI_pprof_out_hndl            
ffffffff  __TI_prof_data_size            
ffffffff  __TI_prof_data_start           
0000306f  __TI_readmsg                   
00000000  __TI_static_base__             
20003120  __TI_tmpnams                   
0000303d  __TI_writemsg                  
00003565  __TI_zero_init                 
00003305  __aeabi_d2uiz                  
0000239d  __aeabi_ddiv                   
000025d9  __aeabi_dmul                   
00003407  __aeabi_i2d                    
00001cf3  __aeabi_ldiv0                  
00001ad5  __aeabi_ldivmod                
000034c5  __aeabi_lmul                   
00002da9  __aeabi_memclr                 
00002da9  __aeabi_memclr4                
00002da9  __aeabi_memclr8                
00002c75  __aeabi_memcpy                 
00002c75  __aeabi_memcpy4                
00002c75  __aeabi_memcpy8                
00002dab  __aeabi_memset                 
00002dab  __aeabi_memset4                
00002dab  __aeabi_memset8                
20003828  __aeabi_stderr                 
20003820  __aeabi_stdin                  
20003824  __aeabi_stdout                 
ffffffff  __binit__                      
ffffffff  __c_args__                     
000024d3  __mpu_init                     
2000fe00  __stack                        
000034ad  _args_main                     
00003211  _c_int00                       
20003718  _device                        
20003628  _ftable                        
20003898  _lock                          
0000351b  _nop                           
00003513  _register_lock                 
0000350d  _register_unlock               
20003790  _stream                        
20003228  _sys_memory                    
00002e23  _system_post_cinit             
00003571  _system_pre_init               
2000389c  _unlock                        
00003269  abort                          
00002b15  add_device                     
ffffffff  binit                          
00000fd1  calloc                         
20003200  center                         
00003105  close                          
000032b9  copy_in                        
00001e11  delay                          
00003271  exit                           
00002d77  fclose                         
0000066d  ferror                         
000029dd  fflush                         
00000653  fgetc                          
00002e95  finddevice                     
00001ff3  fopen                          
00000d1b  free                           
00001fc9  freopen                        
00002ebf  getdevice                      
20003220  input                          
00000000  interruptVectors               
20003204  left                           
00001913  main                           
200038b4  main_func_sp                   
00000cb1  malloc                         
00000ee5  memalign                       
00002c75  memcpy                         
00002db1  memset                         
00000c31  minit                          
20003208  nc                             
2000320c  nl                             
20003210  nr                             
00002a59  open                           
00000595  outnibble                      
200031c8  parmbuf                        
00000ddb  realloc                        
00003435  remove                         
20003214  right                          
000028b5  setvbuf                        
000034f5  strchr                         
000034dd  strcmp                         
00003521  strcpy                         
00003535  strlen                         
000033d1  strncpy                        
000024d5  ta3dummy                       
000020df  tachometerLeftInt              
00002099  tachometerRightInt             
00000693  uart_close                     
00000711  uart_lseek                     
00000683  uart_open                      
0000069f  uart_read                      
0000072d  uart_rename                    
00000721  uart_unlink                    
000006cf  uart_write                     
00003435  unlink                         
00003461  write                          
20000000  x                              
20001000  x2                             
20002000  x3                             


GLOBAL SYMBOLS: SORTED BY Symbol Address 

address   name                           
-------   ----                           
00000000  __TI_static_base__             
00000000  interruptVectors               
000000e5  UART0_Init                     
0000012b  UART0_InChar                   
0000013b  UART0_OutChar                  
00000157  UART0_OutString                
00000175  UART0_InUDec                   
000001f9  UART0_OutUDec                  
00000200  __STACK_SIZE                   
00000229  UART0_OutUBin                  
000003a5  UART0_OutUDec4                 
000003e9  UART0_OutUDec5                 
00000400  __SYSMEM_SIZE                  
0000041b  UART0_OutUFix1                 
00000443  UART0_OutUFix2                 
0000048d  UART0_InUHex                   
00000551  UART0_OutUHex                  
00000595  outnibble                      
000005bd  UART0_OutUHex2                 
000005d9  UART0_InString                 
00000653  fgetc                          
0000066d  ferror                         
00000683  uart_open                      
00000693  uart_close                     
0000069f  uart_read                      
000006cf  uart_write                     
00000711  uart_lseek                     
00000721  uart_unlink                    
0000072d  uart_rename                    
0000073b  UART0_Initprintf               
00000abf  CalibrateIRSensors             
00000b15  LeftConvert                    
00000b5d  CenterConvert                  
00000ba5  RightConvert                   
00000c31  minit                          
00000cb1  malloc                         
00000d1b  free                           
00000ddb  realloc                        
00000ee5  memalign                       
00000fd1  calloc                         
00001001  SystemCoreClockUpdate          
00001275  SystemInit                     
0000132d  Motor_Init                     
000013b5  Motor_Stop                     
000013d9  Motor_Forward                  
00001409  Motor_Right                    
00001443  Motor_Left                     
0000147d  Motor_Backward                 
000014ad  Motor_RotateAngle              
00001559  Motor_ForwardDist              
00001651  LPF_Init                       
000016af  LPF_Calc                       
00001703  LPF_Init2                      
00001761  LPF_Calc2                      
000017b5  LPF_Init3                      
00001813  LPF_Calc3                      
00001899  TimedPause                     
000018c3  SensorRead_ISR                 
00001913  main                           
00001ad5  __aeabi_ldivmod                
00001cf3  __aeabi_ldiv0                  
00001cf5  Clock_Init48MHz                
00001e0b  Clock_GetFreq                  
00001e11  delay                          
00001e1f  Clock_Delay1us                 
00001e49  Clock_Delay1ms                 
00001f9d  __TI_cleanup                   
00001fc9  freopen                        
00001ff3  fopen                          
00002099  tachometerRightInt             
000020df  tachometerLeftInt              
00002125  Tachometer_Init                
00002195  Tachometer_Get                 
00002239  ADC0_InitSWTriggerCh12         
00002289  ADC_In12                       
000022a9  ADC0_InitSWTriggerCh17_12_16   
00002319  ADC_In17_12_16                 
0000239d  __aeabi_ddiv                   
000024d3  __mpu_init                     
000024d5  ta3dummy                       
000024e1  TimerA3Capture_Init            
00002567  TA3_0_IRQHandler               
00002567  TA3_0_IRQHandler               
00002581  TA3_N_IRQHandler               
00002581  TA3_N_IRQHandler               
000025d9  __aeabi_dmul                   
000026d5  LaunchPad_Init                 
00002745  LaunchPad_Input                
0000275f  LaunchPad_LED                  
0000277d  LaunchPad_Output               
000027c9  PWM_Init34                     
0000284d  PWM_Duty3                      
0000286d  PWM_Duty4                      
000028b5  setvbuf                        
00002991  __TI_doflush                   
000029dd  fflush                         
00002a59  open                           
00002b15  add_device                     
00002bcd  TimerA1_Init                   
00002c2b  TimerA1_Stop                   
00002c3f  TA1_0_IRQHandler               
00002c3f  TA1_0_IRQHandler               
00002c75  __aeabi_memcpy                 
00002c75  __aeabi_memcpy4                
00002c75  __aeabi_memcpy8                
00002c75  memcpy                         
00002d11  __TI_closefile                 
00002d77  fclose                         
00002da9  __aeabi_memclr                 
00002da9  __aeabi_memclr4                
00002da9  __aeabi_memclr8                
00002dab  __aeabi_memset                 
00002dab  __aeabi_memset4                
00002dab  __aeabi_memset8                
00002db1  memset                         
00002e23  _system_post_cinit             
00002e25  __TI_auto_init                 
00002e95  finddevice                     
00002ebf  getdevice                      
00002f05  __TI_decompress_lzss           
00002f6d  HOSTlseek                      
00002fd5  HOSTrename                     
0000303d  __TI_writemsg                  
0000306b  C$$IO$$                        
0000306f  __TI_readmsg                   
000030a5  HOSTopen                       
00003105  close                          
00003161  HOSTread                       
000031b9  HOSTwrite                      
00003211  _c_int00                       
00003265  C$$EXIT                        
00003269  abort                          
00003271  exit                           
000032b9  copy_in                        
00003305  __aeabi_d2uiz                  
00003349  HOSTclose                      
0000338d  HOSTunlink                     
000033d1  strncpy                        
00003407  __aeabi_i2d                    
00003435  remove                         
00003435  unlink                         
00003461  write                          
00003489  DisableInterrupts              
0000348f  EnableInterrupts               
00003495  StartCritical                  
0000349f  EndCritical                    
000034a7  WaitForInterrupt               
000034ad  _args_main                     
000034c5  __aeabi_lmul                   
000034dd  strcmp                         
000034f5  strchr                         
0000350d  _register_unlock               
00003513  _register_lock                 
0000351b  _nop                           
00003521  strcpy                         
00003535  strlen                         
00003549  __TI_decompress_none           
00003557  Reset_Handler                  
00003563  ADC14_IRQHandler               
00003563  AES256_IRQHandler              
00003563  BusFault_Handler               
00003563  COMP_E0_IRQHandler             
00003563  COMP_E1_IRQHandler             
00003563  CS_IRQHandler                  
00003563  DMA_ERR_IRQHandler             
00003563  DMA_INT0_IRQHandler            
00003563  DMA_INT1_IRQHandler            
00003563  DMA_INT2_IRQHandler            
00003563  DMA_INT3_IRQHandler            
00003563  DebugMon_Handler               
00003563  Default_Handler                
00003563  EUSCIA0_IRQHandler             
00003563  EUSCIA1_IRQHandler             
00003563  EUSCIA2_IRQHandler             
00003563  EUSCIA3_IRQHandler             
00003563  EUSCIB0_IRQHandler             
00003563  EUSCIB1_IRQHandler             
00003563  EUSCIB2_IRQHandler             
00003563  EUSCIB3_IRQHandler             
00003563  FLCTL_IRQHandler               
00003563  FPU_IRQHandler                 
00003563  HardFault_Handler              
00003563  MemManage_Handler              
00003563  NMI_Handler                    
00003563  PCM_IRQHandler                 
00003563  PORT1_IRQHandler               
00003563  PORT2_IRQHandler               
00003563  PORT3_IRQHandler               
00003563  PORT4_IRQHandler               
00003563  PORT5_IRQHandler               
00003563  PORT6_IRQHandler               
00003563  PSS_IRQHandler                 
00003563  PendSV_Handler                 
00003563  RTC_C_IRQHandler               
00003563  SVC_Handler                    
00003563  SysTick_Handler                
00003563  T32_INT1_IRQHandler            
00003563  T32_INT2_IRQHandler            
00003563  T32_INTC_IRQHandler            
00003563  TA0_0_IRQHandler               
00003563  TA0_N_IRQHandler               
00003563  TA1_N_IRQHandler               
00003563  TA2_0_IRQHandler               
00003563  TA2_N_IRQHandler               
00003563  UsageFault_Handler             
00003563  WDT_A_IRQHandler               
00003565  __TI_zero_init                 
00003571  _system_pre_init               
00003644  __TI_Handler_Table_Base        
00003650  __TI_Handler_Table_Limit       
00003658  __TI_CINIT_Base                
00003668  __TI_CINIT_Limit               
20000000  x                              
20001000  x2                             
20002000  x3                             
20003000  __CIOBUF_                      
20003120  __TI_tmpnams                   
200031c0  Messageb                       
200031c8  parmbuf                        
200031d0  ADCflag                        
200031d4  I1                             
200031d8  I2                             
200031dc  I3                             
200031e0  LPFSum                         
200031e4  LPFSum2                        
200031e8  LPFSum3                        
200031ec  Messageindexb                  
200031f0  Size                           
200031f4  Size2                          
200031f8  Size3                          
200031fc  TimerA1Task                    
20003200  center                         
20003204  left                           
20003208  nc                             
2000320c  nl                             
20003210  nr                             
20003214  right                          
20003218  Tachometer_FirstLeftTime       
2000321a  Tachometer_FirstRightTime      
2000321c  Tachometer_SecondLeftTime      
2000321e  Tachometer_SecondRightTime     
20003220  input                          
20003228  _sys_memory                    
20003628  _ftable                        
20003718  _device                        
20003790  _stream                        
20003804  ClockFrequency                 
20003808  Prewait                        
2000380c  CPMwait                        
20003810  Postwait                       
20003814  IFlags                         
20003818  Crystalstable                  
2000381c  __TI_ft_end                    
20003820  __aeabi_stdin                  
20003824  __aeabi_stdout                 
20003828  __aeabi_stderr                 
2000382c  __TI_cleanup_ptr               
20003830  __TI_dtors_ptr                 
20003834  __TI_enable_exit_profile_output
2000388c  Tachometer_RightSteps          
20003890  Tachometer_LeftSteps           
20003894  Tachometer_RightDir            
20003895  Tachometer_LeftDir             
20003898  _lock                          
2000389c  _unlock                        
200038a0  CaptureTask0                   
200038a4  CaptureTask2                   
200038b4  main_func_sp                   
200038b8  SystemCoreClock                
2000fe00  __stack                        
20010000  __STACK_END                    
4000480c  WDTCTL_SYM                     
ffffffff  __TI_pprof_out_hndl            
ffffffff  __TI_prof_data_size            
ffffffff  __TI_prof_data_start           
ffffffff  __binit__                      
ffffffff  __c_args__                     
ffffffff  binit                          
UNDEFED   SHT$$INIT_ARRAY$$Base          
UNDEFED   SHT$$INIT_ARRAY$$Limit         

[280 symbols]
