<?xml version="1.0"?>
<link_info>
   <banner>TI ARM Linker PC v16.9.6.LTS</banner>
   <copyright>Copyright (c) 1996-2017 Texas Instruments Incorporated</copyright>
   <link_time>0x68ff05d5</link_time>
   <link_errors>0x0</link_errors>
   <output_file>M_ADC_IRSensors_MotorIRLED.out</output_file>
   <entry_point>
      <name>_c_int00</name>
      <address>0x2bad</address>
   </entry_point>
   <input_file_list>
      <input_file id="fl-2">
         <path>.\</path>
         <kind>object</kind>
         <file>ADC14.obj</file>
         <name>ADC14.obj</name>
      </input_file>
      <input_file id="fl-3">
         <path>.\</path>
         <kind>object</kind>
         <file>Clock.obj</file>
         <name>Clock.obj</name>
      </input_file>
      <input_file id="fl-4">
         <path>.\</path>
         <kind>object</kind>
         <file>CortexM.obj</file>
         <name>CortexM.obj</name>
      </input_file>
      <input_file id="fl-5">
         <path>.\</path>
         <kind>object</kind>
         <file>IRDistance.obj</file>
         <name>IRDistance.obj</name>
      </input_file>
      <input_file id="fl-6">
         <path>.\</path>
         <kind>object</kind>
         <file>LPF.obj</file>
         <name>LPF.obj</name>
      </input_file>
      <input_file id="fl-7">
         <path>.\</path>
         <kind>object</kind>
         <file>Lab4_ADCmain.obj</file>
         <name>Lab4_ADCmain.obj</name>
      </input_file>
      <input_file id="fl-8">
         <path>.\</path>
         <kind>object</kind>
         <file>LaunchPad.obj</file>
         <name>LaunchPad.obj</name>
      </input_file>
      <input_file id="fl-9">
         <path>.\</path>
         <kind>object</kind>
         <file>Motor.obj</file>
         <name>Motor.obj</name>
      </input_file>
      <input_file id="fl-a">
         <path>.\</path>
         <kind>object</kind>
         <file>PWM.obj</file>
         <name>PWM.obj</name>
      </input_file>
      <input_file id="fl-b">
         <path>.\</path>
         <kind>object</kind>
         <file>TA3InputCapture.obj</file>
         <name>TA3InputCapture.obj</name>
      </input_file>
      <input_file id="fl-c">
         <path>.\</path>
         <kind>object</kind>
         <file>Tachometer.obj</file>
         <name>Tachometer.obj</name>
      </input_file>
      <input_file id="fl-d">
         <path>.\</path>
         <kind>object</kind>
         <file>TimerA1.obj</file>
         <name>TimerA1.obj</name>
      </input_file>
      <input_file id="fl-e">
         <path>.\</path>
         <kind>object</kind>
         <file>UART0.obj</file>
         <name>UART0.obj</name>
      </input_file>
      <input_file id="fl-f">
         <path>.\</path>
         <kind>object</kind>
         <file>startup_msp432p401r_ccs.obj</file>
         <name>startup_msp432p401r_ccs.obj</name>
      </input_file>
      <input_file id="fl-10">
         <path>.\</path>
         <kind>object</kind>
         <file>system_msp432p401r.obj</file>
         <name>system_msp432p401r.obj</name>
      </input_file>
      <input_file id="fl-14">
         <kind>object</kind>
         <file>&lt;internal&gt;</file>
         <name>&lt;internal&gt;</name>
      </input_file>
      <input_file id="fl-ca">
         <path>C:\ti\ccsv7\tools\compiler\ti-cgt-arm_16.9.6.LTS\lib\</path>
         <kind>archive</kind>
         <file>rtsv7M4_T_le_v4SPD16_eabi.lib</file>
         <name>add_device.obj</name>
      </input_file>
      <input_file id="fl-cb">
         <path>C:\ti\ccsv7\tools\compiler\ti-cgt-arm_16.9.6.LTS\lib\</path>
         <kind>archive</kind>
         <file>rtsv7M4_T_le_v4SPD16_eabi.lib</file>
         <name>boot.obj</name>
      </input_file>
      <input_file id="fl-cc">
         <path>C:\ti\ccsv7\tools\compiler\ti-cgt-arm_16.9.6.LTS\lib\</path>
         <kind>archive</kind>
         <file>rtsv7M4_T_le_v4SPD16_eabi.lib</file>
         <name>copy_decompress_lzss.obj</name>
      </input_file>
      <input_file id="fl-cd">
         <path>C:\ti\ccsv7\tools\compiler\ti-cgt-arm_16.9.6.LTS\lib\</path>
         <kind>archive</kind>
         <file>rtsv7M4_T_le_v4SPD16_eabi.lib</file>
         <name>copy_decompress_none.obj</name>
      </input_file>
      <input_file id="fl-ce">
         <path>C:\ti\ccsv7\tools\compiler\ti-cgt-arm_16.9.6.LTS\lib\</path>
         <kind>archive</kind>
         <file>rtsv7M4_T_le_v4SPD16_eabi.lib</file>
         <name>copy_zero_init.obj</name>
      </input_file>
      <input_file id="fl-cf">
         <path>C:\ti\ccsv7\tools\compiler\ti-cgt-arm_16.9.6.LTS\lib\</path>
         <kind>archive</kind>
         <file>rtsv7M4_T_le_v4SPD16_eabi.lib</file>
         <name>defs.obj</name>
      </input_file>
      <input_file id="fl-d0">
         <path>C:\ti\ccsv7\tools\compiler\ti-cgt-arm_16.9.6.LTS\lib\</path>
         <kind>archive</kind>
         <file>rtsv7M4_T_le_v4SPD16_eabi.lib</file>
         <name>exit.obj</name>
      </input_file>
      <input_file id="fl-d1">
         <path>C:\ti\ccsv7\tools\compiler\ti-cgt-arm_16.9.6.LTS\lib\</path>
         <kind>archive</kind>
         <file>rtsv7M4_T_le_v4SPD16_eabi.lib</file>
         <name>fd_div_t2.obj</name>
      </input_file>
      <input_file id="fl-d2">
         <path>C:\ti\ccsv7\tools\compiler\ti-cgt-arm_16.9.6.LTS\lib\</path>
         <kind>archive</kind>
         <file>rtsv7M4_T_le_v4SPD16_eabi.lib</file>
         <name>fd_mul_t2.obj</name>
      </input_file>
      <input_file id="fl-d3">
         <path>C:\ti\ccsv7\tools\compiler\ti-cgt-arm_16.9.6.LTS\lib\</path>
         <kind>archive</kind>
         <file>rtsv7M4_T_le_v4SPD16_eabi.lib</file>
         <name>fd_tou_t2.obj</name>
      </input_file>
      <input_file id="fl-d4">
         <path>C:\ti\ccsv7\tools\compiler\ti-cgt-arm_16.9.6.LTS\lib\</path>
         <kind>archive</kind>
         <file>rtsv7M4_T_le_v4SPD16_eabi.lib</file>
         <name>fopen.obj</name>
      </input_file>
      <input_file id="fl-d5">
         <path>C:\ti\ccsv7\tools\compiler\ti-cgt-arm_16.9.6.LTS\lib\</path>
         <kind>archive</kind>
         <file>rtsv7M4_T_le_v4SPD16_eabi.lib</file>
         <name>getdevice.obj</name>
      </input_file>
      <input_file id="fl-d6">
         <path>C:\ti\ccsv7\tools\compiler\ti-cgt-arm_16.9.6.LTS\lib\</path>
         <kind>archive</kind>
         <file>rtsv7M4_T_le_v4SPD16_eabi.lib</file>
         <name>i_tofd_t2.obj</name>
      </input_file>
      <input_file id="fl-d7">
         <path>C:\ti\ccsv7\tools\compiler\ti-cgt-arm_16.9.6.LTS\lib\</path>
         <kind>archive</kind>
         <file>rtsv7M4_T_le_v4SPD16_eabi.lib</file>
         <name>memcpy_t2.obj</name>
      </input_file>
      <input_file id="fl-d8">
         <path>C:\ti\ccsv7\tools\compiler\ti-cgt-arm_16.9.6.LTS\lib\</path>
         <kind>archive</kind>
         <file>rtsv7M4_T_le_v4SPD16_eabi.lib</file>
         <name>memset_t2.obj</name>
      </input_file>
      <input_file id="fl-d9">
         <path>C:\ti\ccsv7\tools\compiler\ti-cgt-arm_16.9.6.LTS\lib\</path>
         <kind>archive</kind>
         <file>rtsv7M4_T_le_v4SPD16_eabi.lib</file>
         <name>mpu_init.obj</name>
      </input_file>
      <input_file id="fl-da">
         <path>C:\ti\ccsv7\tools\compiler\ti-cgt-arm_16.9.6.LTS\lib\</path>
         <kind>archive</kind>
         <file>rtsv7M4_T_le_v4SPD16_eabi.lib</file>
         <name>open.obj</name>
      </input_file>
      <input_file id="fl-db">
         <path>C:\ti\ccsv7\tools\compiler\ti-cgt-arm_16.9.6.LTS\lib\</path>
         <kind>archive</kind>
         <file>rtsv7M4_T_le_v4SPD16_eabi.lib</file>
         <name>pre_init.obj</name>
      </input_file>
      <input_file id="fl-dc">
         <path>C:\ti\ccsv7\tools\compiler\ti-cgt-arm_16.9.6.LTS\lib\</path>
         <kind>archive</kind>
         <file>rtsv7M4_T_le_v4SPD16_eabi.lib</file>
         <name>setvbuf.obj</name>
      </input_file>
      <input_file id="fl-dd">
         <path>C:\ti\ccsv7\tools\compiler\ti-cgt-arm_16.9.6.LTS\lib\</path>
         <kind>archive</kind>
         <file>rtsv7M4_T_le_v4SPD16_eabi.lib</file>
         <name>stkdepth_vars.obj</name>
      </input_file>
      <input_file id="fl-de">
         <path>C:\ti\ccsv7\tools\compiler\ti-cgt-arm_16.9.6.LTS\lib\</path>
         <kind>archive</kind>
         <file>rtsv7M4_T_le_v4SPD16_eabi.lib</file>
         <name>strchr.obj</name>
      </input_file>
      <input_file id="fl-df">
         <path>C:\ti\ccsv7\tools\compiler\ti-cgt-arm_16.9.6.LTS\lib\</path>
         <kind>archive</kind>
         <file>rtsv7M4_T_le_v4SPD16_eabi.lib</file>
         <name>strcmp.obj</name>
      </input_file>
      <input_file id="fl-e0">
         <path>C:\ti\ccsv7\tools\compiler\ti-cgt-arm_16.9.6.LTS\lib\</path>
         <kind>archive</kind>
         <file>rtsv7M4_T_le_v4SPD16_eabi.lib</file>
         <name>strncpy.obj</name>
      </input_file>
      <input_file id="fl-e1">
         <path>C:\ti\ccsv7\tools\compiler\ti-cgt-arm_16.9.6.LTS\lib\</path>
         <kind>archive</kind>
         <file>rtsv7M4_T_le_v4SPD16_eabi.lib</file>
         <name>write.obj</name>
      </input_file>
      <input_file id="fl-e2">
         <path>C:\ti\ccsv7\tools\compiler\ti-cgt-arm_16.9.6.LTS\lib\</path>
         <kind>archive</kind>
         <file>rtsv7M4_T_le_v4SPD16_eabi.lib</file>
         <name>_lock.obj</name>
      </input_file>
      <input_file id="fl-e3">
         <path>C:\ti\ccsv7\tools\compiler\ti-cgt-arm_16.9.6.LTS\lib\</path>
         <kind>archive</kind>
         <file>rtsv7M4_T_le_v4SPD16_eabi.lib</file>
         <name>args_main.obj</name>
      </input_file>
      <input_file id="fl-e4">
         <path>C:\ti\ccsv7\tools\compiler\ti-cgt-arm_16.9.6.LTS\lib\</path>
         <kind>archive</kind>
         <file>rtsv7M4_T_le_v4SPD16_eabi.lib</file>
         <name>autoinit.obj</name>
      </input_file>
      <input_file id="fl-e5">
         <path>C:\ti\ccsv7\tools\compiler\ti-cgt-arm_16.9.6.LTS\lib\</path>
         <kind>archive</kind>
         <file>rtsv7M4_T_le_v4SPD16_eabi.lib</file>
         <name>cpy_tbl.obj</name>
      </input_file>
      <input_file id="fl-e6">
         <path>C:\ti\ccsv7\tools\compiler\ti-cgt-arm_16.9.6.LTS\lib\</path>
         <kind>archive</kind>
         <file>rtsv7M4_T_le_v4SPD16_eabi.lib</file>
         <name>fclose.obj</name>
      </input_file>
      <input_file id="fl-e7">
         <path>C:\ti\ccsv7\tools\compiler\ti-cgt-arm_16.9.6.LTS\lib\</path>
         <kind>archive</kind>
         <file>rtsv7M4_T_le_v4SPD16_eabi.lib</file>
         <name>fflush.obj</name>
      </input_file>
      <input_file id="fl-e8">
         <path>C:\ti\ccsv7\tools\compiler\ti-cgt-arm_16.9.6.LTS\lib\</path>
         <kind>archive</kind>
         <file>rtsv7M4_T_le_v4SPD16_eabi.lib</file>
         <name>hostclose.obj</name>
      </input_file>
      <input_file id="fl-e9">
         <path>C:\ti\ccsv7\tools\compiler\ti-cgt-arm_16.9.6.LTS\lib\</path>
         <kind>archive</kind>
         <file>rtsv7M4_T_le_v4SPD16_eabi.lib</file>
         <name>hostlseek.obj</name>
      </input_file>
      <input_file id="fl-ea">
         <path>C:\ti\ccsv7\tools\compiler\ti-cgt-arm_16.9.6.LTS\lib\</path>
         <kind>archive</kind>
         <file>rtsv7M4_T_le_v4SPD16_eabi.lib</file>
         <name>hostopen.obj</name>
      </input_file>
      <input_file id="fl-eb">
         <path>C:\ti\ccsv7\tools\compiler\ti-cgt-arm_16.9.6.LTS\lib\</path>
         <kind>archive</kind>
         <file>rtsv7M4_T_le_v4SPD16_eabi.lib</file>
         <name>hostread.obj</name>
      </input_file>
      <input_file id="fl-ec">
         <path>C:\ti\ccsv7\tools\compiler\ti-cgt-arm_16.9.6.LTS\lib\</path>
         <kind>archive</kind>
         <file>rtsv7M4_T_le_v4SPD16_eabi.lib</file>
         <name>hostrename.obj</name>
      </input_file>
      <input_file id="fl-ed">
         <path>C:\ti\ccsv7\tools\compiler\ti-cgt-arm_16.9.6.LTS\lib\</path>
         <kind>archive</kind>
         <file>rtsv7M4_T_le_v4SPD16_eabi.lib</file>
         <name>hostunlink.obj</name>
      </input_file>
      <input_file id="fl-ee">
         <path>C:\ti\ccsv7\tools\compiler\ti-cgt-arm_16.9.6.LTS\lib\</path>
         <kind>archive</kind>
         <file>rtsv7M4_T_le_v4SPD16_eabi.lib</file>
         <name>hostwrite.obj</name>
      </input_file>
      <input_file id="fl-ef">
         <path>C:\ti\ccsv7\tools\compiler\ti-cgt-arm_16.9.6.LTS\lib\</path>
         <kind>archive</kind>
         <file>rtsv7M4_T_le_v4SPD16_eabi.lib</file>
         <name>memory.obj</name>
      </input_file>
      <input_file id="fl-f0">
         <path>C:\ti\ccsv7\tools\compiler\ti-cgt-arm_16.9.6.LTS\lib\</path>
         <kind>archive</kind>
         <file>rtsv7M4_T_le_v4SPD16_eabi.lib</file>
         <name>remove.obj</name>
      </input_file>
      <input_file id="fl-f1">
         <path>C:\ti\ccsv7\tools\compiler\ti-cgt-arm_16.9.6.LTS\lib\</path>
         <kind>archive</kind>
         <file>rtsv7M4_T_le_v4SPD16_eabi.lib</file>
         <name>startup.obj</name>
      </input_file>
      <input_file id="fl-f2">
         <path>C:\ti\ccsv7\tools\compiler\ti-cgt-arm_16.9.6.LTS\lib\</path>
         <kind>archive</kind>
         <file>rtsv7M4_T_le_v4SPD16_eabi.lib</file>
         <name>strcpy.obj</name>
      </input_file>
      <input_file id="fl-f3">
         <path>C:\ti\ccsv7\tools\compiler\ti-cgt-arm_16.9.6.LTS\lib\</path>
         <kind>archive</kind>
         <file>rtsv7M4_T_le_v4SPD16_eabi.lib</file>
         <name>strlen.obj</name>
      </input_file>
      <input_file id="fl-f4">
         <path>C:\ti\ccsv7\tools\compiler\ti-cgt-arm_16.9.6.LTS\lib\</path>
         <kind>archive</kind>
         <file>rtsv7M4_T_le_v4SPD16_eabi.lib</file>
         <name>trgmsg.obj</name>
      </input_file>
      <input_file id="fl-f5">
         <path>C:\ti\ccsv7\tools\compiler\ti-cgt-arm_16.9.6.LTS\lib\</path>
         <kind>archive</kind>
         <file>rtsv7M4_T_le_v4SPD16_eabi.lib</file>
         <name>unlink.obj</name>
      </input_file>
      <input_file id="fl-f6">
         <path>C:\ti\ccsv7\tools\compiler\ti-cgt-arm_16.9.6.LTS\lib\</path>
         <kind>archive</kind>
         <file>rtsv7M4_T_le_v4SPD16_eabi.lib</file>
         <name>close.obj</name>
      </input_file>
   </input_file_list>
   <object_component_list>
      <object_component id="oc-2c">
         <name>.intvecs:retain</name>
         <load_address>0x0</load_address>
         <run_address>0x0</run_address>
         <size>0xe4</size>
         <input_file_ref idref="fl-f"/>
      </object_component>
      <object_component id="oc-110">
         <name>.text</name>
         <load_address>0xe4</load_address>
         <run_address>0xe4</run_address>
         <size>0x6bc</size>
         <input_file_ref idref="fl-e"/>
      </object_component>
      <object_component id="oc-205">
         <name>.text</name>
         <load_address>0x7a0</load_address>
         <run_address>0x7a0</run_address>
         <size>0x3d0</size>
         <input_file_ref idref="fl-ef"/>
      </object_component>
      <object_component id="oc-ca">
         <name>.text</name>
         <load_address>0xb70</load_address>
         <run_address>0xb70</run_address>
         <size>0x32c</size>
         <input_file_ref idref="fl-10"/>
      </object_component>
      <object_component id="oc-122">
         <name>.text</name>
         <load_address>0xe9c</load_address>
         <run_address>0xe9c</run_address>
         <size>0x310</size>
         <input_file_ref idref="fl-9"/>
      </object_component>
      <object_component id="oc-104">
         <name>.text</name>
         <load_address>0x11ac</load_address>
         <run_address>0x11ac</run_address>
         <size>0x248</size>
         <input_file_ref idref="fl-6"/>
      </object_component>
      <object_component id="oc-b7">
         <name>.text</name>
         <load_address>0x13f4</load_address>
         <run_address>0x13f4</run_address>
         <size>0x228</size>
         <input_file_ref idref="fl-7"/>
      </object_component>
      <object_component id="oc-10a">
         <name>.text</name>
         <load_address>0x161c</load_address>
         <run_address>0x161c</run_address>
         <size>0x1e0</size>
         <input_file_ref idref="fl-3"/>
      </object_component>
      <object_component id="oc-18c">
         <name>.text</name>
         <load_address>0x17fc</load_address>
         <run_address>0x17fc</run_address>
         <size>0x1c4</size>
         <input_file_ref idref="fl-d4"/>
      </object_component>
      <object_component id="oc-1bd">
         <name>.text</name>
         <load_address>0x19c0</load_address>
         <run_address>0x19c0</run_address>
         <size>0x1a0</size>
         <input_file_ref idref="fl-c"/>
      </object_component>
      <object_component id="oc-fe">
         <name>.text</name>
         <load_address>0x1b60</load_address>
         <run_address>0x1b60</run_address>
         <size>0x164</size>
         <input_file_ref idref="fl-2"/>
      </object_component>
      <object_component id="oc-1b3">
         <name>.text</name>
         <load_address>0x1cc4</load_address>
         <run_address>0x1cc4</run_address>
         <size>0x136</size>
         <input_file_ref idref="fl-d1"/>
      </object_component>
      <object_component id="oc-56">
         <name>.text</name>
         <load_address>0x1dfa</load_address>
         <run_address>0x1dfa</run_address>
         <size>0x2</size>
         <input_file_ref idref="fl-d9"/>
      </object_component>
      <object_component id="oc-84">
         <name>.text</name>
         <load_address>0x1dfc</load_address>
         <run_address>0x1dfc</run_address>
         <size>0x104</size>
         <input_file_ref idref="fl-b"/>
      </object_component>
      <object_component id="oc-1ae">
         <name>.text</name>
         <load_address>0x1f00</load_address>
         <run_address>0x1f00</run_address>
         <size>0xfc</size>
         <input_file_ref idref="fl-d2"/>
      </object_component>
      <object_component id="oc-116">
         <name>.text</name>
         <load_address>0x1ffc</load_address>
         <run_address>0x1ffc</run_address>
         <size>0xf4</size>
         <input_file_ref idref="fl-8"/>
      </object_component>
      <object_component id="oc-1a3">
         <name>.text</name>
         <load_address>0x20f0</load_address>
         <run_address>0x20f0</run_address>
         <size>0xec</size>
         <input_file_ref idref="fl-a"/>
      </object_component>
      <object_component id="oc-192">
         <name>.text</name>
         <load_address>0x21dc</load_address>
         <run_address>0x21dc</run_address>
         <size>0xdc</size>
         <input_file_ref idref="fl-dc"/>
      </object_component>
      <object_component id="oc-273">
         <name>.text</name>
         <load_address>0x22b8</load_address>
         <run_address>0x22b8</run_address>
         <size>0xc8</size>
         <input_file_ref idref="fl-e7"/>
      </object_component>
      <object_component id="oc-1f3">
         <name>.text</name>
         <load_address>0x2380</load_address>
         <run_address>0x2380</run_address>
         <size>0xbc</size>
         <input_file_ref idref="fl-da"/>
      </object_component>
      <object_component id="oc-186">
         <name>.text</name>
         <load_address>0x243c</load_address>
         <run_address>0x243c</run_address>
         <size>0xb8</size>
         <input_file_ref idref="fl-ca"/>
      </object_component>
      <object_component id="oc-7e">
         <name>.text</name>
         <load_address>0x24f4</load_address>
         <run_address>0x24f4</run_address>
         <size>0xa8</size>
         <input_file_ref idref="fl-d"/>
      </object_component>
      <object_component id="oc-3e">
         <name>.text</name>
         <load_address>0x259c</load_address>
         <run_address>0x259c</run_address>
         <size>0x9c</size>
         <input_file_ref idref="fl-d7"/>
      </object_component>
      <object_component id="oc-1f9">
         <name>.text</name>
         <load_address>0x2638</load_address>
         <run_address>0x2638</run_address>
         <size>0x98</size>
         <input_file_ref idref="fl-e6"/>
      </object_component>
      <object_component id="oc-4a">
         <name>.text</name>
         <load_address>0x26d0</load_address>
         <run_address>0x26d0</run_address>
         <size>0x7a</size>
         <input_file_ref idref="fl-d8"/>
      </object_component>
      <object_component id="oc-af">
         <name>.text</name>
         <load_address>0x274a</load_address>
         <run_address>0x274a</run_address>
         <size>0x2</size>
         <input_file_ref idref="fl-f1"/>
      </object_component>
      <object_component id="oc-128">
         <name>.text</name>
         <load_address>0x274c</load_address>
         <run_address>0x274c</run_address>
         <size>0x74</size>
         <input_file_ref idref="fl-5"/>
      </object_component>
      <object_component id="oc-62">
         <name>.text</name>
         <load_address>0x27c0</load_address>
         <run_address>0x27c0</run_address>
         <size>0x70</size>
         <input_file_ref idref="fl-e4"/>
      </object_component>
      <object_component id="oc-1e1">
         <name>.text</name>
         <load_address>0x2830</load_address>
         <run_address>0x2830</run_address>
         <size>0x70</size>
         <input_file_ref idref="fl-d5"/>
      </object_component>
      <object_component id="oc-14">
         <name>.text:decompress:lzss</name>
         <load_address>0x28a0</load_address>
         <run_address>0x28a0</run_address>
         <size>0x68</size>
         <input_file_ref idref="fl-cc"/>
      </object_component>
      <object_component id="oc-24c">
         <name>.text</name>
         <load_address>0x2908</load_address>
         <run_address>0x2908</run_address>
         <size>0x68</size>
         <input_file_ref idref="fl-e9"/>
      </object_component>
      <object_component id="oc-258">
         <name>.text</name>
         <load_address>0x2970</load_address>
         <run_address>0x2970</run_address>
         <size>0x68</size>
         <input_file_ref idref="fl-ec"/>
      </object_component>
      <object_component id="oc-2a9">
         <name>.text</name>
         <load_address>0x29d8</load_address>
         <run_address>0x29d8</run_address>
         <size>0x68</size>
         <input_file_ref idref="fl-f4"/>
      </object_component>
      <object_component id="oc-234">
         <name>.text</name>
         <load_address>0x2a40</load_address>
         <run_address>0x2a40</run_address>
         <size>0x60</size>
         <input_file_ref idref="fl-ea"/>
      </object_component>
      <object_component id="oc-279">
         <name>.text</name>
         <load_address>0x2aa0</load_address>
         <run_address>0x2aa0</run_address>
         <size>0x5c</size>
         <input_file_ref idref="fl-f6"/>
      </object_component>
      <object_component id="oc-240">
         <name>.text</name>
         <load_address>0x2afc</load_address>
         <run_address>0x2afc</run_address>
         <size>0x58</size>
         <input_file_ref idref="fl-eb"/>
      </object_component>
      <object_component id="oc-246">
         <name>.text</name>
         <load_address>0x2b54</load_address>
         <run_address>0x2b54</run_address>
         <size>0x58</size>
         <input_file_ref idref="fl-ee"/>
      </object_component>
      <object_component id="oc-26">
         <name>.text</name>
         <load_address>0x2bac</load_address>
         <run_address>0x2bac</run_address>
         <size>0x54</size>
         <input_file_ref idref="fl-cb"/>
      </object_component>
      <object_component id="oc-6e">
         <name>.text</name>
         <load_address>0x2c00</load_address>
         <run_address>0x2c00</run_address>
         <size>0x54</size>
         <input_file_ref idref="fl-d0"/>
      </object_component>
      <object_component id="oc-a9">
         <name>.text</name>
         <load_address>0x2c54</load_address>
         <run_address>0x2c54</run_address>
         <size>0x4c</size>
         <input_file_ref idref="fl-e5"/>
      </object_component>
      <object_component id="oc-1b8">
         <name>.text</name>
         <load_address>0x2ca0</load_address>
         <run_address>0x2ca0</run_address>
         <size>0x44</size>
         <input_file_ref idref="fl-d3"/>
      </object_component>
      <object_component id="oc-23a">
         <name>.text</name>
         <load_address>0x2ce4</load_address>
         <run_address>0x2ce4</run_address>
         <size>0x44</size>
         <input_file_ref idref="fl-e8"/>
      </object_component>
      <object_component id="oc-252">
         <name>.text</name>
         <load_address>0x2d28</load_address>
         <run_address>0x2d28</run_address>
         <size>0x44</size>
         <input_file_ref idref="fl-ed"/>
      </object_component>
      <object_component id="oc-1e7">
         <name>.text</name>
         <load_address>0x2d6c</load_address>
         <run_address>0x2d6c</run_address>
         <size>0x36</size>
         <input_file_ref idref="fl-e0"/>
      </object_component>
      <object_component id="oc-1a9">
         <name>.text</name>
         <load_address>0x2da2</load_address>
         <run_address>0x2da2</run_address>
         <size>0x2e</size>
         <input_file_ref idref="fl-d6"/>
      </object_component>
      <object_component id="oc-27f">
         <name>.text</name>
         <load_address>0x2dd0</load_address>
         <run_address>0x2dd0</run_address>
         <size>0x2c</size>
         <input_file_ref idref="fl-f5"/>
      </object_component>
      <object_component id="oc-2d0">
         <name>.text</name>
         <load_address>0x2dfc</load_address>
         <run_address>0x2dfc</run_address>
         <size>0x28</size>
         <input_file_ref idref="fl-e1"/>
      </object_component>
      <object_component id="oc-11c">
         <name>.text</name>
         <load_address>0x2e24</load_address>
         <run_address>0x2e24</run_address>
         <size>0x24</size>
         <input_file_ref idref="fl-4"/>
      </object_component>
      <object_component id="oc-68">
         <name>.text</name>
         <load_address>0x2e48</load_address>
         <run_address>0x2e48</run_address>
         <size>0x18</size>
         <input_file_ref idref="fl-e3"/>
      </object_component>
      <object_component id="oc-224">
         <name>.text</name>
         <load_address>0x2e60</load_address>
         <run_address>0x2e60</run_address>
         <size>0x18</size>
         <input_file_ref idref="fl-df"/>
      </object_component>
      <object_component id="oc-22a">
         <name>.text</name>
         <load_address>0x2e78</load_address>
         <run_address>0x2e78</run_address>
         <size>0x16</size>
         <input_file_ref idref="fl-de"/>
      </object_component>
      <object_component id="oc-141">
         <name>.text</name>
         <load_address>0x2e90</load_address>
         <run_address>0x2e90</run_address>
         <size>0x14</size>
         <input_file_ref idref="fl-e2"/>
      </object_component>
      <object_component id="oc-2bd">
         <name>.text</name>
         <load_address>0x2ea4</load_address>
         <run_address>0x2ea4</run_address>
         <size>0x14</size>
         <input_file_ref idref="fl-f2"/>
      </object_component>
      <object_component id="oc-2a3">
         <name>.text</name>
         <load_address>0x2eb8</load_address>
         <run_address>0x2eb8</run_address>
         <size>0x14</size>
         <input_file_ref idref="fl-f3"/>
      </object_component>
      <object_component id="oc-1a">
         <name>.text:decompress:none</name>
         <load_address>0x2ecc</load_address>
         <run_address>0x2ecc</run_address>
         <size>0xe</size>
         <input_file_ref idref="fl-cd"/>
      </object_component>
      <object_component id="oc-78">
         <name>.text</name>
         <load_address>0x2eda</load_address>
         <run_address>0x2eda</run_address>
         <size>0xe</size>
         <input_file_ref idref="fl-f"/>
      </object_component>
      <object_component id="oc-20">
         <name>.text:decompress:ZI</name>
         <load_address>0x2ee8</load_address>
         <run_address>0x2ee8</run_address>
         <size>0xc</size>
         <input_file_ref idref="fl-ce"/>
      </object_component>
      <object_component id="oc-5c">
         <name>.text</name>
         <load_address>0x2ef4</load_address>
         <run_address>0x2ef4</run_address>
         <size>0x4</size>
         <input_file_ref idref="fl-db"/>
      </object_component>
      <object_component id="oc-331">
         <name>.cinit..data.load</name>
         <load_address>0x2ef8</load_address>
         <run_address>0x2ef8</run_address>
         <size>0x83</size>
      </object_component>
      <object_component id="oc-32f">
         <name>__TI_handler_table</name>
         <load_address>0x2f7c</load_address>
         <run_address>0x2f7c</run_address>
         <size>0xc</size>
      </object_component>
      <object_component id="oc-332">
         <name>.cinit..bss.load</name>
         <load_address>0x2f88</load_address>
         <run_address>0x2f88</run_address>
         <size>0x8</size>
      </object_component>
      <object_component id="oc-330">
         <name>__TI_cinit_table</name>
         <load_address>0x2f90</load_address>
         <run_address>0x2f90</run_address>
         <size>0x10</size>
      </object_component>
      <object_component id="oc-30c">
         <name>.binit</name>
         <load_address>0x0</load_address>
         <run_address>0x0</run_address>
         <size>0x0</size>
      </object_component>
      <object_component id="oc-17e">
         <name>.data</name>
         <load_address>0x200037d8</load_address>
         <run_address>0x200037d8</run_address>
         <size>0x18</size>
         <input_file_ref idref="fl-3"/>
      </object_component>
      <object_component id="oc-da">
         <name>.data</name>
         <load_address>0x2000382c</load_address>
         <run_address>0x2000382c</run_address>
         <size>0x8</size>
         <input_file_ref idref="fl-b"/>
      </object_component>
      <object_component id="oc-1c3">
         <name>.data</name>
         <load_address>0x20003818</load_address>
         <run_address>0x20003818</run_address>
         <size>0xa</size>
         <input_file_ref idref="fl-c"/>
      </object_component>
      <object_component id="oc-14d">
         <name>.data</name>
         <load_address>0x20003844</load_address>
         <run_address>0x20003844</run_address>
         <size>0x4</size>
         <input_file_ref idref="fl-10"/>
      </object_component>
      <object_component id="oc-1ed">
         <name>.data</name>
         <load_address>0x20003834</load_address>
         <run_address>0x20003834</run_address>
         <size>0x4</size>
         <input_file_ref idref="fl-ca"/>
      </object_component>
      <object_component id="oc-198">
         <name>.data:_ftable</name>
         <load_address>0x20003620</load_address>
         <run_address>0x20003620</run_address>
         <size>0xf0</size>
         <input_file_ref idref="fl-cf"/>
      </object_component>
      <object_component id="oc-1ff">
         <name>.data</name>
         <load_address>0x200037f0</load_address>
         <run_address>0x200037f0</run_address>
         <size>0x10</size>
         <input_file_ref idref="fl-cf"/>
      </object_component>
      <object_component id="oc-bf">
         <name>.data:$O1$$</name>
         <load_address>0x20003800</load_address>
         <run_address>0x20003800</run_address>
         <size>0xc</size>
         <input_file_ref idref="fl-d0"/>
      </object_component>
      <object_component id="oc-202">
         <name>.data</name>
         <load_address>0x20003838</load_address>
         <run_address>0x20003838</run_address>
         <size>0x4</size>
         <input_file_ref idref="fl-d4"/>
      </object_component>
      <object_component id="oc-26d">
         <name>.data</name>
         <load_address>0x2000383c</load_address>
         <run_address>0x2000383c</run_address>
         <size>0x4</size>
         <input_file_ref idref="fl-da"/>
      </object_component>
      <object_component id="oc-74">
         <name>.data</name>
         <load_address>0x20003840</load_address>
         <run_address>0x20003840</run_address>
         <size>0x4</size>
         <input_file_ref idref="fl-dd"/>
      </object_component>
      <object_component id="oc-1ee">
         <name>.data:_device</name>
         <load_address>0x20003710</load_address>
         <run_address>0x20003710</run_address>
         <size>0x78</size>
         <input_file_ref idref="fl-e1"/>
      </object_component>
      <object_component id="oc-26e">
         <name>.data:_stream</name>
         <load_address>0x20003788</load_address>
         <run_address>0x20003788</run_address>
         <size>0x50</size>
         <input_file_ref idref="fl-e1"/>
      </object_component>
      <object_component id="oc-c2">
         <name>.data:$O1$$</name>
         <load_address>0x20003824</load_address>
         <run_address>0x20003824</run_address>
         <size>0x8</size>
         <input_file_ref idref="fl-e2"/>
      </object_component>
      <object_component id="oc-291">
         <name>.data:$O1$$</name>
         <load_address>0x2000380c</load_address>
         <run_address>0x2000380c</run_address>
         <size>0xc</size>
         <input_file_ref idref="fl-ef"/>
      </object_component>
      <object_component id="oc-2e6">
         <name>.bss:_CIOBUF_</name>
         <uninitialized>true</uninitialized>
         <run_address>0x20003000</run_address>
         <size>0x120</size>
         <input_file_ref idref="fl-f4"/>
      </object_component>
      <object_component id="oc-16f">
         <name>.common:Size</name>
         <uninitialized>true</uninitialized>
         <run_address>0x200031f0</run_address>
         <size>0x4</size>
      </object_component>
      <object_component id="oc-174">
         <name>.common:x</name>
         <uninitialized>true</uninitialized>
         <run_address>0x20000000</run_address>
         <size>0x1000</size>
      </object_component>
      <object_component id="oc-172">
         <name>.common:I1</name>
         <uninitialized>true</uninitialized>
         <run_address>0x200031d4</run_address>
         <size>0x4</size>
      </object_component>
      <object_component id="oc-173">
         <name>.common:LPFSum</name>
         <uninitialized>true</uninitialized>
         <run_address>0x200031e0</run_address>
         <size>0x4</size>
      </object_component>
      <object_component id="oc-175">
         <name>.common:Size2</name>
         <uninitialized>true</uninitialized>
         <run_address>0x200031f4</run_address>
         <size>0x4</size>
      </object_component>
      <object_component id="oc-178">
         <name>.common:x2</name>
         <uninitialized>true</uninitialized>
         <run_address>0x20001000</run_address>
         <size>0x1000</size>
      </object_component>
      <object_component id="oc-176">
         <name>.common:I2</name>
         <uninitialized>true</uninitialized>
         <run_address>0x200031d8</run_address>
         <size>0x4</size>
      </object_component>
      <object_component id="oc-177">
         <name>.common:LPFSum2</name>
         <uninitialized>true</uninitialized>
         <run_address>0x200031e4</run_address>
         <size>0x4</size>
      </object_component>
      <object_component id="oc-179">
         <name>.common:Size3</name>
         <uninitialized>true</uninitialized>
         <run_address>0x200031f8</run_address>
         <size>0x4</size>
      </object_component>
      <object_component id="oc-17c">
         <name>.common:x3</name>
         <uninitialized>true</uninitialized>
         <run_address>0x20002000</run_address>
         <size>0x1000</size>
      </object_component>
      <object_component id="oc-17a">
         <name>.common:I3</name>
         <uninitialized>true</uninitialized>
         <run_address>0x200031dc</run_address>
         <size>0x4</size>
      </object_component>
      <object_component id="oc-17b">
         <name>.common:LPFSum3</name>
         <uninitialized>true</uninitialized>
         <run_address>0x200031e8</run_address>
         <size>0x4</size>
      </object_component>
      <object_component id="oc-133">
         <name>.common:ADCflag</name>
         <uninitialized>true</uninitialized>
         <run_address>0x200031d0</run_address>
         <size>0x4</size>
      </object_component>
      <object_component id="oc-12e">
         <name>.common:nr</name>
         <uninitialized>true</uninitialized>
         <run_address>0x20003210</run_address>
         <size>0x4</size>
      </object_component>
      <object_component id="oc-131">
         <name>.common:nc</name>
         <uninitialized>true</uninitialized>
         <run_address>0x20003208</run_address>
         <size>0x4</size>
      </object_component>
      <object_component id="oc-132">
         <name>.common:nl</name>
         <uninitialized>true</uninitialized>
         <run_address>0x2000320c</run_address>
         <size>0x4</size>
      </object_component>
      <object_component id="oc-134">
         <name>.common:left</name>
         <uninitialized>true</uninitialized>
         <run_address>0x20003204</run_address>
         <size>0x4</size>
      </object_component>
      <object_component id="oc-135">
         <name>.common:center</name>
         <uninitialized>true</uninitialized>
         <run_address>0x20003200</run_address>
         <size>0x4</size>
      </object_component>
      <object_component id="oc-136">
         <name>.common:right</name>
         <uninitialized>true</uninitialized>
         <run_address>0x20003214</run_address>
         <size>0x4</size>
      </object_component>
      <object_component id="oc-21b">
         <name>.common:Tachometer_FirstRightTime</name>
         <uninitialized>true</uninitialized>
         <run_address>0x2000321a</run_address>
         <size>0x2</size>
      </object_component>
      <object_component id="oc-21e">
         <name>.common:Tachometer_SecondRightTime</name>
         <uninitialized>true</uninitialized>
         <run_address>0x2000321e</run_address>
         <size>0x2</size>
      </object_component>
      <object_component id="oc-21f">
         <name>.common:Tachometer_FirstLeftTime</name>
         <uninitialized>true</uninitialized>
         <run_address>0x20003218</run_address>
         <size>0x2</size>
      </object_component>
      <object_component id="oc-220">
         <name>.common:Tachometer_SecondLeftTime</name>
         <uninitialized>true</uninitialized>
         <run_address>0x2000321c</run_address>
         <size>0x2</size>
      </object_component>
      <object_component id="oc-d1">
         <name>.common:TimerA1Task</name>
         <uninitialized>true</uninitialized>
         <run_address>0x200031fc</run_address>
         <size>0x4</size>
      </object_component>
      <object_component id="oc-185">
         <name>.common:Messageindexb</name>
         <uninitialized>true</uninitialized>
         <run_address>0x200031ec</run_address>
         <size>0x4</size>
      </object_component>
      <object_component id="oc-182">
         <name>.common:Messageb</name>
         <uninitialized>true</uninitialized>
         <run_address>0x200031c0</run_address>
         <size>0x8</size>
      </object_component>
      <object_component id="oc-285">
         <name>.common:__TI_tmpnams</name>
         <uninitialized>true</uninitialized>
         <run_address>0x20003120</run_address>
         <size>0xa0</size>
      </object_component>
      <object_component id="oc-2af">
         <name>.common:parmbuf</name>
         <uninitialized>true</uninitialized>
         <run_address>0x200031c8</run_address>
         <size>0x8</size>
      </object_component>
      <object_component id="oc-30">
         <name>.sysmem</name>
         <uninitialized>true</uninitialized>
         <run_address>0x20003220</run_address>
         <size>0x8</size>
         <input_file_ref idref="fl-ef"/>
      </object_component>
      <object_component id="oc-334">
         <name>.sysmem</name>
         <uninitialized>true</uninitialized>
         <run_address>0x20003220</run_address>
         <size>0x0</size>
      </object_component>
      <object_component id="oc-2f">
         <name>.stack</name>
         <uninitialized>true</uninitialized>
         <run_address>0x2000fe00</run_address>
         <size>0x0</size>
         <input_file_ref idref="fl-cb"/>
      </object_component>
      <object_component id="oc-333">
         <name>.stack</name>
         <uninitialized>true</uninitialized>
         <run_address>0x2000fe00</run_address>
         <size>0x0</size>
      </object_component>
      <object_component id="oc-16e">
         <name>.debug_info</name>
         <load_address>0x0</load_address>
         <run_address>0x0</run_address>
         <size>0x554</size>
         <input_file_ref idref="fl-2"/>
      </object_component>
      <object_component id="oc-ff">
         <name>.debug_info</name>
         <load_address>0x554</load_address>
         <run_address>0x554</run_address>
         <size>0x3f1</size>
         <input_file_ref idref="fl-2"/>
      </object_component>
      <object_component id="oc-153">
         <name>.debug_info</name>
         <load_address>0x945</load_address>
         <run_address>0x945</run_address>
         <size>0x37e2</size>
         <input_file_ref idref="fl-2"/>
      </object_component>
      <object_component id="oc-158">
         <name>.debug_info</name>
         <load_address>0x4127</load_address>
         <run_address>0x4127</run_address>
         <size>0x1055</size>
         <input_file_ref idref="fl-2"/>
      </object_component>
      <object_component id="oc-39">
         <name>.debug_info</name>
         <load_address>0x517c</load_address>
         <run_address>0x517c</run_address>
         <size>0x84</size>
         <input_file_ref idref="fl-2"/>
      </object_component>
      <object_component id="oc-d5">
         <name>.debug_info</name>
         <load_address>0x5200</load_address>
         <run_address>0x5200</run_address>
         <size>0x18b</size>
         <input_file_ref idref="fl-2"/>
      </object_component>
      <object_component id="oc-17f">
         <name>.debug_info</name>
         <load_address>0x538b</load_address>
         <run_address>0x538b</run_address>
         <size>0x1bc</size>
         <input_file_ref idref="fl-3"/>
      </object_component>
      <object_component id="oc-10c">
         <name>.debug_info</name>
         <load_address>0x5547</load_address>
         <run_address>0x5547</run_address>
         <size>0x45c</size>
         <input_file_ref idref="fl-3"/>
      </object_component>
      <object_component id="oc-11e">
         <name>.debug_info</name>
         <load_address>0x59a3</load_address>
         <run_address>0x59a3</run_address>
         <size>0x41d</size>
         <input_file_ref idref="fl-4"/>
      </object_component>
      <object_component id="oc-129">
         <name>.debug_info</name>
         <load_address>0x5dc0</load_address>
         <run_address>0x5dc0</run_address>
         <size>0x37d</size>
         <input_file_ref idref="fl-5"/>
      </object_component>
      <object_component id="oc-170">
         <name>.debug_info</name>
         <load_address>0x613d</load_address>
         <run_address>0x613d</run_address>
         <size>0x6cb</size>
         <input_file_ref idref="fl-6"/>
      </object_component>
      <object_component id="oc-106">
         <name>.debug_info</name>
         <load_address>0x6808</load_address>
         <run_address>0x6808</run_address>
         <size>0x5f7</size>
         <input_file_ref idref="fl-6"/>
      </object_component>
      <object_component id="oc-12f">
         <name>.debug_info</name>
         <load_address>0x6dff</load_address>
         <run_address>0x6dff</run_address>
         <size>0x988</size>
         <input_file_ref idref="fl-7"/>
      </object_component>
      <object_component id="oc-b8">
         <name>.debug_info</name>
         <load_address>0x7787</load_address>
         <run_address>0x7787</run_address>
         <size>0x459</size>
         <input_file_ref idref="fl-7"/>
      </object_component>
      <object_component id="oc-1c7">
         <name>.debug_info</name>
         <load_address>0x7be0</load_address>
         <run_address>0x7be0</run_address>
         <size>0x48</size>
         <input_file_ref idref="fl-7"/>
      </object_component>
      <object_component id="oc-117">
         <name>.debug_info</name>
         <load_address>0x7c28</load_address>
         <run_address>0x7c28</run_address>
         <size>0x3d6</size>
         <input_file_ref idref="fl-8"/>
      </object_component>
      <object_component id="oc-124">
         <name>.debug_info</name>
         <load_address>0x7ffe</load_address>
         <run_address>0x7ffe</run_address>
         <size>0xb88</size>
         <input_file_ref idref="fl-9"/>
      </object_component>
      <object_component id="oc-1a4">
         <name>.debug_info</name>
         <load_address>0x8b86</load_address>
         <run_address>0x8b86</run_address>
         <size>0x364</size>
         <input_file_ref idref="fl-a"/>
      </object_component>
      <object_component id="oc-de">
         <name>.debug_info</name>
         <load_address>0x8eea</load_address>
         <run_address>0x8eea</run_address>
         <size>0x56a</size>
         <input_file_ref idref="fl-b"/>
      </object_component>
      <object_component id="oc-db">
         <name>.debug_info</name>
         <load_address>0x9454</load_address>
         <run_address>0x9454</run_address>
         <size>0x144</size>
         <input_file_ref idref="fl-b"/>
      </object_component>
      <object_component id="oc-85">
         <name>.debug_info</name>
         <load_address>0x9598</load_address>
         <run_address>0x9598</run_address>
         <size>0x437</size>
         <input_file_ref idref="fl-b"/>
      </object_component>
      <object_component id="oc-21c">
         <name>.debug_info</name>
         <load_address>0x99cf</load_address>
         <run_address>0x99cf</run_address>
         <size>0x6c0</size>
         <input_file_ref idref="fl-c"/>
      </object_component>
      <object_component id="oc-1c4">
         <name>.debug_info</name>
         <load_address>0xa08f</load_address>
         <run_address>0xa08f</run_address>
         <size>0x1cd</size>
         <input_file_ref idref="fl-c"/>
      </object_component>
      <object_component id="oc-1be">
         <name>.debug_info</name>
         <load_address>0xa25c</load_address>
         <run_address>0xa25c</run_address>
         <size>0x541</size>
         <input_file_ref idref="fl-c"/>
      </object_component>
      <object_component id="oc-d2">
         <name>.debug_info</name>
         <load_address>0xa79d</load_address>
         <run_address>0xa79d</run_address>
         <size>0x57f</size>
         <input_file_ref idref="fl-d"/>
      </object_component>
      <object_component id="oc-82">
         <name>.debug_info</name>
         <load_address>0xad1c</load_address>
         <run_address>0xad1c</run_address>
         <size>0x326</size>
         <input_file_ref idref="fl-d"/>
      </object_component>
      <object_component id="oc-183">
         <name>.debug_info</name>
         <load_address>0xb042</load_address>
         <run_address>0xb042</run_address>
         <size>0x792</size>
         <input_file_ref idref="fl-e"/>
      </object_component>
      <object_component id="oc-111">
         <name>.debug_info</name>
         <load_address>0xb7d4</load_address>
         <run_address>0xb7d4</run_address>
         <size>0x1b68</size>
         <input_file_ref idref="fl-e"/>
      </object_component>
      <object_component id="oc-1dc">
         <name>.debug_info</name>
         <load_address>0xd33c</load_address>
         <run_address>0xd33c</run_address>
         <size>0xc8</size>
         <input_file_ref idref="fl-e"/>
      </object_component>
      <object_component id="oc-19c">
         <name>.debug_info</name>
         <load_address>0xd404</load_address>
         <run_address>0xd404</run_address>
         <size>0x2c</size>
         <input_file_ref idref="fl-e"/>
      </object_component>
      <object_component id="oc-8c">
         <name>.debug_info</name>
         <load_address>0xd430</load_address>
         <run_address>0xd430</run_address>
         <size>0x2b2</size>
         <input_file_ref idref="fl-f"/>
      </object_component>
      <object_component id="oc-2d">
         <name>.debug_info</name>
         <load_address>0xd6e2</load_address>
         <run_address>0xd6e2</run_address>
         <size>0xf0</size>
         <input_file_ref idref="fl-f"/>
      </object_component>
      <object_component id="oc-7b">
         <name>.debug_info</name>
         <load_address>0xd7d2</load_address>
         <run_address>0xd7d2</run_address>
         <size>0x1b7</size>
         <input_file_ref idref="fl-f"/>
      </object_component>
      <object_component id="oc-14e">
         <name>.debug_info</name>
         <load_address>0xd989</load_address>
         <run_address>0xd989</run_address>
         <size>0xe9</size>
         <input_file_ref idref="fl-10"/>
      </object_component>
      <object_component id="oc-ce">
         <name>.debug_info</name>
         <load_address>0xda72</load_address>
         <run_address>0xda72</run_address>
         <size>0x25b</size>
         <input_file_ref idref="fl-10"/>
      </object_component>
      <object_component id="oc-1f2">
         <name>.debug_info</name>
         <load_address>0xdccd</load_address>
         <run_address>0xdccd</run_address>
         <size>0x430</size>
         <input_file_ref idref="fl-ca"/>
      </object_component>
      <object_component id="oc-189">
         <name>.debug_info</name>
         <load_address>0xe0fd</load_address>
         <run_address>0xe0fd</run_address>
         <size>0x2d0</size>
         <input_file_ref idref="fl-ca"/>
      </object_component>
      <object_component id="oc-268">
         <name>.debug_info</name>
         <load_address>0xe3cd</load_address>
         <run_address>0xe3cd</run_address>
         <size>0xea</size>
         <input_file_ref idref="fl-ca"/>
      </object_component>
      <object_component id="oc-263">
         <name>.debug_info</name>
         <load_address>0xe4b7</load_address>
         <run_address>0xe4b7</run_address>
         <size>0x2c</size>
         <input_file_ref idref="fl-ca"/>
      </object_component>
      <object_component id="oc-29">
         <name>.debug_info</name>
         <load_address>0xe4e3</load_address>
         <run_address>0xe4e3</run_address>
         <size>0x160</size>
         <input_file_ref idref="fl-cb"/>
      </object_component>
      <object_component id="oc-96">
         <name>.debug_info</name>
         <load_address>0xe643</load_address>
         <run_address>0xe643</run_address>
         <size>0x293</size>
         <input_file_ref idref="fl-cc"/>
      </object_component>
      <object_component id="oc-15">
         <name>.debug_info</name>
         <load_address>0xe8d6</load_address>
         <run_address>0xe8d6</run_address>
         <size>0x245</size>
         <input_file_ref idref="fl-cc"/>
      </object_component>
      <object_component id="oc-34">
         <name>.debug_info</name>
         <load_address>0xeb1b</load_address>
         <run_address>0xeb1b</run_address>
         <size>0x60</size>
         <input_file_ref idref="fl-cc"/>
      </object_component>
      <object_component id="oc-91">
         <name>.debug_info</name>
         <load_address>0xeb7b</load_address>
         <run_address>0xeb7b</run_address>
         <size>0x46</size>
         <input_file_ref idref="fl-cc"/>
      </object_component>
      <object_component id="oc-49">
         <name>.debug_info</name>
         <load_address>0xebc1</load_address>
         <run_address>0xebc1</run_address>
         <size>0x2da</size>
         <input_file_ref idref="fl-cd"/>
      </object_component>
      <object_component id="oc-1c">
         <name>.debug_info</name>
         <load_address>0xee9b</load_address>
         <run_address>0xee9b</run_address>
         <size>0x1df</size>
         <input_file_ref idref="fl-cd"/>
      </object_component>
      <object_component id="oc-44">
         <name>.debug_info</name>
         <load_address>0xf07a</load_address>
         <run_address>0xf07a</run_address>
         <size>0x46</size>
         <input_file_ref idref="fl-cd"/>
      </object_component>
      <object_component id="oc-98">
         <name>.debug_info</name>
         <load_address>0xf0c0</load_address>
         <run_address>0xf0c0</run_address>
         <size>0x2c</size>
         <input_file_ref idref="fl-cd"/>
      </object_component>
      <object_component id="oc-55">
         <name>.debug_info</name>
         <load_address>0xf0ec</load_address>
         <run_address>0xf0ec</run_address>
         <size>0x2c9</size>
         <input_file_ref idref="fl-ce"/>
      </object_component>
      <object_component id="oc-21">
         <name>.debug_info</name>
         <load_address>0xf3b5</load_address>
         <run_address>0xf3b5</run_address>
         <size>0x1aa</size>
         <input_file_ref idref="fl-ce"/>
      </object_component>
      <object_component id="oc-50">
         <name>.debug_info</name>
         <load_address>0xf55f</load_address>
         <run_address>0xf55f</run_address>
         <size>0x46</size>
         <input_file_ref idref="fl-ce"/>
      </object_component>
      <object_component id="oc-a0">
         <name>.debug_info</name>
         <load_address>0xf5a5</load_address>
         <run_address>0xf5a5</run_address>
         <size>0x2c</size>
         <input_file_ref idref="fl-ce"/>
      </object_component>
      <object_component id="oc-214">
         <name>.debug_info</name>
         <load_address>0xf5d1</load_address>
         <run_address>0xf5d1</run_address>
         <size>0x139</size>
         <input_file_ref idref="fl-cf"/>
      </object_component>
      <object_component id="oc-199">
         <name>.debug_info</name>
         <load_address>0xf70a</load_address>
         <run_address>0xf70a</run_address>
         <size>0xf7</size>
         <input_file_ref idref="fl-cf"/>
      </object_component>
      <object_component id="oc-200">
         <name>.debug_info</name>
         <load_address>0xf801</load_address>
         <run_address>0xf801</run_address>
         <size>0x184</size>
         <input_file_ref idref="fl-cf"/>
      </object_component>
      <object_component id="oc-28c">
         <name>.debug_info</name>
         <load_address>0xf985</load_address>
         <run_address>0xf985</run_address>
         <size>0xae</size>
         <input_file_ref idref="fl-cf"/>
      </object_component>
      <object_component id="oc-c6">
         <name>.debug_info</name>
         <load_address>0xfa33</load_address>
         <run_address>0xfa33</run_address>
         <size>0x3ce</size>
         <input_file_ref idref="fl-d0"/>
      </object_component>
      <object_component id="oc-c0">
         <name>.debug_info</name>
         <load_address>0xfe01</load_address>
         <run_address>0xfe01</run_address>
         <size>0x185</size>
         <input_file_ref idref="fl-d0"/>
      </object_component>
      <object_component id="oc-72">
         <name>.debug_info</name>
         <load_address>0xff86</load_address>
         <run_address>0xff86</run_address>
         <size>0x214</size>
         <input_file_ref idref="fl-d0"/>
      </object_component>
      <object_component id="oc-1b5">
         <name>.debug_info</name>
         <load_address>0x1019a</load_address>
         <run_address>0x1019a</run_address>
         <size>0x132</size>
         <input_file_ref idref="fl-d1"/>
      </object_component>
      <object_component id="oc-1b1">
         <name>.debug_info</name>
         <load_address>0x102cc</load_address>
         <run_address>0x102cc</run_address>
         <size>0x132</size>
         <input_file_ref idref="fl-d2"/>
      </object_component>
      <object_component id="oc-1b9">
         <name>.debug_info</name>
         <load_address>0x103fe</load_address>
         <run_address>0x103fe</run_address>
         <size>0x131</size>
         <input_file_ref idref="fl-d3"/>
      </object_component>
      <object_component id="oc-204">
         <name>.debug_info</name>
         <load_address>0x1052f</load_address>
         <run_address>0x1052f</run_address>
         <size>0x3d6</size>
         <input_file_ref idref="fl-d4"/>
      </object_component>
      <object_component id="oc-18d">
         <name>.debug_info</name>
         <load_address>0x10905</load_address>
         <run_address>0x10905</run_address>
         <size>0x455</size>
         <input_file_ref idref="fl-d4"/>
      </object_component>
      <object_component id="oc-e3">
         <name>.debug_info</name>
         <load_address>0x10d5a</load_address>
         <run_address>0x10d5a</run_address>
         <size>0x2c</size>
         <input_file_ref idref="fl-d4"/>
      </object_component>
      <object_component id="oc-231">
         <name>.debug_info</name>
         <load_address>0x10d86</load_address>
         <run_address>0x10d86</run_address>
         <size>0x417</size>
         <input_file_ref idref="fl-d5"/>
      </object_component>
      <object_component id="oc-1e3">
         <name>.debug_info</name>
         <load_address>0x1119d</load_address>
         <run_address>0x1119d</run_address>
         <size>0x282</size>
         <input_file_ref idref="fl-d5"/>
      </object_component>
      <object_component id="oc-1ab">
         <name>.debug_info</name>
         <load_address>0x1141f</load_address>
         <run_address>0x1141f</run_address>
         <size>0x124</size>
         <input_file_ref idref="fl-d6"/>
      </object_component>
      <object_component id="oc-40">
         <name>.debug_info</name>
         <load_address>0x11543</load_address>
         <run_address>0x11543</run_address>
         <size>0x111</size>
         <input_file_ref idref="fl-d7"/>
      </object_component>
      <object_component id="oc-4c">
         <name>.debug_info</name>
         <load_address>0x11654</load_address>
         <run_address>0x11654</run_address>
         <size>0x13f</size>
         <input_file_ref idref="fl-d8"/>
      </object_component>
      <object_component id="oc-57">
         <name>.debug_info</name>
         <load_address>0x11793</load_address>
         <run_address>0x11793</run_address>
         <size>0x138</size>
         <input_file_ref idref="fl-d9"/>
      </object_component>
      <object_component id="oc-272">
         <name>.debug_info</name>
         <load_address>0x118cb</load_address>
         <run_address>0x118cb</run_address>
         <size>0x3f7</size>
         <input_file_ref idref="fl-da"/>
      </object_component>
      <object_component id="oc-1f4">
         <name>.debug_info</name>
         <load_address>0x11cc2</load_address>
         <run_address>0x11cc2</run_address>
         <size>0x23a</size>
         <input_file_ref idref="fl-da"/>
      </object_component>
      <object_component id="oc-2c7">
         <name>.debug_info</name>
         <load_address>0x11efc</load_address>
         <run_address>0x11efc</run_address>
         <size>0x120</size>
         <input_file_ref idref="fl-da"/>
      </object_component>
      <object_component id="oc-5d">
         <name>.debug_info</name>
         <load_address>0x1201c</load_address>
         <run_address>0x1201c</run_address>
         <size>0x148</size>
         <input_file_ref idref="fl-db"/>
      </object_component>
      <object_component id="oc-20c">
         <name>.debug_info</name>
         <load_address>0x12164</load_address>
         <run_address>0x12164</run_address>
         <size>0x35a</size>
         <input_file_ref idref="fl-dc"/>
      </object_component>
      <object_component id="oc-193">
         <name>.debug_info</name>
         <load_address>0x124be</load_address>
         <run_address>0x124be</run_address>
         <size>0x200</size>
         <input_file_ref idref="fl-dc"/>
      </object_component>
      <object_component id="oc-20d">
         <name>.debug_info</name>
         <load_address>0x126be</load_address>
         <run_address>0x126be</run_address>
         <size>0xbb</size>
         <input_file_ref idref="fl-dc"/>
      </object_component>
      <object_component id="oc-75">
         <name>.debug_info</name>
         <load_address>0x12779</load_address>
         <run_address>0x12779</run_address>
         <size>0x109</size>
         <input_file_ref idref="fl-dd"/>
      </object_component>
      <object_component id="oc-29e">
         <name>.debug_info</name>
         <load_address>0x12882</load_address>
         <run_address>0x12882</run_address>
         <size>0x28f</size>
         <input_file_ref idref="fl-de"/>
      </object_component>
      <object_component id="oc-22d">
         <name>.debug_info</name>
         <load_address>0x12b11</load_address>
         <run_address>0x12b11</run_address>
         <size>0x244</size>
         <input_file_ref idref="fl-de"/>
      </object_component>
      <object_component id="oc-29c">
         <name>.debug_info</name>
         <load_address>0x12d55</load_address>
         <run_address>0x12d55</run_address>
         <size>0x27f</size>
         <input_file_ref idref="fl-df"/>
      </object_component>
      <object_component id="oc-227">
         <name>.debug_info</name>
         <load_address>0x12fd4</load_address>
         <run_address>0x12fd4</run_address>
         <size>0x258</size>
         <input_file_ref idref="fl-df"/>
      </object_component>
      <object_component id="oc-233">
         <name>.debug_info</name>
         <load_address>0x1322c</load_address>
         <run_address>0x1322c</run_address>
         <size>0x290</size>
         <input_file_ref idref="fl-e0"/>
      </object_component>
      <object_component id="oc-1e9">
         <name>.debug_info</name>
         <load_address>0x134bc</load_address>
         <run_address>0x134bc</run_address>
         <size>0x259</size>
         <input_file_ref idref="fl-e0"/>
      </object_component>
      <object_component id="oc-260">
         <name>.debug_info</name>
         <load_address>0x13715</load_address>
         <run_address>0x13715</run_address>
         <size>0x4c5</size>
         <input_file_ref idref="fl-e1"/>
      </object_component>
      <object_component id="oc-1ef">
         <name>.debug_info</name>
         <load_address>0x13bda</load_address>
         <run_address>0x13bda</run_address>
         <size>0xf8</size>
         <input_file_ref idref="fl-e1"/>
      </object_component>
      <object_component id="oc-26f">
         <name>.debug_info</name>
         <load_address>0x13cd2</load_address>
         <run_address>0x13cd2</run_address>
         <size>0xf8</size>
         <input_file_ref idref="fl-e1"/>
      </object_component>
      <object_component id="oc-2d1">
         <name>.debug_info</name>
         <load_address>0x13dca</load_address>
         <run_address>0x13dca</run_address>
         <size>0x184</size>
         <input_file_ref idref="fl-e1"/>
      </object_component>
      <object_component id="oc-149">
         <name>.debug_info</name>
         <load_address>0x13f4e</load_address>
         <run_address>0x13f4e</run_address>
         <size>0x2be</size>
         <input_file_ref idref="fl-e2"/>
      </object_component>
      <object_component id="oc-c3">
         <name>.debug_info</name>
         <load_address>0x1420c</load_address>
         <run_address>0x1420c</run_address>
         <size>0x113</size>
         <input_file_ref idref="fl-e2"/>
      </object_component>
      <object_component id="oc-142">
         <name>.debug_info</name>
         <load_address>0x1431f</load_address>
         <run_address>0x1431f</run_address>
         <size>0x21f</size>
         <input_file_ref idref="fl-e2"/>
      </object_component>
      <object_component id="oc-be">
         <name>.debug_info</name>
         <load_address>0x1453e</load_address>
         <run_address>0x1453e</run_address>
         <size>0x300</size>
         <input_file_ref idref="fl-e3"/>
      </object_component>
      <object_component id="oc-6c">
         <name>.debug_info</name>
         <load_address>0x1483e</load_address>
         <run_address>0x1483e</run_address>
         <size>0x167</size>
         <input_file_ref idref="fl-e3"/>
      </object_component>
      <object_component id="oc-13a">
         <name>.debug_info</name>
         <load_address>0x149a5</load_address>
         <run_address>0x149a5</run_address>
         <size>0x5e</size>
         <input_file_ref idref="fl-e3"/>
      </object_component>
      <object_component id="oc-b6">
         <name>.debug_info</name>
         <load_address>0x14a03</load_address>
         <run_address>0x14a03</run_address>
         <size>0x483</size>
         <input_file_ref idref="fl-e4"/>
      </object_component>
      <object_component id="oc-63">
         <name>.debug_info</name>
         <load_address>0x14e86</load_address>
         <run_address>0x14e86</run_address>
         <size>0x190</size>
         <input_file_ref idref="fl-e4"/>
      </object_component>
      <object_component id="oc-f4">
         <name>.debug_info</name>
         <load_address>0x15016</load_address>
         <run_address>0x15016</run_address>
         <size>0x39</size>
         <input_file_ref idref="fl-e4"/>
      </object_component>
      <object_component id="oc-168">
         <name>.debug_info</name>
         <load_address>0x1504f</load_address>
         <run_address>0x1504f</run_address>
         <size>0x39</size>
         <input_file_ref idref="fl-e4"/>
      </object_component>
      <object_component id="oc-f9">
         <name>.debug_info</name>
         <load_address>0x15088</load_address>
         <run_address>0x15088</run_address>
         <size>0xcd</size>
         <input_file_ref idref="fl-e4"/>
      </object_component>
      <object_component id="oc-f0">
         <name>.debug_info</name>
         <load_address>0x15155</load_address>
         <run_address>0x15155</run_address>
         <size>0x37a</size>
         <input_file_ref idref="fl-e5"/>
      </object_component>
      <object_component id="oc-ab">
         <name>.debug_info</name>
         <load_address>0x154cf</load_address>
         <run_address>0x154cf</run_address>
         <size>0x183</size>
         <input_file_ref idref="fl-e5"/>
      </object_component>
      <object_component id="oc-163">
         <name>.debug_info</name>
         <load_address>0x15652</load_address>
         <run_address>0x15652</run_address>
         <size>0x2c</size>
         <input_file_ref idref="fl-e5"/>
      </object_component>
      <object_component id="oc-287">
         <name>.debug_info</name>
         <load_address>0x1567e</load_address>
         <run_address>0x1567e</run_address>
         <size>0x39a</size>
         <input_file_ref idref="fl-e6"/>
      </object_component>
      <object_component id="oc-1fa">
         <name>.debug_info</name>
         <load_address>0x15a18</load_address>
         <run_address>0x15a18</run_address>
         <size>0x298</size>
         <input_file_ref idref="fl-e6"/>
      </object_component>
      <object_component id="oc-2d7">
         <name>.debug_info</name>
         <load_address>0x15cb0</load_address>
         <run_address>0x15cb0</run_address>
         <size>0x33c</size>
         <input_file_ref idref="fl-e7"/>
      </object_component>
      <object_component id="oc-274">
         <name>.debug_info</name>
         <load_address>0x15fec</load_address>
         <run_address>0x15fec</run_address>
         <size>0x25a</size>
         <input_file_ref idref="fl-e7"/>
      </object_component>
      <object_component id="oc-2b4">
         <name>.debug_info</name>
         <load_address>0x16246</load_address>
         <run_address>0x16246</run_address>
         <size>0x368</size>
         <input_file_ref idref="fl-e8"/>
      </object_component>
      <object_component id="oc-23c">
         <name>.debug_info</name>
         <load_address>0x165ae</load_address>
         <run_address>0x165ae</run_address>
         <size>0x1b1</size>
         <input_file_ref idref="fl-e8"/>
      </object_component>
      <object_component id="oc-2ba">
         <name>.debug_info</name>
         <load_address>0x1675f</load_address>
         <run_address>0x1675f</run_address>
         <size>0x36d</size>
         <input_file_ref idref="fl-e9"/>
      </object_component>
      <object_component id="oc-24e">
         <name>.debug_info</name>
         <load_address>0x16acc</load_address>
         <run_address>0x16acc</run_address>
         <size>0x205</size>
         <input_file_ref idref="fl-e9"/>
      </object_component>
      <object_component id="oc-2b0">
         <name>.debug_info</name>
         <load_address>0x16cd1</load_address>
         <run_address>0x16cd1</run_address>
         <size>0x3cb</size>
         <input_file_ref idref="fl-ea"/>
      </object_component>
      <object_component id="oc-235">
         <name>.debug_info</name>
         <load_address>0x1709c</load_address>
         <run_address>0x1709c</run_address>
         <size>0x201</size>
         <input_file_ref idref="fl-ea"/>
      </object_component>
      <object_component id="oc-2b6">
         <name>.debug_info</name>
         <load_address>0x1729d</load_address>
         <run_address>0x1729d</run_address>
         <size>0x36c</size>
         <input_file_ref idref="fl-eb"/>
      </object_component>
      <object_component id="oc-241">
         <name>.debug_info</name>
         <load_address>0x17609</load_address>
         <run_address>0x17609</run_address>
         <size>0x1f0</size>
         <input_file_ref idref="fl-eb"/>
      </object_component>
      <object_component id="oc-2c4">
         <name>.debug_info</name>
         <load_address>0x177f9</load_address>
         <run_address>0x177f9</run_address>
         <size>0x3f3</size>
         <input_file_ref idref="fl-ec"/>
      </object_component>
      <object_component id="oc-259">
         <name>.debug_info</name>
         <load_address>0x17bec</load_address>
         <run_address>0x17bec</run_address>
         <size>0x22b</size>
         <input_file_ref idref="fl-ec"/>
      </object_component>
      <object_component id="oc-2bc">
         <name>.debug_info</name>
         <load_address>0x17e17</load_address>
         <run_address>0x17e17</run_address>
         <size>0x3be</size>
         <input_file_ref idref="fl-ed"/>
      </object_component>
      <object_component id="oc-254">
         <name>.debug_info</name>
         <load_address>0x181d5</load_address>
         <run_address>0x181d5</run_address>
         <size>0x1bb</size>
         <input_file_ref idref="fl-ed"/>
      </object_component>
      <object_component id="oc-2b8">
         <name>.debug_info</name>
         <load_address>0x18390</load_address>
         <run_address>0x18390</run_address>
         <size>0x36d</size>
         <input_file_ref idref="fl-ee"/>
      </object_component>
      <object_component id="oc-248">
         <name>.debug_info</name>
         <load_address>0x186fd</load_address>
         <run_address>0x186fd</run_address>
         <size>0x1f5</size>
         <input_file_ref idref="fl-ee"/>
      </object_component>
      <object_component id="oc-8f">
         <name>.debug_info</name>
         <load_address>0x188f2</load_address>
         <run_address>0x188f2</run_address>
         <size>0x3bc</size>
         <input_file_ref idref="fl-ef"/>
      </object_component>
      <object_component id="oc-31">
         <name>.debug_info</name>
         <load_address>0x18cae</load_address>
         <run_address>0x18cae</run_address>
         <size>0x101</size>
         <input_file_ref idref="fl-ef"/>
      </object_component>
      <object_component id="oc-292">
         <name>.debug_info</name>
         <load_address>0x18daf</load_address>
         <run_address>0x18daf</run_address>
         <size>0x14c</size>
         <input_file_ref idref="fl-ef"/>
      </object_component>
      <object_component id="oc-208">
         <name>.debug_info</name>
         <load_address>0x18efb</load_address>
         <run_address>0x18efb</run_address>
         <size>0x885</size>
         <input_file_ref idref="fl-ef"/>
      </object_component>
      <object_component id="oc-e8">
         <name>.debug_info</name>
         <load_address>0x19780</load_address>
         <run_address>0x19780</run_address>
         <size>0x62</size>
         <input_file_ref idref="fl-ef"/>
      </object_component>
      <object_component id="oc-b1">
         <name>.debug_info</name>
         <load_address>0x197e2</load_address>
         <run_address>0x197e2</run_address>
         <size>0x145</size>
         <input_file_ref idref="fl-f1"/>
      </object_component>
      <object_component id="oc-2f8">
         <name>.debug_info</name>
         <load_address>0x19927</load_address>
         <run_address>0x19927</run_address>
         <size>0x28a</size>
         <input_file_ref idref="fl-f2"/>
      </object_component>
      <object_component id="oc-2bf">
         <name>.debug_info</name>
         <load_address>0x19bb1</load_address>
         <run_address>0x19bb1</run_address>
         <size>0x231</size>
         <input_file_ref idref="fl-f2"/>
      </object_component>
      <object_component id="oc-2e5">
         <name>.debug_info</name>
         <load_address>0x19de2</load_address>
         <run_address>0x19de2</run_address>
         <size>0x284</size>
         <input_file_ref idref="fl-f3"/>
      </object_component>
      <object_component id="oc-2a5">
         <name>.debug_info</name>
         <load_address>0x1a066</load_address>
         <run_address>0x1a066</run_address>
         <size>0x22a</size>
         <input_file_ref idref="fl-f3"/>
      </object_component>
      <object_component id="oc-2ea">
         <name>.debug_info</name>
         <load_address>0x1a290</load_address>
         <run_address>0x1a290</run_address>
         <size>0x2b0</size>
         <input_file_ref idref="fl-f4"/>
      </object_component>
      <object_component id="oc-2e7">
         <name>.debug_info</name>
         <load_address>0x1a540</load_address>
         <run_address>0x1a540</run_address>
         <size>0xfd</size>
         <input_file_ref idref="fl-f4"/>
      </object_component>
      <object_component id="oc-2aa">
         <name>.debug_info</name>
         <load_address>0x1a63d</load_address>
         <run_address>0x1a63d</run_address>
         <size>0x281</size>
         <input_file_ref idref="fl-f4"/>
      </object_component>
      <object_component id="oc-2db">
         <name>.debug_info</name>
         <load_address>0x1a8be</load_address>
         <run_address>0x1a8be</run_address>
         <size>0x3c6</size>
         <input_file_ref idref="fl-f5"/>
      </object_component>
      <object_component id="oc-282">
         <name>.debug_info</name>
         <load_address>0x1ac84</load_address>
         <run_address>0x1ac84</run_address>
         <size>0x19a</size>
         <input_file_ref idref="fl-f5"/>
      </object_component>
      <object_component id="oc-2d9">
         <name>.debug_info</name>
         <load_address>0x1ae1e</load_address>
         <run_address>0x1ae1e</run_address>
         <size>0x3c4</size>
         <input_file_ref idref="fl-f6"/>
      </object_component>
      <object_component id="oc-27a">
         <name>.debug_info</name>
         <load_address>0x1b1e2</load_address>
         <run_address>0x1b1e2</run_address>
         <size>0x18a</size>
         <input_file_ref idref="fl-f6"/>
      </object_component>
      <object_component id="oc-335">
         <name>.debug_info</name>
         <load_address>0x1b36c</load_address>
         <run_address>0x1b36c</run_address>
         <size>0xb4</size>
      </object_component>
      <object_component id="oc-1d5">
         <name>.debug_line</name>
         <load_address>0x0</load_address>
         <run_address>0x0</run_address>
         <size>0x20</size>
         <input_file_ref idref="fl-2"/>
      </object_component>
      <object_component id="oc-102">
         <name>.debug_line</name>
         <load_address>0x20</load_address>
         <run_address>0x20</run_address>
         <size>0xe4</size>
         <input_file_ref idref="fl-2"/>
      </object_component>
      <object_component id="oc-156">
         <name>.debug_line</name>
         <load_address>0x104</load_address>
         <run_address>0x104</run_address>
         <size>0x52</size>
         <input_file_ref idref="fl-2"/>
      </object_component>
      <object_component id="oc-15b">
         <name>.debug_line</name>
         <load_address>0x156</load_address>
         <run_address>0x156</run_address>
         <size>0x55</size>
         <input_file_ref idref="fl-2"/>
      </object_component>
      <object_component id="oc-3c">
         <name>.debug_line</name>
         <load_address>0x1ab</load_address>
         <run_address>0x1ab</run_address>
         <size>0x20</size>
         <input_file_ref idref="fl-2"/>
      </object_component>
      <object_component id="oc-d8">
         <name>.debug_line</name>
         <load_address>0x1cb</load_address>
         <run_address>0x1cb</run_address>
         <size>0x65</size>
         <input_file_ref idref="fl-2"/>
      </object_component>
      <object_component id="oc-1d9">
         <name>.debug_line</name>
         <load_address>0x230</load_address>
         <run_address>0x230</run_address>
         <size>0x54</size>
         <input_file_ref idref="fl-3"/>
      </object_component>
[...]
      </symbol>
      <symbol id="sm-36a">
         <name>add_device</name>
         <value>0x243d</value>
         <object_component_ref idref="oc-186"/>
      </symbol>
      <symbol id="sm-37b">
         <name>_c_int00</name>
         <value>0x2bad</value>
         <object_component_ref idref="oc-26"/>
      </symbol>
      <symbol id="sm-37c">
         <name>__stack</name>
         <value>0x2000fe00</value>
         <object_component_ref idref="oc-2f"/>
      </symbol>
      <symbol id="sm-39a">
         <name>__TI_decompress_lzss</name>
         <value>0x28a1</value>
         <object_component_ref idref="oc-14"/>
      </symbol>
      <symbol id="sm-3b1">
         <name>__TI_decompress_none</name>
         <value>0x2ecd</value>
         <object_component_ref idref="oc-1a"/>
      </symbol>
      <symbol id="sm-3c8">
         <name>__TI_zero_init</name>
         <value>0x2ee9</value>
         <object_component_ref idref="oc-20"/>
      </symbol>
      <symbol id="sm-3e2">
         <name>__TI_tmpnams</name>
         <value>0x20003120</value>
      </symbol>
      <symbol id="sm-3e3">
         <name>__aeabi_stdout</name>
         <value>0x200037f8</value>
         <object_component_ref idref="oc-1ff"/>
      </symbol>
      <symbol id="sm-3e4">
         <name>__aeabi_stderr</name>
         <value>0x200037fc</value>
         <object_component_ref idref="oc-1ff"/>
      </symbol>
      <symbol id="sm-3e5">
         <name>__aeabi_stdin</name>
         <value>0x200037f4</value>
         <object_component_ref idref="oc-1ff"/>
      </symbol>
      <symbol id="sm-3e6">
         <name>_ftable</name>
         <value>0x20003620</value>
         <object_component_ref idref="oc-198"/>
      </symbol>
      <symbol id="sm-3e7">
         <name>__TI_ft_end</name>
         <value>0x200037f0</value>
         <object_component_ref idref="oc-1ff"/>
      </symbol>
      <symbol id="sm-408">
         <name>C$$EXIT</name>
         <value>0x2c01</value>
         <object_component_ref idref="oc-6e"/>
      </symbol>
      <symbol id="sm-409">
         <name>abort</name>
         <value>0x2c05</value>
         <object_component_ref idref="oc-6e"/>
      </symbol>
      <symbol id="sm-40a">
         <name>exit</name>
         <value>0x2c0d</value>
         <object_component_ref idref="oc-6e"/>
      </symbol>
      <symbol id="sm-40b">
         <name>__TI_dtors_ptr</name>
         <value>0x20003804</value>
         <object_component_ref idref="oc-bf"/>
      </symbol>
      <symbol id="sm-40c">
         <name>__TI_cleanup_ptr</name>
         <value>0x20003800</value>
         <object_component_ref idref="oc-bf"/>
      </symbol>
      <symbol id="sm-40d">
         <name>__TI_enable_exit_profile_output</name>
         <value>0x20003808</value>
         <object_component_ref idref="oc-bf"/>
      </symbol>
      <symbol id="sm-421">
         <name>__aeabi_ddiv</name>
         <value>0x1cc5</value>
         <object_component_ref idref="oc-1b3"/>
      </symbol>
      <symbol id="sm-42c">
         <name>__aeabi_dmul</name>
         <value>0x1f01</value>
         <object_component_ref idref="oc-1ae"/>
      </symbol>
      <symbol id="sm-436">
         <name>__aeabi_d2uiz</name>
         <value>0x2ca1</value>
         <object_component_ref idref="oc-1b8"/>
      </symbol>
      <symbol id="sm-46d">
         <name>__TI_cleanup</name>
         <value>0x18c5</value>
         <object_component_ref idref="oc-18c"/>
      </symbol>
      <symbol id="sm-46e">
         <name>freopen</name>
         <value>0x18f1</value>
         <object_component_ref idref="oc-18c"/>
      </symbol>
      <symbol id="sm-46f">
         <name>fopen</name>
         <value>0x191b</value>
         <object_component_ref idref="oc-18c"/>
      </symbol>
      <symbol id="sm-484">
         <name>finddevice</name>
         <value>0x2831</value>
         <object_component_ref idref="oc-1e1"/>
      </symbol>
      <symbol id="sm-485">
         <name>getdevice</name>
         <value>0x285b</value>
         <object_component_ref idref="oc-1e1"/>
      </symbol>
      <symbol id="sm-48f">
         <name>__aeabi_i2d</name>
         <value>0x2da3</value>
         <object_component_ref idref="oc-1a9"/>
      </symbol>
      <symbol id="sm-4aa">
         <name>memcpy</name>
         <value>0x259d</value>
         <object_component_ref idref="oc-3e"/>
      </symbol>
      <symbol id="sm-4ab">
         <name>__aeabi_memcpy</name>
         <value>0x259d</value>
         <object_component_ref idref="oc-3e"/>
      </symbol>
      <symbol id="sm-4ac">
         <name>__aeabi_memcpy8</name>
         <value>0x259d</value>
         <object_component_ref idref="oc-3e"/>
      </symbol>
      <symbol id="sm-4ad">
         <name>__aeabi_memcpy4</name>
         <value>0x259d</value>
         <object_component_ref idref="oc-3e"/>
      </symbol>
      <symbol id="sm-4bc">
         <name>__aeabi_memset</name>
         <value>0x26d3</value>
         <object_component_ref idref="oc-4a"/>
      </symbol>
      <symbol id="sm-4bd">
         <name>memset</name>
         <value>0x26d9</value>
         <object_component_ref idref="oc-4a"/>
      </symbol>
      <symbol id="sm-4be">
         <name>__aeabi_memset8</name>
         <value>0x26d3</value>
         <object_component_ref idref="oc-4a"/>
      </symbol>
      <symbol id="sm-4bf">
         <name>__aeabi_memset4</name>
         <value>0x26d3</value>
         <object_component_ref idref="oc-4a"/>
      </symbol>
      <symbol id="sm-4c0">
         <name>__aeabi_memclr8</name>
         <value>0x26d1</value>
         <object_component_ref idref="oc-4a"/>
      </symbol>
      <symbol id="sm-4c1">
         <name>__aeabi_memclr4</name>
         <value>0x26d1</value>
         <object_component_ref idref="oc-4a"/>
      </symbol>
      <symbol id="sm-4c2">
         <name>__aeabi_memclr</name>
         <value>0x26d1</value>
         <object_component_ref idref="oc-4a"/>
      </symbol>
      <symbol id="sm-4cc">
         <name>__mpu_init</name>
         <value>0x1dfb</value>
         <object_component_ref idref="oc-56"/>
      </symbol>
      <symbol id="sm-4ee">
         <name>open</name>
         <value>0x2381</value>
         <object_component_ref idref="oc-1f3"/>
      </symbol>
      <symbol id="sm-4f8">
         <name>_system_pre_init</name>
         <value>0x2ef5</value>
         <object_component_ref idref="oc-5c"/>
      </symbol>
      <symbol id="sm-519">
         <name>setvbuf</name>
         <value>0x21dd</value>
         <object_component_ref idref="oc-192"/>
      </symbol>
      <symbol id="sm-521">
         <name>main_func_sp</name>
         <value>0x20003840</value>
         <object_component_ref idref="oc-74"/>
      </symbol>
      <symbol id="sm-531">
         <name>strchr</name>
         <value>0x2e79</value>
         <object_component_ref idref="oc-22a"/>
      </symbol>
      <symbol id="sm-540">
         <name>strcmp</name>
         <value>0x2e61</value>
         <object_component_ref idref="oc-224"/>
      </symbol>
      <symbol id="sm-550">
         <name>strncpy</name>
         <value>0x2d6d</value>
         <object_component_ref idref="oc-1e7"/>
      </symbol>
      <symbol id="sm-56c">
         <name>_stream</name>
         <value>0x20003788</value>
         <object_component_ref idref="oc-26e"/>
      </symbol>
      <symbol id="sm-56d">
         <name>_device</name>
         <value>0x20003710</value>
         <object_component_ref idref="oc-1ee"/>
      </symbol>
      <symbol id="sm-56e">
         <name>write</name>
         <value>0x2dfd</value>
         <object_component_ref idref="oc-2d0"/>
      </symbol>
      <symbol id="sm-587">
         <name>_nop</name>
         <value>0x2e9f</value>
         <object_component_ref idref="oc-141"/>
      </symbol>
      <symbol id="sm-588">
         <name>_lock</name>
         <value>0x20003824</value>
         <object_component_ref idref="oc-c2"/>
      </symbol>
      <symbol id="sm-589">
         <name>_unlock</name>
         <value>0x20003828</value>
         <object_component_ref idref="oc-c2"/>
      </symbol>
      <symbol id="sm-58a">
         <name>_register_lock</name>
         <value>0x2e97</value>
         <object_component_ref idref="oc-141"/>
      </symbol>
      <symbol id="sm-58b">
         <name>_register_unlock</name>
         <value>0x2e91</value>
         <object_component_ref idref="oc-141"/>
      </symbol>
      <symbol id="sm-59f">
         <name>_args_main</name>
         <value>0x2e49</value>
         <object_component_ref idref="oc-68"/>
      </symbol>
      <symbol id="sm-5c9">
         <name>__TI_auto_init</name>
         <value>0x27c1</value>
         <object_component_ref idref="oc-62"/>
      </symbol>
      <symbol id="sm-5e3">
         <name>copy_in</name>
         <value>0x2c55</value>
         <object_component_ref idref="oc-a9"/>
      </symbol>
      <symbol id="sm-5f9">
         <name>__TI_closefile</name>
         <value>0x2639</value>
         <object_component_ref idref="oc-1f9"/>
      </symbol>
      <symbol id="sm-5fa">
         <name>fclose</name>
         <value>0x269f</value>
         <object_component_ref idref="oc-1f9"/>
      </symbol>
      <symbol id="sm-614">
         <name>__TI_doflush</name>
         <value>0x22b9</value>
         <object_component_ref idref="oc-273"/>
      </symbol>
      <symbol id="sm-615">
         <name>fflush</name>
         <value>0x2305</value>
         <object_component_ref idref="oc-273"/>
      </symbol>
      <symbol id="sm-626">
         <name>HOSTclose</name>
         <value>0x2ce5</value>
         <object_component_ref idref="oc-23a"/>
      </symbol>
      <symbol id="sm-637">
         <name>HOSTlseek</name>
         <value>0x2909</value>
         <object_component_ref idref="oc-24c"/>
      </symbol>
      <symbol id="sm-649">
         <name>parmbuf</name>
         <value>0x200031c8</value>
      </symbol>
      <symbol id="sm-64a">
         <name>HOSTopen</name>
         <value>0x2a41</value>
         <object_component_ref idref="oc-234"/>
      </symbol>
      <symbol id="sm-65b">
         <name>HOSTread</name>
         <value>0x2afd</value>
         <object_component_ref idref="oc-240"/>
      </symbol>
      <symbol id="sm-66c">
         <name>HOSTrename</name>
         <value>0x2971</value>
         <object_component_ref idref="oc-258"/>
      </symbol>
      <symbol id="sm-67d">
         <name>HOSTunlink</name>
         <value>0x2d29</value>
         <object_component_ref idref="oc-252"/>
      </symbol>
      <symbol id="sm-68e">
         <name>HOSTwrite</name>
         <value>0x2b55</value>
         <object_component_ref idref="oc-246"/>
      </symbol>
      <symbol id="sm-700">
         <name>_sys_memory</name>
         <value>0x20003220</value>
         <object_component_ref idref="oc-30"/>
      </symbol>
      <symbol id="sm-701">
         <name>free</name>
         <value>0x88b</value>
         <object_component_ref idref="oc-205"/>
      </symbol>
      <symbol id="sm-702">
         <name>realloc</name>
         <value>0x94b</value>
         <object_component_ref idref="oc-205"/>
      </symbol>
      <symbol id="sm-703">
         <name>memalign</name>
         <value>0xa55</value>
         <object_component_ref idref="oc-205"/>
      </symbol>
      <symbol id="sm-704">
         <name>calloc</name>
         <value>0xb41</value>
         <object_component_ref idref="oc-205"/>
      </symbol>
      <symbol id="sm-705">
         <name>malloc</name>
         <value>0x821</value>
         <object_component_ref idref="oc-205"/>
      </symbol>
      <symbol id="sm-706">
         <name>minit</name>
         <value>0x7a1</value>
         <object_component_ref idref="oc-205"/>
      </symbol>
      <symbol id="sm-711">
         <name>_system_post_cinit</name>
         <value>0x274b</value>
         <object_component_ref idref="oc-af"/>
      </symbol>
      <symbol id="sm-71f">
         <name>strcpy</name>
         <value>0x2ea5</value>
         <object_component_ref idref="oc-2bd"/>
      </symbol>
      <symbol id="sm-72d">
         <name>strlen</name>
         <value>0x2eb9</value>
         <object_component_ref idref="oc-2a3"/>
      </symbol>
      <symbol id="sm-748">
         <name>__TI_readmsg</name>
         <value>0x2a0b</value>
         <object_component_ref idref="oc-2a9"/>
      </symbol>
      <symbol id="sm-749">
         <name>C$$IO$$</name>
         <value>0x2a07</value>
         <object_component_ref idref="oc-2a9"/>
      </symbol>
      <symbol id="sm-74a">
         <name>__CIOBUF_</name>
         <value>0x20003000</value>
         <object_component_ref idref="oc-2e6"/>
      </symbol>
      <symbol id="sm-74b">
         <name>__TI_writemsg</name>
         <value>0x29d9</value>
         <object_component_ref idref="oc-2a9"/>
      </symbol>
      <symbol id="sm-75b">
         <name>unlink</name>
         <value>0x2dd1</value>
         <object_component_ref idref="oc-27f"/>
      </symbol>
      <symbol id="sm-76f">
         <name>close</name>
         <value>0x2aa1</value>
         <object_component_ref idref="oc-279"/>
      </symbol>
      <symbol id="sm-770">
         <name>__TI_static_base__</name>
         <value>0x0</value>
      </symbol>
      <symbol id="sm-773">
         <name>SHT$$INIT_ARRAY$$Limit</name>
         <value>0x0</value>
      </symbol>
      <symbol id="sm-774">
         <name>SHT$$INIT_ARRAY$$Base</name>
         <value>0x0</value>
      </symbol>
      <symbol id="sm-775">
         <name>NMI_Handler</name>
         <value>0x2ee7</value>
      </symbol>
      <symbol id="sm-776">
         <name>HardFault_Handler</name>
         <value>0x2ee7</value>
      </symbol>
      <symbol id="sm-777">
         <name>MemManage_Handler</name>
         <value>0x2ee7</value>
      </symbol>
      <symbol id="sm-778">
         <name>BusFault_Handler</name>
         <value>0x2ee7</value>
      </symbol>
      <symbol id="sm-779">
         <name>UsageFault_Handler</name>
         <value>0x2ee7</value>
      </symbol>
      <symbol id="sm-77a">
         <name>SVC_Handler</name>
         <value>0x2ee7</value>
      </symbol>
      <symbol id="sm-77b">
         <name>DebugMon_Handler</name>
         <value>0x2ee7</value>
      </symbol>
      <symbol id="sm-77c">
         <name>PendSV_Handler</name>
         <value>0x2ee7</value>
      </symbol>
      <symbol id="sm-77d">
         <name>SysTick_Handler</name>
         <value>0x2ee7</value>
      </symbol>
      <symbol id="sm-77e">
         <name>PSS_IRQHandler</name>
         <value>0x2ee7</value>
      </symbol>
      <symbol id="sm-77f">
         <name>CS_IRQHandler</name>
         <value>0x2ee7</value>
      </symbol>
      <symbol id="sm-780">
         <name>PCM_IRQHandler</name>
         <value>0x2ee7</value>
      </symbol>
      <symbol id="sm-781">
         <name>WDT_A_IRQHandler</name>
         <value>0x2ee7</value>
      </symbol>
      <symbol id="sm-782">
         <name>FPU_IRQHandler</name>
         <value>0x2ee7</value>
      </symbol>
      <symbol id="sm-783">
         <name>FLCTL_IRQHandler</name>
         <value>0x2ee7</value>
      </symbol>
      <symbol id="sm-784">
         <name>COMP_E0_IRQHandler</name>
         <value>0x2ee7</value>
      </symbol>
      <symbol id="sm-785">
         <name>COMP_E1_IRQHandler</name>
         <value>0x2ee7</value>
      </symbol>
      <symbol id="sm-786">
         <name>TA0_0_IRQHandler</name>
         <value>0x2ee7</value>
      </symbol>
      <symbol id="sm-787">
         <name>TA0_N_IRQHandler</name>
         <value>0x2ee7</value>
      </symbol>
      <symbol id="sm-788">
         <name>TA1_0_IRQHandler</name>
         <value>0x2567</value>
      </symbol>
      <symbol id="sm-789">
         <name>TA1_N_IRQHandler</name>
         <value>0x2ee7</value>
      </symbol>
      <symbol id="sm-78a">
         <name>TA2_0_IRQHandler</name>
         <value>0x2ee7</value>
      </symbol>
      <symbol id="sm-78b">
         <name>TA2_N_IRQHandler</name>
         <value>0x2ee7</value>
      </symbol>
      <symbol id="sm-78c">
         <name>TA3_0_IRQHandler</name>
         <value>0x1e8f</value>
      </symbol>
      <symbol id="sm-78d">
         <name>TA3_N_IRQHandler</name>
         <value>0x1ea9</value>
      </symbol>
      <symbol id="sm-78e">
         <name>EUSCIA0_IRQHandler</name>
         <value>0x2ee7</value>
      </symbol>
      <symbol id="sm-78f">
         <name>EUSCIA1_IRQHandler</name>
         <value>0x2ee7</value>
      </symbol>
      <symbol id="sm-790">
         <name>EUSCIA2_IRQHandler</name>
         <value>0x2ee7</value>
      </symbol>
      <symbol id="sm-791">
         <name>EUSCIA3_IRQHandler</name>
         <value>0x2ee7</value>
      </symbol>
      <symbol id="sm-792">
         <name>EUSCIB0_IRQHandler</name>
         <value>0x2ee7</value>
      </symbol>
      <symbol id="sm-793">
         <name>EUSCIB1_IRQHandler</name>
         <value>0x2ee7</value>
      </symbol>
      <symbol id="sm-794">
         <name>EUSCIB2_IRQHandler</name>
         <value>0x2ee7</value>
      </symbol>
      <symbol id="sm-795">
         <name>EUSCIB3_IRQHandler</name>
         <value>0x2ee7</value>
      </symbol>
      <symbol id="sm-796">
         <name>ADC14_IRQHandler</name>
         <value>0x2ee7</value>
      </symbol>
      <symbol id="sm-797">
         <name>T32_INT1_IRQHandler</name>
         <value>0x2ee7</value>
      </symbol>
      <symbol id="sm-798">
         <name>T32_INT2_IRQHandler</name>
         <value>0x2ee7</value>
      </symbol>
      <symbol id="sm-799">
         <name>T32_INTC_IRQHandler</name>
         <value>0x2ee7</value>
      </symbol>
      <symbol id="sm-79a">
         <name>AES256_IRQHandler</name>
         <value>0x2ee7</value>
      </symbol>
      <symbol id="sm-79b">
         <name>RTC_C_IRQHandler</name>
         <value>0x2ee7</value>
      </symbol>
      <symbol id="sm-79c">
         <name>DMA_ERR_IRQHandler</name>
         <value>0x2ee7</value>
      </symbol>
      <symbol id="sm-79d">
         <name>DMA_INT3_IRQHandler</name>
         <value>0x2ee7</value>
      </symbol>
      <symbol id="sm-79e">
         <name>DMA_INT2_IRQHandler</name>
         <value>0x2ee7</value>
      </symbol>
      <symbol id="sm-79f">
         <name>DMA_INT1_IRQHandler</name>
         <value>0x2ee7</value>
      </symbol>
      <symbol id="sm-7a0">
         <name>DMA_INT0_IRQHandler</name>
         <value>0x2ee7</value>
      </symbol>
      <symbol id="sm-7a1">
         <name>PORT1_IRQHandler</name>
         <value>0x2ee7</value>
      </symbol>
      <symbol id="sm-7a2">
         <name>PORT2_IRQHandler</name>
         <value>0x2ee7</value>
      </symbol>
      <symbol id="sm-7a3">
         <name>PORT3_IRQHandler</name>
         <value>0x2ee7</value>
      </symbol>
      <symbol id="sm-7a4">
         <name>PORT4_IRQHandler</name>
         <value>0x2ee7</value>
      </symbol>
      <symbol id="sm-7a5">
         <name>PORT5_IRQHandler</name>
         <value>0x2ee7</value>
      </symbol>
      <symbol id="sm-7a6">
         <name>PORT6_IRQHandler</name>
         <value>0x2ee7</value>
      </symbol>
      <symbol id="sm-7a7">
         <name>remove</name>
         <value>0x2dd1</value>
      </symbol>
   </symbol_table>
   <title>Link successful</title>
</link_info>
