******************************************************************************
                  TI ARM Linker PC v16.9.6                     
******************************************************************************
>> Linked Tue Oct 28 16:11:46 2025

OUTPUT FILE NAME:   <H_TimerCompare_Motor_WandererBot.out>
ENTRY POINT SYMBOL: "_c_int00"  address: 00002319


MEMORY CONFIGURATION

         name            origin    length      used     unused   attr    fill
----------------------  --------  ---------  --------  --------  ----  --------
  MAIN                  00000000   00040000  000025a4  0003da5c  R  X
  INFO                  00200000   00004000  00000000  00004000  R  X
  SRAM_CODE             01000000   00010000  000002d6  0000fd2a  RW X
  SRAM_DATA             20000000   00010000  000002d6  0000fd2a  RW  


SEGMENT ALLOCATION MAP

run origin  load origin   length   init length attrs members
----------  ----------- ---------- ----------- ----- -------
00000000    00000000    000025a8   000025a8    r-x
  00000000    00000000    000000e4   000000e4    r-- .intvecs
  000000e4    000000e4    00002430   00002430    r-x .text
  00002518    00002518    00000090   00000090    r-- .cinit
20000000    20000000    000000d6   00000000    rw-
  20000000    20000000    000000c0   00000000    rw- .data
  200000c0    200000c0    00000016   00000000    rw- .bss
2000fe00    2000fe00    00000200   00000000    rw-
  2000fe00    2000fe00    00000200   00000000    rw- .stack


SECTION ALLOCATION MAP

 output                                  attributes/
section   page    origin      length       input sections
--------  ----  ----------  ----------   ----------------
.intvecs   0    00000000    000000e4     
                  00000000    000000e4     startup_msp432p401r_ccs.obj (.intvecs:retain)

.binit     0    00000000    00000000     

.text      0    000000e4    00002430     
                  000000e4    00000630     TExaS.obj (.text)
                  00000714    00000468     IRDistance.obj (.text)
                  00000b7c    0000032c     system_msp432p401r.obj (.text)
                  00000ea8    00000324     Motor.obj (.text)
                  000011cc    0000021e     rtsv7M4_T_le_v4SPD16_eabi.lib : ll_div_t2.obj (.text)
                  000013ea    00000002                                   : l_div0.obj (.text)
                  000013ec    000001e0     Clock.obj (.text)
                  000015cc    000001a0     Tachometer.obj (.text)
                  0000176c    00000174     Lab3_Timersmain.obj (.text)
                  000018e0    00000164     ADC14.obj (.text)
                  00001a44    00000136     rtsv7M4_T_le_v4SPD16_eabi.lib : fd_div_t2.obj (.text)
                  00001b7a    00000002                                   : mpu_init.obj (.text)
                  00001b7c    00000124     BumpInt.obj (.text)
                  00001ca0    00000104     TA3InputCapture.obj (.text)
                  00001da4    000000fc     rtsv7M4_T_le_v4SPD16_eabi.lib : fd_mul_t2.obj (.text)
                  00001ea0    000000f4     LaunchPad.obj (.text)
                  00001f94    000000ec     PWM.obj (.text)
                  00002080    000000a8     TimerA1.obj (.text)
                  00002128    0000009c     rtsv7M4_T_le_v4SPD16_eabi.lib : memcpy_t2.obj (.text)
                  000021c4    0000007a                                   : memset_t2.obj (.text)
                  0000223e    00000002                                   : startup.obj (.text)
                  00002240    00000070                                   : autoinit.obj (.text)
                  000022b0    00000068                                   : copy_decompress_lzss.obj (.text:decompress:lzss)
                  00002318    00000054                                   : boot.obj (.text)
                  0000236c    00000054                                   : exit.obj (.text)
                  000023c0    0000004c                                   : cpy_tbl.obj (.text)
                  0000240c    00000044                                   : fd_tou_t2.obj (.text)
                  00002450    0000002e                                   : i_tofd_t2.obj (.text)
                  0000247e    00000024     CortexM.obj (.text)
                  000024a2    00000002     --HOLE-- [fill = 0]
                  000024a4    00000018     rtsv7M4_T_le_v4SPD16_eabi.lib : args_main.obj (.text)
                  000024bc    00000018                                   : ll_mul_t2.obj (.text)
                  000024d4    00000014                                   : _lock.obj (.text)
                  000024e8    0000000e                                   : copy_decompress_none.obj (.text:decompress:none)
                  000024f6    0000000e     startup_msp432p401r_ccs.obj (.text)
                  00002504    0000000c     rtsv7M4_T_le_v4SPD16_eabi.lib : copy_zero_init.obj (.text:decompress:ZI)
                  00002510    00000004                                   : pre_init.obj (.text)

.cinit     0    00002518    00000090     
                  00002518    0000006c     (.cinit..data.load) [load image, compression = lzss]
                  00002584    0000000c     (__TI_handler_table)
                  00002590    00000008     (.cinit..bss.load) [load image, compression = zero_init]
                  00002598    00000010     (__TI_cinit_table)

.init_array 
*          0    00000000    00000000     UNINITIALIZED

.data      0    20000000    000000c0     UNINITIALIZED
                  20000000    00000024     IRDistance.obj (.data)
                  20000024    00000018     Clock.obj (.data)
                  2000003c    0000000c     rtsv7M4_T_le_v4SPD16_eabi.lib : exit.obj (.data:$O1$$)
                  20000048    0000000c     IRDistance.obj (.data:CAL_Center_ADC)
                  20000054    0000000c     IRDistance.obj (.data:CAL_Center_Dist)
                  20000060    0000000c     IRDistance.obj (.data:CAL_Left_ADC)
                  2000006c    0000000c     IRDistance.obj (.data:CAL_Left_Dist)
                  20000078    0000000c     IRDistance.obj (.data:CAL_Right_ADC)
                  20000084    0000000c     IRDistance.obj (.data:CAL_Right_Dist)
                  20000090    0000000c     TExaS.obj (.data)
                  2000009c    0000000a     Tachometer.obj (.data)
                  200000a6    00000002     --HOLE--
                  200000a8    00000008     rtsv7M4_T_le_v4SPD16_eabi.lib : _lock.obj (.data:$O1$$)
                  200000b0    00000008     TA3InputCapture.obj (.data)
                  200000b8    00000004     rtsv7M4_T_le_v4SPD16_eabi.lib : stkdepth_vars.obj (.data)
                  200000bc    00000004     system_msp432p401r.obj (.data)

.bss       0    200000c0    00000016     UNINITIALIZED
                  200000c0    00000004     (.common:PeriodicTask2)
                  200000c4    00000004     (.common:Port4Task)
                  200000c8    00000004     (.common:TimerA1Task)
                  200000cc    00000002     (.common:Tachometer_FirstLeftTime)
                  200000ce    00000002     (.common:Tachometer_FirstRightTime)
                  200000d0    00000002     (.common:Tachometer_SecondLeftTime)
                  200000d2    00000002     (.common:Tachometer_SecondRightTime)
                  200000d4    00000001     (.common:LogicData)
                  200000d5    00000001     (.common:bumpState)

.stack     0    2000fe00    00000200     UNINITIALIZED
                  2000fe00    00000200     --HOLE--

MODULE SUMMARY

       Module                        code   ro data   rw data
       ------                        ----   -------   -------
    .\
       TExaS.obj                     1584   0         34     
       IRDistance.obj                1128   0         216    
       system_msp432p401r.obj        812    0         8      
       Motor.obj                     804    0         0      
       Clock.obj                     480    0         48     
       Tachometer.obj                416    0         36     
       Lab3_Timersmain.obj           372    0         2      
       ADC14.obj                     356    0         0      
       BumpInt.obj                   292    0         8      
       TA3InputCapture.obj           260    0         16     
       LaunchPad.obj                 244    0         0      
       startup_msp432p401r_ccs.obj   14     228       0      
       PWM.obj                       236    0         0      
       TimerA1.obj                   168    0         8      
       CortexM.obj                   36     0         0      
    +--+-----------------------------+------+---------+---------+
       Total:                        7202   228       376    
                                                             
    C:\ti\ccsv7\tools\compiler\ti-cgt-arm_16.9.6.LTS\lib\rtsv7M4_T_le_v4SPD16_eabi.lib
       ll_div_t2.obj                 542    0         0      
       fd_div_t2.obj                 310    0         0      
       fd_mul_t2.obj                 252    0         0      
       memcpy_t2.obj                 156    0         0      
       memset_t2.obj                 122    0         0      
       autoinit.obj                  112    0         0      
       exit.obj                      84     0         24     
       copy_decompress_lzss.obj      104    0         0      
       boot.obj                      84     0         0      
       cpy_tbl.obj                   76     0         0      
       fd_tou_t2.obj                 68     0         0      
       i_tofd_t2.obj                 46     0         0      
       _lock.obj                     20     0         16     
       args_main.obj                 24     0         0      
       ll_mul_t2.obj                 24     0         0      
       copy_decompress_none.obj      14     0         0      
       copy_zero_init.obj            12     0         0      
       stkdepth_vars.obj             0      0         8      
       pre_init.obj                  4      0         0      
       l_div0.obj                    2      0         0      
       mpu_init.obj                  2      0         0      
       startup.obj                   2      0         0      
    +--+-----------------------------+------+---------+---------+
       Total:                        2060   0         48     
                                                             
       Stack:                        0      0         1024   
       Linker Generated:             0      144       0      
    +--+-----------------------------+------+---------+---------+
       Grand Total:                  9262   372       1448   


LINKER GENERATED COPY TABLES

__TI_cinit_table @ 00002598 records: 2, size/record: 8, table size: 16
	.data: load addr=00002518, load size=0000006c bytes, run addr=20000000, run size=000000c0 bytes, compression=lzss
	.bss: load addr=00002590, load size=00000008 bytes, run addr=200000c0, run size=00000016 bytes, compression=zero_init


LINKER GENERATED HANDLER TABLE

__TI_handler_table @ 00002584 records: 3, size/record: 4, table size: 12
	index: 0, handler: __TI_decompress_lzss
	index: 1, handler: __TI_decompress_none
	index: 2, handler: __TI_zero_init


GLOBAL SYMBOLS: SORTED ALPHABETICALLY BY Name 

address   name                           
-------   ----                           
000018e1  ADC0_InitSWTriggerCh12         
00001951  ADC0_InitSWTriggerCh17_12_16   
00002503  ADC14_IRQHandler               
00001931  ADC_In12                       
000019c1  ADC_In17_12_16                 
00000475  ADC_Init                       
00002503  AES256_IRQHandler              
00001b7d  BumpInt_Init                   
00001bf7  Bump_Read                      
00002503  BusFault_Handler               
0000236d  C$$EXIT                        
00002503  COMP_E0_IRQHandler             
00002503  COMP_E1_IRQHandler             
2000002c  CPMwait                        
00002503  CS_IRQHandler                  
00000a0b  CalibrateIRSensors             
200000b0  CaptureTask0                   
200000b4  CaptureTask2                   
00000aa9  CenterConvert                  
20000024  ClockFrequency                 
00001541  Clock_Delay1ms                 
00001517  Clock_Delay1us                 
00001503  Clock_GetFreq                  
000013ed  Clock_Init48MHz                
20000038  Crystalstable                  
00002503  DMA_ERR_IRQHandler             
00002503  DMA_INT0_IRQHandler            
00002503  DMA_INT1_IRQHandler            
00002503  DMA_INT2_IRQHandler            
00002503  DMA_INT3_IRQHandler            
00002503  DebugMon_Handler               
00002503  Default_Handler                
0000247f  DisableInterrupts              
00002503  EUSCIA0_IRQHandler             
00002503  EUSCIA1_IRQHandler             
00002503  EUSCIA2_IRQHandler             
00002503  EUSCIA3_IRQHandler             
00002503  EUSCIB0_IRQHandler             
00002503  EUSCIB1_IRQHandler             
00002503  EUSCIB2_IRQHandler             
00002503  EUSCIB3_IRQHandler             
00002485  EnableInterrupts               
00002495  EndCritical                    
00002503  FLCTL_IRQHandler               
00002503  FPU_IRQHandler                 
00002503  HardFault_Handler              
20000034  IFlags                         
00001ea1  LaunchPad_Init                 
00001f11  LaunchPad_Input                
00001f2b  LaunchPad_LED                  
00001f49  LaunchPad_Output               
00000a61  LeftConvert                    
000000e5  LogicAnalyzer                  
000000ef  LogicAnalyzer_P1               
000001c5  LogicAnalyzer_P10              
000000fd  LogicAnalyzer_P2               
0000010b  LogicAnalyzer_P2_7654          
0000011b  LogicAnalyzer_P3               
00000129  LogicAnalyzer_P4               
00000147  LogicAnalyzer_P4_765320        
00000137  LogicAnalyzer_P4_765432        
0000017f  LogicAnalyzer_P5               
0000018d  LogicAnalyzer_P6               
0000019b  LogicAnalyzer_P7               
000001a9  LogicAnalyzer_P8               
000001b7  LogicAnalyzer_P9               
200000d4  LogicData                      
00002503  MemManage_Handler              
00000ff9  Motor_Backward                 
00000f55  Motor_Forward                  
000010d5  Motor_ForwardDist              
00000ea9  Motor_Init                     
00000fbf  Motor_Left                     
00000f85  Motor_Right                    
00001029  Motor_RotateAngle              
00000f31  Motor_Stop                     
00002503  NMI_Handler                    
00002503  PCM_IRQHandler                 
00002503  PORT1_IRQHandler               
00002503  PORT2_IRQHandler               
00002503  PORT3_IRQHandler               
00001c2f  PORT4_IRQHandler               
00001c2f  PORT4_IRQHandler               
00002503  PORT5_IRQHandler               
00002503  PORT6_IRQHandler               
00002503  PSS_IRQHandler                 
00002019  PWM_Duty3                      
00002039  PWM_Duty4                      
00001f95  PWM_Init34                     
00002503  PendSV_Handler                 
200000c0  PeriodicTask2                  
00000257  PeriodicTask2_Init             
000002d1  PeriodicTask2_Stop             
200000c4  Port4Task                      
20000030  Postwait                       
20000028  Prewait                        
00002503  RTC_C_IRQHandler               
000024f7  Reset_Handler                  
00000af1  RightConvert                   
UNDEFED   SHT$$INIT_ARRAY$$Base          
UNDEFED   SHT$$INIT_ARRAY$$Limit         
00002503  SVC_Handler                    
000001d3  Scope                          
0000248b  StartCritical                  
00002503  SysTick_Handler                
200000bc  SystemCoreClock                
00000b7d  SystemCoreClockUpdate          
00000df1  SystemInit                     
000002c1  T32_INT1_IRQHandler            
000002c1  T32_INT1_IRQHandler            
00002503  T32_INT2_IRQHandler            
00002503  T32_INTC_IRQHandler            
00002503  TA0_0_IRQHandler               
00002503  TA0_N_IRQHandler               
000020f3  TA1_0_IRQHandler               
000020f3  TA1_0_IRQHandler               
00002503  TA1_N_IRQHandler               
00002503  TA2_0_IRQHandler               
00002503  TA2_N_IRQHandler               
00001d33  TA3_0_IRQHandler               
00001d33  TA3_0_IRQHandler               
00001d4d  TA3_N_IRQHandler               
00001d4d  TA3_N_IRQHandler               
00000413  TExaS_Clear0                   
0000041f  TExaS_Clear1                   
0000042b  TExaS_Clear2                   
00000437  TExaS_Clear3                   
00000443  TExaS_Clear4                   
00000445  TExaS_Clear5                   
00000451  TExaS_Clear6                   
00000551  TExaS_Init                     
20000094  TExaS_ScopeErrConflict         
20000090  TExaS_ScopeErrLostData         
20000098  TExaS_ScopeWrnReconfig         
000003b1  TExaS_Set                      
000003c9  TExaS_Set0                     
000003d5  TExaS_Set1                     
000003e1  TExaS_Set2                     
000003ed  TExaS_Set3                     
000003f9  TExaS_Set4                     
000003fb  TExaS_Set5                     
00000407  TExaS_Set6                     
000006b1  TExaS_Stop                     
00000367  TExaS_Task0                    
00000373  TExaS_Task1                    
0000037f  TExaS_Task2                    
0000038b  TExaS_Task3                    
00000397  TExaS_Task4                    
00000399  TExaS_Task5                    
000003a5  TExaS_Task6                    
200000cc  Tachometer_FirstLeftTime       
200000ce  Tachometer_FirstRightTime      
000016c9  Tachometer_Get                 
00001659  Tachometer_Init                
200000a5  Tachometer_LeftDir             
200000a0  Tachometer_LeftSteps           
200000a4  Tachometer_RightDir            
2000009c  Tachometer_RightSteps          
200000d0  Tachometer_SecondLeftTime      
200000d2  Tachometer_SecondRightTime     
0000178d  Task                           
0000176d  TimedPause                     
200000c8  TimerA1Task                    
00002081  TimerA1_Init                   
000020df  TimerA1_Stop                   
00001cad  TimerA3Capture_Init            
0000033b  UART_InChar                    
000002e1  UART_Init                      
0000034b  UART_OutChar                   
00002503  UsageFault_Handler             
4000480c  WDTCTL_SYM                     
00002503  WDT_A_IRQHandler               
0000249d  WaitForInterrupt               
20010000  __STACK_END                    
00000200  __STACK_SIZE                   
00002598  __TI_CINIT_Base                
000025a8  __TI_CINIT_Limit               
00002584  __TI_Handler_Table_Base        
00002590  __TI_Handler_Table_Limit       
00002241  __TI_auto_init                 
2000003c  __TI_cleanup_ptr               
000022b1  __TI_decompress_lzss           
000024e9  __TI_decompress_none           
20000040  __TI_dtors_ptr                 
20000044  __TI_enable_exit_profile_output
ffffffff  __TI_pprof_out_hndl            
ffffffff  __TI_prof_data_size            
ffffffff  __TI_prof_data_start           
00000000  __TI_static_base__             
00002505  __TI_zero_init                 
0000240d  __aeabi_d2uiz                  
00001a45  __aeabi_ddiv                   
00001da5  __aeabi_dmul                   
00002451  __aeabi_i2d                    
000013eb  __aeabi_ldiv0                  
000011cd  __aeabi_ldivmod                
000024bd  __aeabi_lmul                   
000021c5  __aeabi_memclr                 
000021c5  __aeabi_memclr4                
000021c5  __aeabi_memclr8                
00002129  __aeabi_memcpy                 
00002129  __aeabi_memcpy4                
00002129  __aeabi_memcpy8                
000021c7  __aeabi_memset                 
000021c7  __aeabi_memset4                
000021c7  __aeabi_memset8                
ffffffff  __binit__                      
ffffffff  __c_args__                     
00001b7b  __mpu_init                     
2000fe00  __stack                        
000024a5  _args_main                     
00002319  _c_int00                       
200000a8  _lock                          
000024e3  _nop                           
000024db  _register_lock                 
000024d5  _register_unlock               
0000223f  _system_post_cinit             
00002511  _system_pre_init               
200000ac  _unlock                        
00002371  abort                          
ffffffff  binit                          
200000d5  bumpState                      
000023c1  copy_in                        
00001509  delay                          
00002379  exit                           
00000000  interruptVectors               
000017f3  main                           
200000b8  main_func_sp                   
00002129  memcpy                         
000021cd  memset                         
00001ca1  ta3dummy                       
00001613  tachometerLeftInt              
000015cd  tachometerRightInt             


GLOBAL SYMBOLS: SORTED BY Symbol Address 

address   name                           
-------   ----                           
00000000  __TI_static_base__             
00000000  interruptVectors               
000000e5  LogicAnalyzer                  
000000ef  LogicAnalyzer_P1               
000000fd  LogicAnalyzer_P2               
0000010b  LogicAnalyzer_P2_7654          
0000011b  LogicAnalyzer_P3               
00000129  LogicAnalyzer_P4               
00000137  LogicAnalyzer_P4_765432        
00000147  LogicAnalyzer_P4_765320        
0000017f  LogicAnalyzer_P5               
0000018d  LogicAnalyzer_P6               
0000019b  LogicAnalyzer_P7               
000001a9  LogicAnalyzer_P8               
000001b7  LogicAnalyzer_P9               
000001c5  LogicAnalyzer_P10              
000001d3  Scope                          
00000200  __STACK_SIZE                   
00000257  PeriodicTask2_Init             
000002c1  T32_INT1_IRQHandler            
000002c1  T32_INT1_IRQHandler            
000002d1  PeriodicTask2_Stop             
000002e1  UART_Init                      
0000033b  UART_InChar                    
0000034b  UART_OutChar                   
00000367  TExaS_Task0                    
00000373  TExaS_Task1                    
0000037f  TExaS_Task2                    
0000038b  TExaS_Task3                    
00000397  TExaS_Task4                    
00000399  TExaS_Task5                    
000003a5  TExaS_Task6                    
000003b1  TExaS_Set                      
000003c9  TExaS_Set0                     
000003d5  TExaS_Set1                     
000003e1  TExaS_Set2                     
000003ed  TExaS_Set3                     
000003f9  TExaS_Set4                     
000003fb  TExaS_Set5                     
00000407  TExaS_Set6                     
00000413  TExaS_Clear0                   
0000041f  TExaS_Clear1                   
0000042b  TExaS_Clear2                   
00000437  TExaS_Clear3                   
00000443  TExaS_Clear4                   
00000445  TExaS_Clear5                   
00000451  TExaS_Clear6                   
00000475  ADC_Init                       
00000551  TExaS_Init                     
000006b1  TExaS_Stop                     
00000a0b  CalibrateIRSensors             
00000a61  LeftConvert                    
00000aa9  CenterConvert                  
00000af1  RightConvert                   
00000b7d  SystemCoreClockUpdate          
00000df1  SystemInit                     
00000ea9  Motor_Init                     
00000f31  Motor_Stop                     
00000f55  Motor_Forward                  
00000f85  Motor_Right                    
00000fbf  Motor_Left                     
00000ff9  Motor_Backward                 
00001029  Motor_RotateAngle              
000010d5  Motor_ForwardDist              
000011cd  __aeabi_ldivmod                
000013eb  __aeabi_ldiv0                  
000013ed  Clock_Init48MHz                
00001503  Clock_GetFreq                  
00001509  delay                          
00001517  Clock_Delay1us                 
00001541  Clock_Delay1ms                 
000015cd  tachometerRightInt             
00001613  tachometerLeftInt              
00001659  Tachometer_Init                
000016c9  Tachometer_Get                 
0000176d  TimedPause                     
0000178d  Task                           
000017f3  main                           
000018e1  ADC0_InitSWTriggerCh12         
00001931  ADC_In12                       
00001951  ADC0_InitSWTriggerCh17_12_16   
000019c1  ADC_In17_12_16                 
00001a45  __aeabi_ddiv                   
00001b7b  __mpu_init                     
00001b7d  BumpInt_Init                   
00001bf7  Bump_Read                      
00001c2f  PORT4_IRQHandler               
00001c2f  PORT4_IRQHandler               
00001ca1  ta3dummy                       
00001cad  TimerA3Capture_Init            
00001d33  TA3_0_IRQHandler               
00001d33  TA3_0_IRQHandler               
00001d4d  TA3_N_IRQHandler               
00001d4d  TA3_N_IRQHandler               
00001da5  __aeabi_dmul                   
00001ea1  LaunchPad_Init                 
00001f11  LaunchPad_Input                
00001f2b  LaunchPad_LED                  
00001f49  LaunchPad_Output               
00001f95  PWM_Init34                     
00002019  PWM_Duty3                      
00002039  PWM_Duty4                      
00002081  TimerA1_Init                   
000020df  TimerA1_Stop                   
000020f3  TA1_0_IRQHandler               
000020f3  TA1_0_IRQHandler               
00002129  __aeabi_memcpy                 
00002129  __aeabi_memcpy4                
00002129  __aeabi_memcpy8                
00002129  memcpy                         
000021c5  __aeabi_memclr                 
000021c5  __aeabi_memclr4                
000021c5  __aeabi_memclr8                
000021c7  __aeabi_memset                 
000021c7  __aeabi_memset4                
000021c7  __aeabi_memset8                
000021cd  memset                         
0000223f  _system_post_cinit             
00002241  __TI_auto_init                 
000022b1  __TI_decompress_lzss           
00002319  _c_int00                       
0000236d  C$$EXIT                        
00002371  abort                          
00002379  exit                           
000023c1  copy_in                        
0000240d  __aeabi_d2uiz                  
00002451  __aeabi_i2d                    
0000247f  DisableInterrupts              
00002485  EnableInterrupts               
0000248b  StartCritical                  
00002495  EndCritical                    
0000249d  WaitForInterrupt               
000024a5  _args_main                     
000024bd  __aeabi_lmul                   
000024d5  _register_unlock               
000024db  _register_lock                 
000024e3  _nop                           
000024e9  __TI_decompress_none           
000024f7  Reset_Handler                  
00002503  ADC14_IRQHandler               
00002503  AES256_IRQHandler              
00002503  BusFault_Handler               
00002503  COMP_E0_IRQHandler             
00002503  COMP_E1_IRQHandler             
00002503  CS_IRQHandler                  
00002503  DMA_ERR_IRQHandler             
00002503  DMA_INT0_IRQHandler            
00002503  DMA_INT1_IRQHandler            
00002503  DMA_INT2_IRQHandler            
00002503  DMA_INT3_IRQHandler            
00002503  DebugMon_Handler               
00002503  Default_Handler                
00002503  EUSCIA0_IRQHandler             
00002503  EUSCIA1_IRQHandler             
00002503  EUSCIA2_IRQHandler             
00002503  EUSCIA3_IRQHandler             
00002503  EUSCIB0_IRQHandler             
00002503  EUSCIB1_IRQHandler             
00002503  EUSCIB2_IRQHandler             
00002503  EUSCIB3_IRQHandler             
00002503  FLCTL_IRQHandler               
00002503  FPU_IRQHandler                 
00002503  HardFault_Handler              
00002503  MemManage_Handler              
00002503  NMI_Handler                    
00002503  PCM_IRQHandler                 
00002503  PORT1_IRQHandler               
00002503  PORT2_IRQHandler               
00002503  PORT3_IRQHandler               
00002503  PORT5_IRQHandler               
00002503  PORT6_IRQHandler               
00002503  PSS_IRQHandler                 
00002503  PendSV_Handler                 
00002503  RTC_C_IRQHandler               
00002503  SVC_Handler                    
00002503  SysTick_Handler                
00002503  T32_INT2_IRQHandler            
00002503  T32_INTC_IRQHandler            
00002503  TA0_0_IRQHandler               
00002503  TA0_N_IRQHandler               
00002503  TA1_N_IRQHandler               
00002503  TA2_0_IRQHandler               
00002503  TA2_N_IRQHandler               
00002503  UsageFault_Handler             
00002503  WDT_A_IRQHandler               
00002505  __TI_zero_init                 
00002511  _system_pre_init               
00002584  __TI_Handler_Table_Base        
00002590  __TI_Handler_Table_Limit       
00002598  __TI_CINIT_Base                
000025a8  __TI_CINIT_Limit               
20000024  ClockFrequency                 
20000028  Prewait                        
2000002c  CPMwait                        
20000030  Postwait                       
20000034  IFlags                         
20000038  Crystalstable                  
2000003c  __TI_cleanup_ptr               
20000040  __TI_dtors_ptr                 
20000044  __TI_enable_exit_profile_output
20000090  TExaS_ScopeErrLostData         
20000094  TExaS_ScopeErrConflict         
20000098  TExaS_ScopeWrnReconfig         
2000009c  Tachometer_RightSteps          
200000a0  Tachometer_LeftSteps           
200000a4  Tachometer_RightDir            
200000a5  Tachometer_LeftDir             
200000a8  _lock                          
200000ac  _unlock                        
200000b0  CaptureTask0                   
200000b4  CaptureTask2                   
200000b8  main_func_sp                   
200000bc  SystemCoreClock                
200000c0  PeriodicTask2                  
200000c4  Port4Task                      
200000c8  TimerA1Task                    
200000cc  Tachometer_FirstLeftTime       
200000ce  Tachometer_FirstRightTime      
200000d0  Tachometer_SecondLeftTime      
200000d2  Tachometer_SecondRightTime     
200000d4  LogicData                      
200000d5  bumpState                      
2000fe00  __stack                        
20010000  __STACK_END                    
4000480c  WDTCTL_SYM                     
ffffffff  __TI_pprof_out_hndl            
ffffffff  __TI_prof_data_size            
ffffffff  __TI_prof_data_start           
ffffffff  __binit__                      
ffffffff  __c_args__                     
ffffffff  binit                          
UNDEFED   SHT$$INIT_ARRAY$$Base          
UNDEFED   SHT$$INIT_ARRAY$$Limit         

[233 symbols]
