******************************************************************************
                  TI ARM Linker PC v16.9.6                     
******************************************************************************
>> Linked Wed Oct 22 17:05:34 2025

OUTPUT FILE NAME:   <H_FSM_Motor.out>
ENTRY POINT SYMBOL: "_c_int00"  address: 000017c1


MEMORY CONFIGURATION

         name            origin    length      used     unused   attr    fill
----------------------  --------  ---------  --------  --------  ----  --------
  MAIN                  00000000   00040000  00001ae8  0003e518  R  X
  INFO                  00200000   00004000  00000000  00004000  R  X
  SRAM_CODE             01000000   00010000  0000025d  0000fda3  RW X
  SRAM_DATA             20000000   00010000  0000025d  0000fda3  RW  


SEGMENT ALLOCATION MAP

run origin  load origin   length   init length attrs members
----------  ----------- ---------- ----------- ----- -------
00000000    00000000    00001ae8   00001ae8    r-x
  00000000    00000000    000000e4   000000e4    r-- .intvecs
  000000e4    000000e4    0000189c   0000189c    r-x .text
  00001980    00001980    00000128   00000128    r-- .const
  00001aa8    00001aa8    00000040   00000040    r-- .cinit
20000000    20000000    0000005d   00000000    rw-
  20000000    20000000    0000004c   00000000    rw- .data
  2000004c    2000004c    00000011   00000000    rw- .bss
2000fe00    2000fe00    00000200   00000000    rw-
  2000fe00    2000fe00    00000200   00000000    rw- .stack


SECTION ALLOCATION MAP

 output                                  attributes/
section   page    origin      length       input sections
--------  ----  ----------  ----------   ----------------
.intvecs   0    00000000    000000e4     
                  00000000    000000e4     startup_msp432p401r_ccs.obj (.intvecs:retain)

.binit     0    00000000    00000000     

.text      0    000000e4    0000189c     
                  000000e4    00000630     TExaS.obj (.text)
                  00000714    0000032c     system_msp432p401r.obj (.text)
                  00000a40    00000274     Motor.obj (.text)
                  00000cb4    0000022c     Reflectance.obj (.text)
                  00000ee0    000001e0     Clock.obj (.text)
                  000010c0    00000136     rtsv7M4_T_le_v4SPD16_eabi.lib : fd_div_t2.obj (.text)
                  000011f6    00000002                                   : mpu_init.obj (.text)
                  000011f8    000000fc     Lab2-FSMmain-11states.obj (.text)
                  000012f4    000000fc     rtsv7M4_T_le_v4SPD16_eabi.lib : fd_mul_t2.obj (.text)
                  000013f0    000000f4     LaunchPad.obj (.text)
                  000014e4    000000ec     PWM.obj (.text)
                  000015d0    0000009c     rtsv7M4_T_le_v4SPD16_eabi.lib : memcpy_t2.obj (.text)
                  0000166c    0000007a                                   : memset_t2.obj (.text)
                  000016e6    00000002                                   : startup.obj (.text)
                  000016e8    00000070                                   : autoinit.obj (.text)
                  00001758    00000068                                   : copy_decompress_lzss.obj (.text:decompress:lzss)
                  000017c0    00000054                                   : boot.obj (.text)
                  00001814    00000054                                   : exit.obj (.text)
                  00001868    0000004c                                   : cpy_tbl.obj (.text)
                  000018b4    00000044                                   : fd_tou_t2.obj (.text)
                  000018f8    0000002e                                   : i_tofd_t2.obj (.text)
                  00001926    00000002     --HOLE-- [fill = 0]
                  00001928    00000018                                   : args_main.obj (.text)
                  00001940    00000014                                   : _lock.obj (.text)
                  00001954    0000000e                                   : copy_decompress_none.obj (.text:decompress:none)
                  00001962    0000000e     startup_msp432p401r_ccs.obj (.text)
                  00001970    0000000c     rtsv7M4_T_le_v4SPD16_eabi.lib : copy_zero_init.obj (.text:decompress:ZI)
                  0000197c    00000004                                   : pre_init.obj (.text)

.const     0    00001980    00000128     
                  00001980    00000108     Lab2-FSMmain-11states.obj (.const:fsm)
                  00001a88    00000020     Reflectance.obj (.const:$P$T0$1)

.cinit     0    00001aa8    00000040     
                  00001aa8    0000001a     (.cinit..data.load) [load image, compression = lzss]
                  00001ac2    00000002     --HOLE-- [fill = 0]
                  00001ac4    0000000c     (__TI_handler_table)
                  00001ad0    00000008     (.cinit..bss.load) [load image, compression = zero_init]
                  00001ad8    00000010     (__TI_cinit_table)

.init_array 
*          0    00000000    00000000     UNINITIALIZED

.data      0    20000000    0000004c     UNINITIALIZED
                  20000000    00000018     Clock.obj (.data)
                  20000018    0000000c     rtsv7M4_T_le_v4SPD16_eabi.lib : exit.obj (.data:$O1$$)
                  20000024    0000000c     TExaS.obj (.data)
                  20000030    0000000a     Tachometer.obj (.data)
                  2000003a    00000002     --HOLE--
                  2000003c    00000008     rtsv7M4_T_le_v4SPD16_eabi.lib : _lock.obj (.data:$O1$$)
                  20000044    00000004                                   : stkdepth_vars.obj (.data)
                  20000048    00000004     system_msp432p401r.obj (.data)

.bss       0    2000004c    00000011     UNINITIALIZED
                  2000004c    00000004     (.common:Input)
                  20000050    00000004     (.common:Output)
                  20000054    00000004     (.common:PeriodicTask2)
                  20000058    00000004     (.common:Spt)
                  2000005c    00000001     (.common:LogicData)

.stack     0    2000fe00    00000200     UNINITIALIZED
                  2000fe00    00000200     --HOLE--

MODULE SUMMARY

       Module                        code   ro data   rw data
       ------                        ----   -------   -------
    .\
       TExaS.obj                     1584   0         34     
       system_msp432p401r.obj        812    0         8      
       Motor.obj                     628    0         0      
       Reflectance.obj               556    32        0      
       Lab2-FSMmain-11states.obj     252    264       24     
       Clock.obj                     480    0         48     
       LaunchPad.obj                 244    0         0      
       startup_msp432p401r_ccs.obj   14     228       0      
       PWM.obj                       236    0         0      
       Tachometer.obj                0      0         20     
    +--+-----------------------------+------+---------+---------+
       Total:                        4806   524       134    
                                                             
    C:\ti\ccsv7\tools\compiler\ti-cgt-arm_16.9.6.LTS\lib\rtsv7M4_T_le_v4SPD16_eabi.lib
       fd_div_t2.obj                 310    0         0      
       fd_mul_t2.obj                 252    0         0      
       memcpy_t2.obj                 156    0         0      
       memset_t2.obj                 122    0         0      
       autoinit.obj                  112    0         0      
       exit.obj                      84     0         24     
       copy_decompress_lzss.obj      104    0         0      
       boot.obj                      84     0         0      
       cpy_tbl.obj                   76     0         0      
       fd_tou_t2.obj                 68     0         0      
       i_tofd_t2.obj                 46     0         0      
       _lock.obj                     20     0         16     
       args_main.obj                 24     0         0      
       copy_decompress_none.obj      14     0         0      
       copy_zero_init.obj            12     0         0      
       stkdepth_vars.obj             0      0         8      
       pre_init.obj                  4      0         0      
       mpu_init.obj                  2      0         0      
       startup.obj                   2      0         0      
    +--+-----------------------------+------+---------+---------+
       Total:                        1492   0         48     
                                                             
       Stack:                        0      0         1024   
       Linker Generated:             0      62        0      
    +--+-----------------------------+------+---------+---------+
       Grand Total:                  6298   586       1206   


LINKER GENERATED COPY TABLES

__TI_cinit_table @ 00001ad8 records: 2, size/record: 8, table size: 16
	.data: load addr=00001aa8, load size=0000001a bytes, run addr=20000000, run size=0000004c bytes, compression=lzss
	.bss: load addr=00001ad0, load size=00000008 bytes, run addr=2000004c, run size=00000011 bytes, compression=zero_init


LINKER GENERATED HANDLER TABLE

__TI_handler_table @ 00001ac4 records: 3, size/record: 4, table size: 12
	index: 0, handler: __TI_decompress_lzss
	index: 1, handler: __TI_decompress_none
	index: 2, handler: __TI_zero_init


GLOBAL SYMBOLS: SORTED ALPHABETICALLY BY Name 

address   name                           
-------   ----                           
0000196f  ADC14_IRQHandler               
00000475  ADC_Init                       
0000196f  AES256_IRQHandler              
0000196f  BusFault_Handler               
00001815  C$$EXIT                        
0000196f  COMP_E0_IRQHandler             
0000196f  COMP_E1_IRQHandler             
20000008  CPMwait                        
0000196f  CS_IRQHandler                  
20000000  ClockFrequency                 
00001035  Clock_Delay1ms                 
0000100b  Clock_Delay1us                 
00000ff7  Clock_GetFreq                  
00000ee1  Clock_Init48MHz                
000011f9  ControlMotors                  
20000014  Crystalstable                  
0000196f  DMA_ERR_IRQHandler             
0000196f  DMA_INT0_IRQHandler            
0000196f  DMA_INT1_IRQHandler            
0000196f  DMA_INT2_IRQHandler            
0000196f  DMA_INT3_IRQHandler            
0000196f  DebugMon_Handler               
0000196f  Default_Handler                
0000196f  EUSCIA0_IRQHandler             
0000196f  EUSCIA1_IRQHandler             
0000196f  EUSCIA2_IRQHandler             
0000196f  EUSCIA3_IRQHandler             
0000196f  EUSCIB0_IRQHandler             
0000196f  EUSCIB1_IRQHandler             
0000196f  EUSCIB2_IRQHandler             
0000196f  EUSCIB3_IRQHandler             
0000196f  FLCTL_IRQHandler               
0000196f  FPU_IRQHandler                 
0000196f  HardFault_Handler              
20000010  IFlags                         
2000004c  Input                          
000013f1  LaunchPad_Init                 
00001461  LaunchPad_Input                
0000147b  LaunchPad_LED                  
00001499  LaunchPad_Output               
000000e5  LogicAnalyzer                  
000000ef  LogicAnalyzer_P1               
000001c5  LogicAnalyzer_P10              
000000fd  LogicAnalyzer_P2               
0000010b  LogicAnalyzer_P2_7654          
0000011b  LogicAnalyzer_P3               
00000129  LogicAnalyzer_P4               
00000147  LogicAnalyzer_P4_765320        
00000137  LogicAnalyzer_P4_765432        
0000017f  LogicAnalyzer_P5               
0000018d  LogicAnalyzer_P6               
0000019b  LogicAnalyzer_P7               
000001a9  LogicAnalyzer_P8               
000001b7  LogicAnalyzer_P9               
2000005c  LogicData                      
0000196f  MemManage_Handler              
00000b91  Motor_Backward                 
00000aed  Motor_Forward                  
00000a41  Motor_Init                     
00000b57  Motor_Left                     
00000b1d  Motor_Right                    
00000bc1  Motor_RotateAngle              
00000ac9  Motor_Stop                     
0000196f  NMI_Handler                    
20000050  Output                         
0000196f  PCM_IRQHandler                 
0000196f  PORT1_IRQHandler               
0000196f  PORT2_IRQHandler               
0000196f  PORT3_IRQHandler               
0000196f  PORT4_IRQHandler               
0000196f  PORT5_IRQHandler               
0000196f  PORT6_IRQHandler               
0000196f  PSS_IRQHandler                 
00001569  PWM_Duty3                      
00001589  PWM_Duty4                      
000014e5  PWM_Init34                     
0000196f  PendSV_Handler                 
20000054  PeriodicTask2                  
00000257  PeriodicTask2_Init             
000002d1  PeriodicTask2_Stop             
00000cc5  Port5_Init                     
00000d2d  Port7_Init                     
00000d63  Port7_InitToInput              
00000d4d  Port7_Output_ChargeCap         
00000cf9  Port9_Init                     
2000000c  Postwait                       
20000004  Prewait                        
0000196f  RTC_C_IRQHandler               
00000dbd  Reflectance_Center             
00000e79  Reflectance_End                
00000cb5  Reflectance_Init               
00000ddf  Reflectance_Position           
00000d6f  Reflectance_Read               
00000e53  Reflectance_Start              
00001963  Reset_Handler                  
UNDEFED   SHT$$INIT_ARRAY$$Base          
UNDEFED   SHT$$INIT_ARRAY$$Limit         
0000196f  SVC_Handler                    
000001d3  Scope                          
20000058  Spt                            
0000196f  SysTick_Handler                
20000048  SystemCoreClock                
00000715  SystemCoreClockUpdate          
00000989  SystemInit                     
000002c1  T32_INT1_IRQHandler            
000002c1  T32_INT1_IRQHandler            
0000196f  T32_INT2_IRQHandler            
0000196f  T32_INTC_IRQHandler            
0000196f  TA0_0_IRQHandler               
0000196f  TA0_N_IRQHandler               
0000196f  TA1_0_IRQHandler               
0000196f  TA1_N_IRQHandler               
0000196f  TA2_0_IRQHandler               
0000196f  TA2_N_IRQHandler               
0000196f  TA3_0_IRQHandler               
0000196f  TA3_N_IRQHandler               
00000413  TExaS_Clear0                   
0000041f  TExaS_Clear1                   
0000042b  TExaS_Clear2                   
00000437  TExaS_Clear3                   
00000443  TExaS_Clear4                   
00000445  TExaS_Clear5                   
00000451  TExaS_Clear6                   
00000551  TExaS_Init                     
20000028  TExaS_ScopeErrConflict         
20000024  TExaS_ScopeErrLostData         
2000002c  TExaS_ScopeWrnReconfig         
000003b1  TExaS_Set                      
000003c9  TExaS_Set0                     
000003d5  TExaS_Set1                     
000003e1  TExaS_Set2                     
000003ed  TExaS_Set3                     
000003f9  TExaS_Set4                     
000003fb  TExaS_Set5                     
00000407  TExaS_Set6                     
000006b1  TExaS_Stop                     
00000367  TExaS_Task0                    
00000373  TExaS_Task1                    
0000037f  TExaS_Task2                    
0000038b  TExaS_Task3                    
00000397  TExaS_Task4                    
00000399  TExaS_Task5                    
000003a5  TExaS_Task6                    
20000039  Tachometer_LeftDir             
20000034  Tachometer_LeftSteps           
20000038  Tachometer_RightDir            
20000030  Tachometer_RightSteps          
0000033b  UART_InChar                    
000002e1  UART_Init                      
0000034b  UART_OutChar                   
0000196f  UsageFault_Handler             
4000480c  WDTCTL_SYM                     
0000196f  WDT_A_IRQHandler               
20010000  __STACK_END                    
00000200  __STACK_SIZE                   
00001ad8  __TI_CINIT_Base                
00001ae8  __TI_CINIT_Limit               
00001ac4  __TI_Handler_Table_Base        
00001ad0  __TI_Handler_Table_Limit       
000016e9  __TI_auto_init                 
20000018  __TI_cleanup_ptr               
00001759  __TI_decompress_lzss           
00001955  __TI_decompress_none           
2000001c  __TI_dtors_ptr                 
20000020  __TI_enable_exit_profile_output
ffffffff  __TI_pprof_out_hndl            
ffffffff  __TI_prof_data_size            
ffffffff  __TI_prof_data_start           
00000000  __TI_static_base__             
00001971  __TI_zero_init                 
000018b5  __aeabi_d2uiz                  
000010c1  __aeabi_ddiv                   
000012f5  __aeabi_dmul                   
000018f9  __aeabi_i2d                    
0000166d  __aeabi_memclr                 
0000166d  __aeabi_memclr4                
0000166d  __aeabi_memclr8                
000015d1  __aeabi_memcpy                 
000015d1  __aeabi_memcpy4                
000015d1  __aeabi_memcpy8                
0000166f  __aeabi_memset                 
0000166f  __aeabi_memset4                
0000166f  __aeabi_memset8                
ffffffff  __binit__                      
ffffffff  __c_args__                     
000011f7  __mpu_init                     
2000fe00  __stack                        
00001929  _args_main                     
000017c1  _c_int00                       
2000003c  _lock                          
0000194f  _nop                           
00001947  _register_lock                 
00001941  _register_unlock               
000016e7  _system_post_cinit             
0000197d  _system_pre_init               
20000040  _unlock                        
00001819  abort                          
ffffffff  binit                          
00001869  copy_in                        
00000ffd  delay                          
00001821  exit                           
00001980  fsm                            
00000000  interruptVectors               
0000124b  main                           
20000044  main_func_sp                   
000015d1  memcpy                         
00001675  memset                         


GLOBAL SYMBOLS: SORTED BY Symbol Address 

address   name                           
-------   ----                           
00000000  __TI_static_base__             
00000000  interruptVectors               
000000e5  LogicAnalyzer                  
000000ef  LogicAnalyzer_P1               
000000fd  LogicAnalyzer_P2               
0000010b  LogicAnalyzer_P2_7654          
0000011b  LogicAnalyzer_P3               
00000129  LogicAnalyzer_P4               
00000137  LogicAnalyzer_P4_765432        
00000147  LogicAnalyzer_P4_765320        
0000017f  LogicAnalyzer_P5               
0000018d  LogicAnalyzer_P6               
0000019b  LogicAnalyzer_P7               
000001a9  LogicAnalyzer_P8               
000001b7  LogicAnalyzer_P9               
000001c5  LogicAnalyzer_P10              
000001d3  Scope                          
00000200  __STACK_SIZE                   
00000257  PeriodicTask2_Init             
000002c1  T32_INT1_IRQHandler            
000002c1  T32_INT1_IRQHandler            
000002d1  PeriodicTask2_Stop             
000002e1  UART_Init                      
0000033b  UART_InChar                    
0000034b  UART_OutChar                   
00000367  TExaS_Task0                    
00000373  TExaS_Task1                    
0000037f  TExaS_Task2                    
0000038b  TExaS_Task3                    
00000397  TExaS_Task4                    
00000399  TExaS_Task5                    
000003a5  TExaS_Task6                    
000003b1  TExaS_Set                      
000003c9  TExaS_Set0                     
000003d5  TExaS_Set1                     
000003e1  TExaS_Set2                     
000003ed  TExaS_Set3                     
000003f9  TExaS_Set4                     
000003fb  TExaS_Set5                     
00000407  TExaS_Set6                     
00000413  TExaS_Clear0                   
0000041f  TExaS_Clear1                   
0000042b  TExaS_Clear2                   
00000437  TExaS_Clear3                   
00000443  TExaS_Clear4                   
00000445  TExaS_Clear5                   
00000451  TExaS_Clear6                   
00000475  ADC_Init                       
00000551  TExaS_Init                     
000006b1  TExaS_Stop                     
00000715  SystemCoreClockUpdate          
00000989  SystemInit                     
00000a41  Motor_Init                     
00000ac9  Motor_Stop                     
00000aed  Motor_Forward                  
00000b1d  Motor_Right                    
00000b57  Motor_Left                     
00000b91  Motor_Backward                 
00000bc1  Motor_RotateAngle              
00000cb5  Reflectance_Init               
00000cc5  Port5_Init                     
00000cf9  Port9_Init                     
00000d2d  Port7_Init                     
00000d4d  Port7_Output_ChargeCap         
00000d63  Port7_InitToInput              
00000d6f  Reflectance_Read               
00000dbd  Reflectance_Center             
00000ddf  Reflectance_Position           
00000e53  Reflectance_Start              
00000e79  Reflectance_End                
00000ee1  Clock_Init48MHz                
00000ff7  Clock_GetFreq                  
00000ffd  delay                          
0000100b  Clock_Delay1us                 
00001035  Clock_Delay1ms                 
000010c1  __aeabi_ddiv                   
000011f7  __mpu_init                     
000011f9  ControlMotors                  
0000124b  main                           
000012f5  __aeabi_dmul                   
000013f1  LaunchPad_Init                 
00001461  LaunchPad_Input                
0000147b  LaunchPad_LED                  
00001499  LaunchPad_Output               
000014e5  PWM_Init34                     
00001569  PWM_Duty3                      
00001589  PWM_Duty4                      
000015d1  __aeabi_memcpy                 
000015d1  __aeabi_memcpy4                
000015d1  __aeabi_memcpy8                
000015d1  memcpy                         
0000166d  __aeabi_memclr                 
0000166d  __aeabi_memclr4                
0000166d  __aeabi_memclr8                
0000166f  __aeabi_memset                 
0000166f  __aeabi_memset4                
0000166f  __aeabi_memset8                
00001675  memset                         
000016e7  _system_post_cinit             
000016e9  __TI_auto_init                 
00001759  __TI_decompress_lzss           
000017c1  _c_int00                       
00001815  C$$EXIT                        
00001819  abort                          
00001821  exit                           
00001869  copy_in                        
000018b5  __aeabi_d2uiz                  
000018f9  __aeabi_i2d                    
00001929  _args_main                     
00001941  _register_unlock               
00001947  _register_lock                 
0000194f  _nop                           
00001955  __TI_decompress_none           
00001963  Reset_Handler                  
0000196f  ADC14_IRQHandler               
0000196f  AES256_IRQHandler              
0000196f  BusFault_Handler               
0000196f  COMP_E0_IRQHandler             
0000196f  COMP_E1_IRQHandler             
0000196f  CS_IRQHandler                  
0000196f  DMA_ERR_IRQHandler             
0000196f  DMA_INT0_IRQHandler            
0000196f  DMA_INT1_IRQHandler            
0000196f  DMA_INT2_IRQHandler            
0000196f  DMA_INT3_IRQHandler            
0000196f  DebugMon_Handler               
0000196f  Default_Handler                
0000196f  EUSCIA0_IRQHandler             
0000196f  EUSCIA1_IRQHandler             
0000196f  EUSCIA2_IRQHandler             
0000196f  EUSCIA3_IRQHandler             
0000196f  EUSCIB0_IRQHandler             
0000196f  EUSCIB1_IRQHandler             
0000196f  EUSCIB2_IRQHandler             
0000196f  EUSCIB3_IRQHandler             
0000196f  FLCTL_IRQHandler               
0000196f  FPU_IRQHandler                 
0000196f  HardFault_Handler              
0000196f  MemManage_Handler              
0000196f  NMI_Handler                    
0000196f  PCM_IRQHandler                 
0000196f  PORT1_IRQHandler               
0000196f  PORT2_IRQHandler               
0000196f  PORT3_IRQHandler               
0000196f  PORT4_IRQHandler               
0000196f  PORT5_IRQHandler               
0000196f  PORT6_IRQHandler               
0000196f  PSS_IRQHandler                 
0000196f  PendSV_Handler                 
0000196f  RTC_C_IRQHandler               
0000196f  SVC_Handler                    
0000196f  SysTick_Handler                
0000196f  T32_INT2_IRQHandler            
0000196f  T32_INTC_IRQHandler            
0000196f  TA0_0_IRQHandler               
0000196f  TA0_N_IRQHandler               
0000196f  TA1_0_IRQHandler               
0000196f  TA1_N_IRQHandler               
0000196f  TA2_0_IRQHandler               
0000196f  TA2_N_IRQHandler               
0000196f  TA3_0_IRQHandler               
0000196f  TA3_N_IRQHandler               
0000196f  UsageFault_Handler             
0000196f  WDT_A_IRQHandler               
00001971  __TI_zero_init                 
0000197d  _system_pre_init               
00001980  fsm                            
00001ac4  __TI_Handler_Table_Base        
00001ad0  __TI_Handler_Table_Limit       
00001ad8  __TI_CINIT_Base                
00001ae8  __TI_CINIT_Limit               
20000000  ClockFrequency                 
20000004  Prewait                        
20000008  CPMwait                        
2000000c  Postwait                       
20000010  IFlags                         
20000014  Crystalstable                  
20000018  __TI_cleanup_ptr               
2000001c  __TI_dtors_ptr                 
20000020  __TI_enable_exit_profile_output
20000024  TExaS_ScopeErrLostData         
20000028  TExaS_ScopeErrConflict         
2000002c  TExaS_ScopeWrnReconfig         
20000030  Tachometer_RightSteps          
20000034  Tachometer_LeftSteps           
20000038  Tachometer_RightDir            
20000039  Tachometer_LeftDir             
2000003c  _lock                          
20000040  _unlock                        
20000044  main_func_sp                   
20000048  SystemCoreClock                
2000004c  Input                          
20000050  Output                         
20000054  PeriodicTask2                  
20000058  Spt                            
2000005c  LogicData                      
2000fe00  __stack                        
20010000  __STACK_END                    
4000480c  WDTCTL_SYM                     
ffffffff  __TI_pprof_out_hndl            
ffffffff  __TI_prof_data_size            
ffffffff  __TI_prof_data_start           
ffffffff  __binit__                      
ffffffff  __c_args__                     
ffffffff  binit                          
UNDEFED   SHT$$INIT_ARRAY$$Base          
UNDEFED   SHT$$INIT_ARRAY$$Limit         

[207 symbols]
