******************************************************************************
                  TI ARM Linker PC v16.9.6                     
******************************************************************************
>> Linked Tue Oct 28 14:39:15 2025

OUTPUT FILE NAME:   <M_TimerCapture_Tach_MeasuredMotorForward.out>
ENTRY POINT SYMBOL: "_c_int00"  address: 00002d95


MEMORY CONFIGURATION

         name            origin    length      used     unused   attr    fill
----------------------  --------  ---------  --------  --------  ----  --------
  MAIN                  00000000   00040000  00003190  0003ce70  R  X
  INFO                  00200000   00004000  00000000  00004000  R  X
  SRAM_CODE             01000000   00010000  00000a37  0000f5c9  RW X
  SRAM_DATA             20000000   00010000  00000a37  0000f5c9  RW  


SEGMENT ALLOCATION MAP

run origin  load origin   length   init length attrs members
----------  ----------- ---------- ----------- ----- -------
00000000    00000000    00003190   00003190    r-x
  00000000    00000000    000000e4   000000e4    r-- .intvecs
  000000e4    000000e4    00002ffc   00002ffc    r-x .text
  000030e0    000030e0    000000b0   000000b0    r-- .cinit
20000000    20000000    00000837   00000000    rw-
  20000000    20000000    00000400   00000000    rw- .sysmem
  20000400    20000400    0000024c   00000000    rw- .data
  2000064c    2000064c    000001eb   00000000    rw- .bss
2000fe00    2000fe00    00000200   00000000    rw-
  2000fe00    2000fe00    00000200   00000000    rw- .stack


SECTION ALLOCATION MAP

 output                                  attributes/
section   page    origin      length       input sections
--------  ----  ----------  ----------   ----------------
.intvecs   0    00000000    000000e4     
                  00000000    000000e4     startup_msp432p401r_ccs.obj (.intvecs:retain)

.binit     0    00000000    00000000     

.text      0    000000e4    00002ffc     
                  000000e4    000006e4     UART0.obj (.text)
                  000007c8    00000630     TExaS.obj (.text)
                  00000df8    000003d0     rtsv7M4_T_le_v4SPD16_eabi.lib : memory.obj (.text)
                  000011c8    0000032c     system_msp432p401r.obj (.text)
                  000014f4    00000324     Motor.obj (.text)
                  00001818    000001e0     Clock.obj (.text)
                  000019f8    000001c4     rtsv7M4_T_le_v4SPD16_eabi.lib : fopen.obj (.text)
                  00001bbc    000001a0     Tachometer.obj (.text)
                  00001d5c    0000015c     Bump.obj (.text)
                  00001eb8    00000136     rtsv7M4_T_le_v4SPD16_eabi.lib : fd_div_t2.obj (.text)
                  00001fee    00000002                                   : mpu_init.obj (.text)
                  00001ff0    00000110     Lab4_Tachmain.obj (.text)
                  00002100    00000104     TA3InputCapture.obj (.text)
                  00002204    000000fc     rtsv7M4_T_le_v4SPD16_eabi.lib : fd_mul_t2.obj (.text)
                  00002300    000000f4     LaunchPad.obj (.text)
                  000023f4    000000ec     PWM.obj (.text)
                  000024e0    000000dc     rtsv7M4_T_le_v4SPD16_eabi.lib : setvbuf.obj (.text)
                  000025bc    000000c8                                   : fflush.obj (.text)
                  00002684    000000bc                                   : open.obj (.text)
                  00002740    000000b8                                   : add_device.obj (.text)
                  000027f8    0000009c                                   : memcpy_t2.obj (.text)
                  00002894    00000098                                   : fclose.obj (.text)
                  0000292c    0000007a                                   : memset_t2.obj (.text)
                  000029a6    00000002                                   : startup.obj (.text)
                  000029a8    00000070                                   : autoinit.obj (.text)
                  00002a18    00000070                                   : getdevice.obj (.text)
                  00002a88    00000068                                   : copy_decompress_lzss.obj (.text:decompress:lzss)
                  00002af0    00000068                                   : hostlseek.obj (.text)
                  00002b58    00000068                                   : hostrename.obj (.text)
                  00002bc0    00000068                                   : trgmsg.obj (.text)
                  00002c28    00000060                                   : hostopen.obj (.text)
                  00002c88    0000005c                                   : close.obj (.text)
                  00002ce4    00000058                                   : hostread.obj (.text)
                  00002d3c    00000058                                   : hostwrite.obj (.text)
                  00002d94    00000054                                   : boot.obj (.text)
                  00002de8    00000054                                   : exit.obj (.text)
                  00002e3c    0000004c                                   : cpy_tbl.obj (.text)
                  00002e88    00000044                                   : fd_tou_t2.obj (.text)
                  00002ecc    00000044                                   : hostclose.obj (.text)
                  00002f10    00000044                                   : hostunlink.obj (.text)
                  00002f54    00000036                                   : strncpy.obj (.text)
                  00002f8a    0000002e                                   : i_tofd_t2.obj (.text)
                  00002fb8    0000002c                                   : unlink.obj (.text)
                  00002fe4    00000028                                   : write.obj (.text)
                  0000300c    00000024     CortexM.obj (.text)
                  00003030    00000018     rtsv7M4_T_le_v4SPD16_eabi.lib : args_main.obj (.text)
                  00003048    00000018                                   : strcmp.obj (.text)
                  00003060    00000016                                   : strchr.obj (.text)
                  00003076    00000002     --HOLE-- [fill = 0]
                  00003078    00000014                                   : _lock.obj (.text)
                  0000308c    00000014                                   : strcpy.obj (.text)
                  000030a0    00000014                                   : strlen.obj (.text)
                  000030b4    0000000e                                   : copy_decompress_none.obj (.text:decompress:none)
                  000030c2    0000000e     startup_msp432p401r_ccs.obj (.text)
                  000030d0    0000000c     rtsv7M4_T_le_v4SPD16_eabi.lib : copy_zero_init.obj (.text:decompress:ZI)
                  000030dc    00000004                                   : pre_init.obj (.text)

.cinit     0    000030e0    000000b0     
                  000030e0    00000087     (.cinit..data.load) [load image, compression = lzss]
                  00003167    00000001     --HOLE-- [fill = 0]
                  00003168    0000000c     (__TI_handler_table)
                  00003174    00000004     --HOLE-- [fill = 0]
                  00003178    00000008     (.cinit..bss.load) [load image, compression = zero_init]
                  00003180    00000010     (__TI_cinit_table)

.init_array 
*          0    00000000    00000000     UNINITIALIZED

.sysmem    0    20000000    00000400     UNINITIALIZED
                  20000000    00000008     rtsv7M4_T_le_v4SPD16_eabi.lib : memory.obj (.sysmem)
                  20000008    000003f8     --HOLE--

.data      0    20000400    0000024c     UNINITIALIZED
                  20000400    000000f0     rtsv7M4_T_le_v4SPD16_eabi.lib : defs.obj (.data:_ftable)
                  200004f0    00000078                                   : write.obj (.data:_device)
                  20000568    00000050                                   : write.obj (.data:_stream)
                  200005b8    00000018     Clock.obj (.data)
                  200005d0    00000018     Lab4_Tachmain.obj (.data)
                  200005e8    00000010     rtsv7M4_T_le_v4SPD16_eabi.lib : defs.obj (.data)
                  200005f8    0000000c                                   : exit.obj (.data:$O1$$)
                  20000604    0000000c                                   : memory.obj (.data:$O1$$)
                  20000610    0000000c     TExaS.obj (.data)
                  2000061c    0000000a     Tachometer.obj (.data)
                  20000626    00000002     --HOLE--
                  20000628    00000008     rtsv7M4_T_le_v4SPD16_eabi.lib : _lock.obj (.data:$O1$$)
                  20000630    00000008     TA3InputCapture.obj (.data)
                  20000638    00000004     rtsv7M4_T_le_v4SPD16_eabi.lib : add_device.obj (.data)
                  2000063c    00000004                                   : fopen.obj (.data)
                  20000640    00000004                                   : open.obj (.data)
                  20000644    00000004                                   : stkdepth_vars.obj (.data)
                  20000648    00000004     system_msp432p401r.obj (.data)

.bss       0    2000064c    000001eb     UNINITIALIZED
                  2000064c    00000120     rtsv7M4_T_le_v4SPD16_eabi.lib : trgmsg.obj (.bss:_CIOBUF_)
                  2000076c    000000a0     (.common:__TI_tmpnams)
                  2000080c    00000008     (.common:Messageb)
                  20000814    00000008     (.common:parmbuf)
                  2000081c    00000004     (.common:Messageindexb)
                  20000820    00000004     (.common:PeriodicTask2)
                  20000824    00000004     (.common:Port4Task)
                  20000828    00000002     (.common:Period0)
                  2000082a    00000002     (.common:Period2)
                  2000082c    00000002     (.common:Tachometer_FirstLeftTime)
                  2000082e    00000002     (.common:Tachometer_FirstRightTime)
                  20000830    00000002     (.common:Tachometer_SecondLeftTime)
                  20000832    00000002     (.common:Tachometer_SecondRightTime)
                  20000834    00000001     (.common:LogicData)
                  20000835    00000001     (.common:bumpState)
                  20000836    00000001     (.common:input)

.stack     0    2000fe00    00000200     UNINITIALIZED
                  2000fe00    00000200     --HOLE--

MODULE SUMMARY

       Module                        code    ro data   rw data
       ------                        ----    -------   -------
    .\
       UART0.obj                     1764    0         24     
       TExaS.obj                     1584    0         34     
       system_msp432p401r.obj        812     0         8      
       Motor.obj                     804     0         0      
       Clock.obj                     480     0         48     
       Tachometer.obj                416     0         36     
       Bump.obj                      348     0         8      
       Lab4_Tachmain.obj             272     0         60     
       TA3InputCapture.obj           260     0         16     
       LaunchPad.obj                 244     0         0      
       startup_msp432p401r_ccs.obj   14      228       0      
       PWM.obj                       236     0         0      
       CortexM.obj                   36      0         0      
    +--+-----------------------------+-------+---------+---------+
       Total:                        7270    228       234    
                                                              
    C:\ti\ccsv7\tools\compiler\ti-cgt-arm_16.9.6.LTS\lib\rtsv7M4_T_le_v4SPD16_eabi.lib
       memory.obj                    976     0         24     
       defs.obj                      0       0         832    
       trgmsg.obj                    104     0         576    
       fopen.obj                     452     0         8      
       write.obj                     40      0         400    
       fd_div_t2.obj                 310     0         0      
       fd_mul_t2.obj                 252     0         0      
       setvbuf.obj                   220     0         0      
       fflush.obj                    200     0         0      
       open.obj                      188     0         8      
       add_device.obj                184     0         8      
       memcpy_t2.obj                 156     0         0      
       fclose.obj                    152     0         0      
       memset_t2.obj                 122     0         0      
       autoinit.obj                  112     0         0      
       getdevice.obj                 112     0         0      
       hostopen.obj                  96      0         16     
       exit.obj                      84      0         24     
       copy_decompress_lzss.obj      104     0         0      
       hostlseek.obj                 104     0         0      
       hostrename.obj                104     0         0      
       close.obj                     92      0         0      
       hostread.obj                  88      0         0      
       hostwrite.obj                 88      0         0      
       boot.obj                      84      0         0      
       cpy_tbl.obj                   76      0         0      
       fd_tou_t2.obj                 68      0         0      
       hostclose.obj                 68      0         0      
       hostunlink.obj                68      0         0      
       strncpy.obj                   54      0         0      
       i_tofd_t2.obj                 46      0         0      
       unlink.obj                    44      0         0      
       _lock.obj                     20      0         16     
       args_main.obj                 24      0         0      
       strcmp.obj                    24      0         0      
       strchr.obj                    22      0         0      
       strcpy.obj                    20      0         0      
       strlen.obj                    20      0         0      
       copy_decompress_none.obj      14      0         0      
       copy_zero_init.obj            12      0         0      
       stkdepth_vars.obj             0       0         8      
       pre_init.obj                  4       0         0      
       mpu_init.obj                  2       0         0      
       startup.obj                   2       0         0      
    +--+-----------------------------+-------+---------+---------+
       Total:                        5012    0         1920   
                                                              
       Heap:                         0       0         2048   
       Stack:                        0       0         1024   
       Linker Generated:             0       171       0      
    +--+-----------------------------+-------+---------+---------+
       Grand Total:                  12282   399       5226   


LINKER GENERATED COPY TABLES

__TI_cinit_table @ 00003180 records: 2, size/record: 8, table size: 16
	.data: load addr=000030e0, load size=00000087 bytes, run addr=20000400, run size=0000024c bytes, compression=lzss
	.bss: load addr=00003178, load size=00000008 bytes, run addr=2000064c, run size=000001eb bytes, compression=zero_init


LINKER GENERATED HANDLER TABLE

__TI_handler_table @ 00003168 records: 3, size/record: 4, table size: 12
	index: 0, handler: __TI_decompress_lzss
	index: 1, handler: __TI_decompress_none
	index: 2, handler: __TI_zero_init


GLOBAL SYMBOLS: SORTED ALPHABETICALLY BY Name 

address   name                           
-------   ----                           
000030cf  ADC14_IRQHandler               
00000b59  ADC_Init                       
000030cf  AES256_IRQHandler              
00001d5d  Bump_Init                      
00001dd3  Bump_Read                      
000030cf  BusFault_Handler               
00002de9  C$$EXIT                        
00002bef  C$$IO$$                        
000030cf  COMP_E0_IRQHandler             
000030cf  COMP_E1_IRQHandler             
200005c0  CPMwait                        
000030cf  CS_IRQHandler                  
20000630  CaptureTask0                   
20000634  CaptureTask2                   
200005b8  ClockFrequency                 
0000196d  Clock_Delay1ms                 
00001943  Clock_Delay1us                 
0000192f  Clock_GetFreq                  
00001819  Clock_Init48MHz                
200005cc  Crystalstable                  
000030cf  DMA_ERR_IRQHandler             
000030cf  DMA_INT0_IRQHandler            
000030cf  DMA_INT1_IRQHandler            
000030cf  DMA_INT2_IRQHandler            
000030cf  DMA_INT3_IRQHandler            
000030cf  DebugMon_Handler               
000030cf  Default_Handler                
0000300d  DisableInterrupts              
200005d4  Done0                          
200005dc  Done2                          
000030cf  EUSCIA0_IRQHandler             
000030cf  EUSCIA1_IRQHandler             
000030cf  EUSCIA2_IRQHandler             
000030cf  EUSCIA3_IRQHandler             
000030cf  EUSCIB0_IRQHandler             
000030cf  EUSCIB1_IRQHandler             
000030cf  EUSCIB2_IRQHandler             
000030cf  EUSCIB3_IRQHandler             
00003013  EnableInterrupts               
00003023  EndCritical                    
000030cf  FLCTL_IRQHandler               
000030cf  FPU_IRQHandler                 
200005d0  First0                         
200005d8  First2                         
00002ecd  HOSTclose                      
00002af1  HOSTlseek                      
00002c29  HOSTopen                       
00002ce5  HOSTread                       
00002b59  HOSTrename                     
00002f11  HOSTunlink                     
00002d3d  HOSTwrite                      
000030cf  HardFault_Handler              
200005c8  IFlags                         
00002301  LaunchPad_Init                 
00002371  LaunchPad_Input                
0000238b  LaunchPad_LED                  
000023a9  LaunchPad_Output               
000007c9  LogicAnalyzer                  
000007d3  LogicAnalyzer_P1               
000008a9  LogicAnalyzer_P10              
000007e1  LogicAnalyzer_P2               
000007ef  LogicAnalyzer_P2_7654          
000007ff  LogicAnalyzer_P3               
0000080d  LogicAnalyzer_P4               
0000082b  LogicAnalyzer_P4_765320        
0000081b  LogicAnalyzer_P4_765432        
00000863  LogicAnalyzer_P5               
00000871  LogicAnalyzer_P6               
0000087f  LogicAnalyzer_P7               
0000088d  LogicAnalyzer_P8               
0000089b  LogicAnalyzer_P9               
20000834  LogicData                      
000030cf  MemManage_Handler              
2000080c  Messageb                       
2000081c  Messageindexb                  
00001645  Motor_Backward                 
000015a1  Motor_Forward                  
00001721  Motor_ForwardDist              
000014f5  Motor_Init                     
0000160b  Motor_Left                     
000015d1  Motor_Right                    
00001675  Motor_RotateAngle              
0000157d  Motor_Stop                     
000030cf  NMI_Handler                    
000030cf  PCM_IRQHandler                 
000030cf  PORT1_IRQHandler               
000030cf  PORT2_IRQHandler               
000030cf  PORT3_IRQHandler               
00001e53  PORT4_IRQHandler               
00001e53  PORT4_IRQHandler               
000030cf  PORT5_IRQHandler               
000030cf  PORT6_IRQHandler               
000030cf  PSS_IRQHandler                 
00002479  PWM_Duty3                      
00002499  PWM_Duty4                      
000023f5  PWM_Init34                     
000030cf  PendSV_Handler                 
20000828  Period0                        
2000082a  Period2                        
00001ff1  PeriodMeasure0                 
0000201f  PeriodMeasure2                 
20000820  PeriodicTask2                  
0000093b  PeriodicTask2_Init             
000009b5  PeriodicTask2_Stop             
20000824  Port4Task                      
200005c4  Postwait                       
200005bc  Prewait                        
000030cf  RTC_C_IRQHandler               
000030c3  Reset_Handler                  
UNDEFED   SHT$$INIT_ARRAY$$Base          
UNDEFED   SHT$$INIT_ARRAY$$Limit         
000030cf  SVC_Handler                    
000008b7  Scope                          
00003019  StartCritical                  
000030cf  SysTick_Handler                
20000648  SystemCoreClock                
000011c9  SystemCoreClockUpdate          
0000143d  SystemInit                     
000009a5  T32_INT1_IRQHandler            
000009a5  T32_INT1_IRQHandler            
000030cf  T32_INT2_IRQHandler            
000030cf  T32_INTC_IRQHandler            
000030cf  TA0_0_IRQHandler               
000030cf  TA0_N_IRQHandler               
000030cf  TA1_0_IRQHandler               
000030cf  TA1_N_IRQHandler               
000030cf  TA2_0_IRQHandler               
000030cf  TA2_N_IRQHandler               
00002193  TA3_0_IRQHandler               
00002193  TA3_0_IRQHandler               
000021ad  TA3_N_IRQHandler               
000021ad  TA3_N_IRQHandler               
00000af7  TExaS_Clear0                   
00000b03  TExaS_Clear1                   
00000b0f  TExaS_Clear2                   
00000b1b  TExaS_Clear3                   
00000b27  TExaS_Clear4                   
00000b29  TExaS_Clear5                   
00000b35  TExaS_Clear6                   
00000c35  TExaS_Init                     
20000614  TExaS_ScopeErrConflict         
20000610  TExaS_ScopeErrLostData         
20000618  TExaS_ScopeWrnReconfig         
00000a95  TExaS_Set                      
00000aad  TExaS_Set0                     
00000ab9  TExaS_Set1                     
00000ac5  TExaS_Set2                     
00000ad1  TExaS_Set3                     
00000add  TExaS_Set4                     
00000adf  TExaS_Set5                     
00000aeb  TExaS_Set6                     
00000d95  TExaS_Stop                     
00000a4b  TExaS_Task0                    
00000a57  TExaS_Task1                    
00000a63  TExaS_Task2                    
00000a6f  TExaS_Task3                    
00000a7b  TExaS_Task4                    
00000a7d  TExaS_Task5                    
00000a89  TExaS_Task6                    
2000082c  Tachometer_FirstLeftTime       
2000082e  Tachometer_FirstRightTime      
00001cb9  Tachometer_Get                 
00001c49  Tachometer_Init                
20000625  Tachometer_LeftDir             
20000620  Tachometer_LeftSteps           
20000624  Tachometer_RightDir            
2000061c  Tachometer_RightSteps          
20000830  Tachometer_SecondLeftTime      
20000832  Tachometer_SecondRightTime     
0000204d  TimedPause                     
0000210d  TimerA3Capture_Init            
0000012b  UART0_InChar                   
000005d9  UART0_InString                 
00000175  UART0_InUDec                   
0000048d  UART0_InUHex                   
000000e5  UART0_Init                     
0000073b  UART0_Initprintf               
0000013b  UART0_OutChar                  
00000157  UART0_OutString                
00000229  UART0_OutUBin                  
000001f9  UART0_OutUDec                  
000003a5  UART0_OutUDec4                 
000003e9  UART0_OutUDec5                 
0000041b  UART0_OutUFix1                 
00000443  UART0_OutUFix2                 
00000551  UART0_OutUHex                  
000005bd  UART0_OutUHex2                 
00000a1f  UART_InChar                    
000009c5  UART_Init                      
00000a2f  UART_OutChar                   
000030cf  UsageFault_Handler             
4000480c  WDTCTL_SYM                     
000030cf  WDT_A_IRQHandler               
0000302b  WaitForInterrupt               
2000064c  __CIOBUF_                      
20010000  __STACK_END                    
00000200  __STACK_SIZE                   
00000400  __SYSMEM_SIZE                  
00003180  __TI_CINIT_Base                
00003190  __TI_CINIT_Limit               
00003168  __TI_Handler_Table_Base        
00003174  __TI_Handler_Table_Limit       
000029a9  __TI_auto_init                 
00001ac1  __TI_cleanup                   
200005f8  __TI_cleanup_ptr               
00002895  __TI_closefile                 
00002a89  __TI_decompress_lzss           
000030b5  __TI_decompress_none           
000025bd  __TI_doflush                   
200005fc  __TI_dtors_ptr                 
20000600  __TI_enable_exit_profile_output
200005e8  __TI_ft_end                    
ffffffff  __TI_pprof_out_hndl            
ffffffff  __TI_prof_data_size            
ffffffff  __TI_prof_data_start           
00002bf3  __TI_readmsg                   
00000000  __TI_static_base__             
2000076c  __TI_tmpnams                   
00002bc1  __TI_writemsg                  
000030d1  __TI_zero_init                 
00002e89  __aeabi_d2uiz                  
00001eb9  __aeabi_ddiv                   
00002205  __aeabi_dmul                   
00002f8b  __aeabi_i2d                    
0000292d  __aeabi_memclr                 
0000292d  __aeabi_memclr4                
0000292d  __aeabi_memclr8                
000027f9  __aeabi_memcpy                 
000027f9  __aeabi_memcpy4                
000027f9  __aeabi_memcpy8                
0000292f  __aeabi_memset                 
0000292f  __aeabi_memset4                
0000292f  __aeabi_memset8                
200005f4  __aeabi_stderr                 
200005ec  __aeabi_stdin                  
200005f0  __aeabi_stdout                 
ffffffff  __binit__                      
ffffffff  __c_args__                     
00001fef  __mpu_init                     
2000fe00  __stack                        
00003031  _args_main                     
00002d95  _c_int00                       
200004f0  _device                        
20000400  _ftable                        
20000628  _lock                          
00003087  _nop                           
0000307f  _register_lock                 
00003079  _register_unlock               
20000568  _stream                        
20000000  _sys_memory                    
000029a7  _system_post_cinit             
000030dd  _system_pre_init               
2000062c  _unlock                        
00002ded  abort                          
00002741  add_device                     
ffffffff  binit                          
20000835  bumpState                      
00001199  calloc                         
00002c89  close                          
00002e3d  copy_in                        
00001935  delay                          
00002df5  exit                           
000028fb  fclose                         
0000066d  ferror                         
00002609  fflush                         
00000653  fgetc                          
00002a19  finddevice                     
00001b17  fopen                          
00000ee3  free                           
00001aed  freopen                        
00002a43  getdevice                      
20000836  input                          
00000000  interruptVectors               
00002077  main                           
200005e4  main_count                     
20000644  main_func_sp                   
00000e79  malloc                         
000010ad  memalign                       
000027f9  memcpy                         
00002935  memset                         
00000df9  minit                          
00002685  open                           
00000595  outnibble                      
20000814  parmbuf                        
00000fa3  realloc                        
00002fb9  remove                         
000024e1  setvbuf                        
00003061  strchr                         
00003049  strcmp                         
0000308d  strcpy                         
000030a1  strlen                         
00002f55  strncpy                        
00002101  ta3dummy                       
00001c03  tachometerLeftInt              
00001bbd  tachometerRightInt             
200005e0  targetSteps                    
00000693  uart_close                     
00000711  uart_lseek                     
00000683  uart_open                      
0000069f  uart_read                      
0000072d  uart_rename                    
00000721  uart_unlink                    
000006cf  uart_write                     
00002fb9  unlink                         
00002fe5  write                          


GLOBAL SYMBOLS: SORTED BY Symbol Address 

address   name                           
-------   ----                           
00000000  __TI_static_base__             
00000000  interruptVectors               
000000e5  UART0_Init                     
0000012b  UART0_InChar                   
0000013b  UART0_OutChar                  
00000157  UART0_OutString                
00000175  UART0_InUDec                   
000001f9  UART0_OutUDec                  
00000200  __STACK_SIZE                   
00000229  UART0_OutUBin                  
000003a5  UART0_OutUDec4                 
000003e9  UART0_OutUDec5                 
00000400  __SYSMEM_SIZE                  
0000041b  UART0_OutUFix1                 
00000443  UART0_OutUFix2                 
0000048d  UART0_InUHex                   
00000551  UART0_OutUHex                  
00000595  outnibble                      
000005bd  UART0_OutUHex2                 
000005d9  UART0_InString                 
00000653  fgetc                          
0000066d  ferror                         
00000683  uart_open                      
00000693  uart_close                     
0000069f  uart_read                      
000006cf  uart_write                     
00000711  uart_lseek                     
00000721  uart_unlink                    
0000072d  uart_rename                    
0000073b  UART0_Initprintf               
000007c9  LogicAnalyzer                  
000007d3  LogicAnalyzer_P1               
000007e1  LogicAnalyzer_P2               
000007ef  LogicAnalyzer_P2_7654          
000007ff  LogicAnalyzer_P3               
0000080d  LogicAnalyzer_P4               
0000081b  LogicAnalyzer_P4_765432        
0000082b  LogicAnalyzer_P4_765320        
00000863  LogicAnalyzer_P5               
00000871  LogicAnalyzer_P6               
0000087f  LogicAnalyzer_P7               
0000088d  LogicAnalyzer_P8               
0000089b  LogicAnalyzer_P9               
000008a9  LogicAnalyzer_P10              
000008b7  Scope                          
0000093b  PeriodicTask2_Init             
000009a5  T32_INT1_IRQHandler            
000009a5  T32_INT1_IRQHandler            
000009b5  PeriodicTask2_Stop             
000009c5  UART_Init                      
00000a1f  UART_InChar                    
00000a2f  UART_OutChar                   
00000a4b  TExaS_Task0                    
00000a57  TExaS_Task1                    
00000a63  TExaS_Task2                    
00000a6f  TExaS_Task3                    
00000a7b  TExaS_Task4                    
00000a7d  TExaS_Task5                    
00000a89  TExaS_Task6                    
00000a95  TExaS_Set                      
00000aad  TExaS_Set0                     
00000ab9  TExaS_Set1                     
00000ac5  TExaS_Set2                     
00000ad1  TExaS_Set3                     
00000add  TExaS_Set4                     
00000adf  TExaS_Set5                     
00000aeb  TExaS_Set6                     
00000af7  TExaS_Clear0                   
00000b03  TExaS_Clear1                   
00000b0f  TExaS_Clear2                   
00000b1b  TExaS_Clear3                   
00000b27  TExaS_Clear4                   
00000b29  TExaS_Clear5                   
00000b35  TExaS_Clear6                   
00000b59  ADC_Init                       
00000c35  TExaS_Init                     
00000d95  TExaS_Stop                     
00000df9  minit                          
00000e79  malloc                         
00000ee3  free                           
00000fa3  realloc                        
000010ad  memalign                       
00001199  calloc                         
000011c9  SystemCoreClockUpdate          
0000143d  SystemInit                     
000014f5  Motor_Init                     
0000157d  Motor_Stop                     
000015a1  Motor_Forward                  
000015d1  Motor_Right                    
0000160b  Motor_Left                     
00001645  Motor_Backward                 
00001675  Motor_RotateAngle              
00001721  Motor_ForwardDist              
00001819  Clock_Init48MHz                
0000192f  Clock_GetFreq                  
00001935  delay                          
00001943  Clock_Delay1us                 
0000196d  Clock_Delay1ms                 
00001ac1  __TI_cleanup                   
00001aed  freopen                        
00001b17  fopen                          
00001bbd  tachometerRightInt             
00001c03  tachometerLeftInt              
00001c49  Tachometer_Init                
00001cb9  Tachometer_Get                 
00001d5d  Bump_Init                      
00001dd3  Bump_Read                      
00001e53  PORT4_IRQHandler               
00001e53  PORT4_IRQHandler               
00001eb9  __aeabi_ddiv                   
00001fef  __mpu_init                     
00001ff1  PeriodMeasure0                 
0000201f  PeriodMeasure2                 
0000204d  TimedPause                     
00002077  main                           
00002101  ta3dummy                       
0000210d  TimerA3Capture_Init            
00002193  TA3_0_IRQHandler               
00002193  TA3_0_IRQHandler               
000021ad  TA3_N_IRQHandler               
000021ad  TA3_N_IRQHandler               
00002205  __aeabi_dmul                   
00002301  LaunchPad_Init                 
00002371  LaunchPad_Input                
0000238b  LaunchPad_LED                  
000023a9  LaunchPad_Output               
000023f5  PWM_Init34                     
00002479  PWM_Duty3                      
00002499  PWM_Duty4                      
000024e1  setvbuf                        
000025bd  __TI_doflush                   
00002609  fflush                         
00002685  open                           
00002741  add_device                     
000027f9  __aeabi_memcpy                 
000027f9  __aeabi_memcpy4                
000027f9  __aeabi_memcpy8                
000027f9  memcpy                         
00002895  __TI_closefile                 
000028fb  fclose                         
0000292d  __aeabi_memclr                 
0000292d  __aeabi_memclr4                
0000292d  __aeabi_memclr8                
0000292f  __aeabi_memset                 
0000292f  __aeabi_memset4                
0000292f  __aeabi_memset8                
00002935  memset                         
000029a7  _system_post_cinit             
000029a9  __TI_auto_init                 
00002a19  finddevice                     
00002a43  getdevice                      
00002a89  __TI_decompress_lzss           
00002af1  HOSTlseek                      
00002b59  HOSTrename                     
00002bc1  __TI_writemsg                  
00002bef  C$$IO$$                        
00002bf3  __TI_readmsg                   
00002c29  HOSTopen                       
00002c89  close                          
00002ce5  HOSTread                       
00002d3d  HOSTwrite                      
00002d95  _c_int00                       
00002de9  C$$EXIT                        
00002ded  abort                          
00002df5  exit                           
00002e3d  copy_in                        
00002e89  __aeabi_d2uiz                  
00002ecd  HOSTclose                      
00002f11  HOSTunlink                     
00002f55  strncpy                        
00002f8b  __aeabi_i2d                    
00002fb9  remove                         
00002fb9  unlink                         
00002fe5  write                          
0000300d  DisableInterrupts              
00003013  EnableInterrupts               
00003019  StartCritical                  
00003023  EndCritical                    
0000302b  WaitForInterrupt               
00003031  _args_main                     
00003049  strcmp                         
00003061  strchr                         
00003079  _register_unlock               
0000307f  _register_lock                 
00003087  _nop                           
0000308d  strcpy                         
000030a1  strlen                         
000030b5  __TI_decompress_none           
000030c3  Reset_Handler                  
000030cf  ADC14_IRQHandler               
000030cf  AES256_IRQHandler              
000030cf  BusFault_Handler               
000030cf  COMP_E0_IRQHandler             
000030cf  COMP_E1_IRQHandler             
000030cf  CS_IRQHandler                  
000030cf  DMA_ERR_IRQHandler             
000030cf  DMA_INT0_IRQHandler            
000030cf  DMA_INT1_IRQHandler            
000030cf  DMA_INT2_IRQHandler            
000030cf  DMA_INT3_IRQHandler            
000030cf  DebugMon_Handler               
000030cf  Default_Handler                
000030cf  EUSCIA0_IRQHandler             
000030cf  EUSCIA1_IRQHandler             
000030cf  EUSCIA2_IRQHandler             
000030cf  EUSCIA3_IRQHandler             
000030cf  EUSCIB0_IRQHandler             
000030cf  EUSCIB1_IRQHandler             
000030cf  EUSCIB2_IRQHandler             
000030cf  EUSCIB3_IRQHandler             
000030cf  FLCTL_IRQHandler               
000030cf  FPU_IRQHandler                 
000030cf  HardFault_Handler              
000030cf  MemManage_Handler              
000030cf  NMI_Handler                    
000030cf  PCM_IRQHandler                 
000030cf  PORT1_IRQHandler               
000030cf  PORT2_IRQHandler               
000030cf  PORT3_IRQHandler               
000030cf  PORT5_IRQHandler               
000030cf  PORT6_IRQHandler               
000030cf  PSS_IRQHandler                 
000030cf  PendSV_Handler                 
000030cf  RTC_C_IRQHandler               
000030cf  SVC_Handler                    
000030cf  SysTick_Handler                
000030cf  T32_INT2_IRQHandler            
000030cf  T32_INTC_IRQHandler            
000030cf  TA0_0_IRQHandler               
000030cf  TA0_N_IRQHandler               
000030cf  TA1_0_IRQHandler               
000030cf  TA1_N_IRQHandler               
000030cf  TA2_0_IRQHandler               
000030cf  TA2_N_IRQHandler               
000030cf  UsageFault_Handler             
000030cf  WDT_A_IRQHandler               
000030d1  __TI_zero_init                 
000030dd  _system_pre_init               
00003168  __TI_Handler_Table_Base        
00003174  __TI_Handler_Table_Limit       
00003180  __TI_CINIT_Base                
00003190  __TI_CINIT_Limit               
20000000  _sys_memory                    
20000400  _ftable                        
200004f0  _device                        
20000568  _stream                        
200005b8  ClockFrequency                 
200005bc  Prewait                        
200005c0  CPMwait                        
200005c4  Postwait                       
200005c8  IFlags                         
200005cc  Crystalstable                  
200005d0  First0                         
200005d4  Done0                          
200005d8  First2                         
200005dc  Done2                          
200005e0  targetSteps                    
200005e4  main_count                     
200005e8  __TI_ft_end                    
200005ec  __aeabi_stdin                  
200005f0  __aeabi_stdout                 
200005f4  __aeabi_stderr                 
200005f8  __TI_cleanup_ptr               
200005fc  __TI_dtors_ptr                 
20000600  __TI_enable_exit_profile_output
20000610  TExaS_ScopeErrLostData         
20000614  TExaS_ScopeErrConflict         
20000618  TExaS_ScopeWrnReconfig         
2000061c  Tachometer_RightSteps          
20000620  Tachometer_LeftSteps           
20000624  Tachometer_RightDir            
20000625  Tachometer_LeftDir             
20000628  _lock                          
2000062c  _unlock                        
20000630  CaptureTask0                   
20000634  CaptureTask2                   
20000644  main_func_sp                   
20000648  SystemCoreClock                
2000064c  __CIOBUF_                      
2000076c  __TI_tmpnams                   
2000080c  Messageb                       
20000814  parmbuf                        
2000081c  Messageindexb                  
20000820  PeriodicTask2                  
20000824  Port4Task                      
20000828  Period0                        
2000082a  Period2                        
2000082c  Tachometer_FirstLeftTime       
2000082e  Tachometer_FirstRightTime      
20000830  Tachometer_SecondLeftTime      
20000832  Tachometer_SecondRightTime     
20000834  LogicData                      
20000835  bumpState                      
20000836  input                          
2000fe00  __stack                        
20010000  __STACK_END                    
4000480c  WDTCTL_SYM                     
ffffffff  __TI_pprof_out_hndl            
ffffffff  __TI_prof_data_size            
ffffffff  __TI_prof_data_start           
ffffffff  __binit__                      
ffffffff  __c_args__                     
ffffffff  binit                          
UNDEFED   SHT$$INIT_ARRAY$$Base          
UNDEFED   SHT$$INIT_ARRAY$$Limit         

[305 symbols]
