<?xml version="1.0"?>
<link_info>
   <banner>TI ARM Linker PC v16.9.6.LTS</banner>
   <copyright>Copyright (c) 1996-2017 Texas Instruments Incorporated</copyright>
   <link_time>0x68feea4a</link_time>
   <link_errors>0x0</link_errors>
   <output_file>M_TimerCapture_Tach_MeasuredMotorForward.out</output_file>
   <entry_point>
      <name>_c_int00</name>
      <address>0x2d59</address>
   </entry_point>
   <input_file_list>
      <input_file id="fl-2">
         <path>.\</path>
         <kind>object</kind>
         <file>Bump.obj</file>
         <name>Bump.obj</name>
      </input_file>
      <input_file id="fl-3">
         <path>.\</path>
         <kind>object</kind>
         <file>Clock.obj</file>
         <name>Clock.obj</name>
      </input_file>
      <input_file id="fl-4">
         <path>.\</path>
         <kind>object</kind>
         <file>CortexM.obj</file>
         <name>CortexM.obj</name>
      </input_file>
      <input_file id="fl-5">
         <path>.\</path>
         <kind>object</kind>
         <file>Lab4_Tachmain.obj</file>
         <name>Lab4_Tachmain.obj</name>
      </input_file>
      <input_file id="fl-6">
         <path>.\</path>
         <kind>object</kind>
         <file>LaunchPad.obj</file>
         <name>LaunchPad.obj</name>
      </input_file>
      <input_file id="fl-7">
         <path>.\</path>
         <kind>object</kind>
         <file>Motor.obj</file>
         <name>Motor.obj</name>
      </input_file>
      <input_file id="fl-8">
         <path>.\</path>
         <kind>object</kind>
         <file>PWM.obj</file>
         <name>PWM.obj</name>
      </input_file>
      <input_file id="fl-9">
         <path>.\</path>
         <kind>object</kind>
         <file>SysTickInts.obj</file>
         <name>SysTickInts.obj</name>
      </input_file>
      <input_file id="fl-a">
         <path>.\</path>
         <kind>object</kind>
         <file>TA3InputCapture.obj</file>
         <name>TA3InputCapture.obj</name>
      </input_file>
      <input_file id="fl-b">
         <path>.\</path>
         <kind>object</kind>
         <file>TExaS.obj</file>
         <name>TExaS.obj</name>
      </input_file>
      <input_file id="fl-c">
         <path>.\</path>
         <kind>object</kind>
         <file>Tachometer.obj</file>
         <name>Tachometer.obj</name>
      </input_file>
      <input_file id="fl-d">
         <path>.\</path>
         <kind>object</kind>
         <file>UART0.obj</file>
         <name>UART0.obj</name>
      </input_file>
      <input_file id="fl-e">
         <path>.\</path>
         <kind>object</kind>
         <file>startup_msp432p401r_ccs.obj</file>
         <name>startup_msp432p401r_ccs.obj</name>
      </input_file>
      <input_file id="fl-f">
         <path>.\</path>
         <kind>object</kind>
         <file>system_msp432p401r.obj</file>
         <name>system_msp432p401r.obj</name>
      </input_file>
      <input_file id="fl-13">
         <kind>object</kind>
         <file>&lt;internal&gt;</file>
         <name>&lt;internal&gt;</name>
      </input_file>
      <input_file id="fl-c9">
         <path>C:\ti\ccsv7\tools\compiler\ti-cgt-arm_16.9.6.LTS\lib\</path>
         <kind>archive</kind>
         <file>rtsv7M4_T_le_v4SPD16_eabi.lib</file>
         <name>add_device.obj</name>
      </input_file>
      <input_file id="fl-ca">
         <path>C:\ti\ccsv7\tools\compiler\ti-cgt-arm_16.9.6.LTS\lib\</path>
         <kind>archive</kind>
         <file>rtsv7M4_T_le_v4SPD16_eabi.lib</file>
         <name>boot.obj</name>
      </input_file>
      <input_file id="fl-cb">
         <path>C:\ti\ccsv7\tools\compiler\ti-cgt-arm_16.9.6.LTS\lib\</path>
         <kind>archive</kind>
         <file>rtsv7M4_T_le_v4SPD16_eabi.lib</file>
         <name>copy_decompress_lzss.obj</name>
      </input_file>
      <input_file id="fl-cc">
         <path>C:\ti\ccsv7\tools\compiler\ti-cgt-arm_16.9.6.LTS\lib\</path>
         <kind>archive</kind>
         <file>rtsv7M4_T_le_v4SPD16_eabi.lib</file>
         <name>copy_decompress_none.obj</name>
      </input_file>
      <input_file id="fl-cd">
         <path>C:\ti\ccsv7\tools\compiler\ti-cgt-arm_16.9.6.LTS\lib\</path>
         <kind>archive</kind>
         <file>rtsv7M4_T_le_v4SPD16_eabi.lib</file>
         <name>copy_zero_init.obj</name>
      </input_file>
      <input_file id="fl-ce">
         <path>C:\ti\ccsv7\tools\compiler\ti-cgt-arm_16.9.6.LTS\lib\</path>
         <kind>archive</kind>
         <file>rtsv7M4_T_le_v4SPD16_eabi.lib</file>
         <name>defs.obj</name>
      </input_file>
      <input_file id="fl-cf">
         <path>C:\ti\ccsv7\tools\compiler\ti-cgt-arm_16.9.6.LTS\lib\</path>
         <kind>archive</kind>
         <file>rtsv7M4_T_le_v4SPD16_eabi.lib</file>
         <name>exit.obj</name>
      </input_file>
      <input_file id="fl-d0">
         <path>C:\ti\ccsv7\tools\compiler\ti-cgt-arm_16.9.6.LTS\lib\</path>
         <kind>archive</kind>
         <file>rtsv7M4_T_le_v4SPD16_eabi.lib</file>
         <name>fd_div_t2.obj</name>
      </input_file>
      <input_file id="fl-d1">
         <path>C:\ti\ccsv7\tools\compiler\ti-cgt-arm_16.9.6.LTS\lib\</path>
         <kind>archive</kind>
         <file>rtsv7M4_T_le_v4SPD16_eabi.lib</file>
         <name>fd_mul_t2.obj</name>
      </input_file>
      <input_file id="fl-d2">
         <path>C:\ti\ccsv7\tools\compiler\ti-cgt-arm_16.9.6.LTS\lib\</path>
         <kind>archive</kind>
         <file>rtsv7M4_T_le_v4SPD16_eabi.lib</file>
         <name>fd_tou_t2.obj</name>
      </input_file>
      <input_file id="fl-d3">
         <path>C:\ti\ccsv7\tools\compiler\ti-cgt-arm_16.9.6.LTS\lib\</path>
         <kind>archive</kind>
         <file>rtsv7M4_T_le_v4SPD16_eabi.lib</file>
         <name>fopen.obj</name>
      </input_file>
      <input_file id="fl-d4">
         <path>C:\ti\ccsv7\tools\compiler\ti-cgt-arm_16.9.6.LTS\lib\</path>
         <kind>archive</kind>
         <file>rtsv7M4_T_le_v4SPD16_eabi.lib</file>
         <name>getdevice.obj</name>
      </input_file>
      <input_file id="fl-d5">
         <path>C:\ti\ccsv7\tools\compiler\ti-cgt-arm_16.9.6.LTS\lib\</path>
         <kind>archive</kind>
         <file>rtsv7M4_T_le_v4SPD16_eabi.lib</file>
         <name>i_tofd_t2.obj</name>
      </input_file>
      <input_file id="fl-d6">
         <path>C:\ti\ccsv7\tools\compiler\ti-cgt-arm_16.9.6.LTS\lib\</path>
         <kind>archive</kind>
         <file>rtsv7M4_T_le_v4SPD16_eabi.lib</file>
         <name>memcpy_t2.obj</name>
      </input_file>
      <input_file id="fl-d7">
         <path>C:\ti\ccsv7\tools\compiler\ti-cgt-arm_16.9.6.LTS\lib\</path>
         <kind>archive</kind>
         <file>rtsv7M4_T_le_v4SPD16_eabi.lib</file>
         <name>memset_t2.obj</name>
      </input_file>
      <input_file id="fl-d8">
         <path>C:\ti\ccsv7\tools\compiler\ti-cgt-arm_16.9.6.LTS\lib\</path>
         <kind>archive</kind>
         <file>rtsv7M4_T_le_v4SPD16_eabi.lib</file>
         <name>mpu_init.obj</name>
      </input_file>
      <input_file id="fl-d9">
         <path>C:\ti\ccsv7\tools\compiler\ti-cgt-arm_16.9.6.LTS\lib\</path>
         <kind>archive</kind>
         <file>rtsv7M4_T_le_v4SPD16_eabi.lib</file>
         <name>open.obj</name>
      </input_file>
      <input_file id="fl-da">
         <path>C:\ti\ccsv7\tools\compiler\ti-cgt-arm_16.9.6.LTS\lib\</path>
         <kind>archive</kind>
         <file>rtsv7M4_T_le_v4SPD16_eabi.lib</file>
         <name>pre_init.obj</name>
      </input_file>
      <input_file id="fl-db">
         <path>C:\ti\ccsv7\tools\compiler\ti-cgt-arm_16.9.6.LTS\lib\</path>
         <kind>archive</kind>
         <file>rtsv7M4_T_le_v4SPD16_eabi.lib</file>
         <name>setvbuf.obj</name>
      </input_file>
      <input_file id="fl-dc">
         <path>C:\ti\ccsv7\tools\compiler\ti-cgt-arm_16.9.6.LTS\lib\</path>
         <kind>archive</kind>
         <file>rtsv7M4_T_le_v4SPD16_eabi.lib</file>
         <name>stkdepth_vars.obj</name>
      </input_file>
      <input_file id="fl-dd">
         <path>C:\ti\ccsv7\tools\compiler\ti-cgt-arm_16.9.6.LTS\lib\</path>
         <kind>archive</kind>
         <file>rtsv7M4_T_le_v4SPD16_eabi.lib</file>
         <name>strchr.obj</name>
      </input_file>
      <input_file id="fl-de">
         <path>C:\ti\ccsv7\tools\compiler\ti-cgt-arm_16.9.6.LTS\lib\</path>
         <kind>archive</kind>
         <file>rtsv7M4_T_le_v4SPD16_eabi.lib</file>
         <name>strcmp.obj</name>
      </input_file>
      <input_file id="fl-df">
         <path>C:\ti\ccsv7\tools\compiler\ti-cgt-arm_16.9.6.LTS\lib\</path>
         <kind>archive</kind>
         <file>rtsv7M4_T_le_v4SPD16_eabi.lib</file>
         <name>strncpy.obj</name>
      </input_file>
      <input_file id="fl-e0">
         <path>C:\ti\ccsv7\tools\compiler\ti-cgt-arm_16.9.6.LTS\lib\</path>
         <kind>archive</kind>
         <file>rtsv7M4_T_le_v4SPD16_eabi.lib</file>
         <name>write.obj</name>
      </input_file>
      <input_file id="fl-e1">
         <path>C:\ti\ccsv7\tools\compiler\ti-cgt-arm_16.9.6.LTS\lib\</path>
         <kind>archive</kind>
         <file>rtsv7M4_T_le_v4SPD16_eabi.lib</file>
         <name>_lock.obj</name>
      </input_file>
      <input_file id="fl-e2">
         <path>C:\ti\ccsv7\tools\compiler\ti-cgt-arm_16.9.6.LTS\lib\</path>
         <kind>archive</kind>
         <file>rtsv7M4_T_le_v4SPD16_eabi.lib</file>
         <name>args_main.obj</name>
      </input_file>
      <input_file id="fl-e3">
         <path>C:\ti\ccsv7\tools\compiler\ti-cgt-arm_16.9.6.LTS\lib\</path>
         <kind>archive</kind>
         <file>rtsv7M4_T_le_v4SPD16_eabi.lib</file>
         <name>autoinit.obj</name>
      </input_file>
      <input_file id="fl-e4">
         <path>C:\ti\ccsv7\tools\compiler\ti-cgt-arm_16.9.6.LTS\lib\</path>
         <kind>archive</kind>
         <file>rtsv7M4_T_le_v4SPD16_eabi.lib</file>
         <name>cpy_tbl.obj</name>
      </input_file>
      <input_file id="fl-e5">
         <path>C:\ti\ccsv7\tools\compiler\ti-cgt-arm_16.9.6.LTS\lib\</path>
         <kind>archive</kind>
         <file>rtsv7M4_T_le_v4SPD16_eabi.lib</file>
         <name>fclose.obj</name>
      </input_file>
      <input_file id="fl-e6">
         <path>C:\ti\ccsv7\tools\compiler\ti-cgt-arm_16.9.6.LTS\lib\</path>
         <kind>archive</kind>
         <file>rtsv7M4_T_le_v4SPD16_eabi.lib</file>
         <name>fflush.obj</name>
      </input_file>
      <input_file id="fl-e7">
         <path>C:\ti\ccsv7\tools\compiler\ti-cgt-arm_16.9.6.LTS\lib\</path>
         <kind>archive</kind>
         <file>rtsv7M4_T_le_v4SPD16_eabi.lib</file>
         <name>hostclose.obj</name>
      </input_file>
      <input_file id="fl-e8">
         <path>C:\ti\ccsv7\tools\compiler\ti-cgt-arm_16.9.6.LTS\lib\</path>
         <kind>archive</kind>
         <file>rtsv7M4_T_le_v4SPD16_eabi.lib</file>
         <name>hostlseek.obj</name>
      </input_file>
      <input_file id="fl-e9">
         <path>C:\ti\ccsv7\tools\compiler\ti-cgt-arm_16.9.6.LTS\lib\</path>
         <kind>archive</kind>
         <file>rtsv7M4_T_le_v4SPD16_eabi.lib</file>
         <name>hostopen.obj</name>
      </input_file>
      <input_file id="fl-ea">
         <path>C:\ti\ccsv7\tools\compiler\ti-cgt-arm_16.9.6.LTS\lib\</path>
         <kind>archive</kind>
         <file>rtsv7M4_T_le_v4SPD16_eabi.lib</file>
         <name>hostread.obj</name>
      </input_file>
      <input_file id="fl-eb">
         <path>C:\ti\ccsv7\tools\compiler\ti-cgt-arm_16.9.6.LTS\lib\</path>
         <kind>archive</kind>
         <file>rtsv7M4_T_le_v4SPD16_eabi.lib</file>
         <name>hostrename.obj</name>
      </input_file>
      <input_file id="fl-ec">
         <path>C:\ti\ccsv7\tools\compiler\ti-cgt-arm_16.9.6.LTS\lib\</path>
         <kind>archive</kind>
         <file>rtsv7M4_T_le_v4SPD16_eabi.lib</file>
         <name>hostunlink.obj</name>
      </input_file>
      <input_file id="fl-ed">
         <path>C:\ti\ccsv7\tools\compiler\ti-cgt-arm_16.9.6.LTS\lib\</path>
         <kind>archive</kind>
         <file>rtsv7M4_T_le_v4SPD16_eabi.lib</file>
         <name>hostwrite.obj</name>
      </input_file>
      <input_file id="fl-ee">
         <path>C:\ti\ccsv7\tools\compiler\ti-cgt-arm_16.9.6.LTS\lib\</path>
         <kind>archive</kind>
         <file>rtsv7M4_T_le_v4SPD16_eabi.lib</file>
         <name>memory.obj</name>
      </input_file>
      <input_file id="fl-ef">
         <path>C:\ti\ccsv7\tools\compiler\ti-cgt-arm_16.9.6.LTS\lib\</path>
         <kind>archive</kind>
         <file>rtsv7M4_T_le_v4SPD16_eabi.lib</file>
         <name>remove.obj</name>
      </input_file>
      <input_file id="fl-f0">
         <path>C:\ti\ccsv7\tools\compiler\ti-cgt-arm_16.9.6.LTS\lib\</path>
         <kind>archive</kind>
         <file>rtsv7M4_T_le_v4SPD16_eabi.lib</file>
         <name>startup.obj</name>
      </input_file>
      <input_file id="fl-f1">
         <path>C:\ti\ccsv7\tools\compiler\ti-cgt-arm_16.9.6.LTS\lib\</path>
         <kind>archive</kind>
         <file>rtsv7M4_T_le_v4SPD16_eabi.lib</file>
         <name>strcpy.obj</name>
      </input_file>
      <input_file id="fl-f2">
         <path>C:\ti\ccsv7\tools\compiler\ti-cgt-arm_16.9.6.LTS\lib\</path>
         <kind>archive</kind>
         <file>rtsv7M4_T_le_v4SPD16_eabi.lib</file>
         <name>strlen.obj</name>
      </input_file>
      <input_file id="fl-f3">
         <path>C:\ti\ccsv7\tools\compiler\ti-cgt-arm_16.9.6.LTS\lib\</path>
         <kind>archive</kind>
         <file>rtsv7M4_T_le_v4SPD16_eabi.lib</file>
         <name>trgmsg.obj</name>
      </input_file>
      <input_file id="fl-f4">
         <path>C:\ti\ccsv7\tools\compiler\ti-cgt-arm_16.9.6.LTS\lib\</path>
         <kind>archive</kind>
         <file>rtsv7M4_T_le_v4SPD16_eabi.lib</file>
         <name>unlink.obj</name>
      </input_file>
      <input_file id="fl-f5">
         <path>C:\ti\ccsv7\tools\compiler\ti-cgt-arm_16.9.6.LTS\lib\</path>
         <kind>archive</kind>
         <file>rtsv7M4_T_le_v4SPD16_eabi.lib</file>
         <name>close.obj</name>
      </input_file>
   </input_file_list>
   <object_component_list>
      <object_component id="oc-2c">
         <name>.intvecs:retain</name>
         <load_address>0x0</load_address>
         <run_address>0x0</run_address>
         <size>0xe4</size>
         <input_file_ref idref="fl-e"/>
      </object_component>
      <object_component id="oc-132">
         <name>.text</name>
         <load_address>0xe4</load_address>
         <run_address>0xe4</run_address>
         <size>0x6bc</size>
         <input_file_ref idref="fl-d"/>
      </object_component>
      <object_component id="oc-84">
         <name>.text</name>
         <load_address>0x7a0</load_address>
         <run_address>0x7a0</run_address>
         <size>0x630</size>
         <input_file_ref idref="fl-b"/>
      </object_component>
      <object_component id="oc-206">
         <name>.text</name>
         <load_address>0xdd0</load_address>
         <run_address>0xdd0</run_address>
         <size>0x3d0</size>
         <input_file_ref idref="fl-ee"/>
      </object_component>
      <object_component id="oc-d0">
         <name>.text</name>
         <load_address>0x11a0</load_address>
         <run_address>0x11a0</run_address>
         <size>0x32c</size>
         <input_file_ref idref="fl-f"/>
      </object_component>
      <object_component id="oc-11a">
         <name>.text</name>
         <load_address>0x14cc</load_address>
         <run_address>0x14cc</run_address>
         <size>0x310</size>
         <input_file_ref idref="fl-7"/>
      </object_component>
      <object_component id="oc-114">
         <name>.text</name>
         <load_address>0x17dc</load_address>
         <run_address>0x17dc</run_address>
         <size>0x1e0</size>
         <input_file_ref idref="fl-3"/>
      </object_component>
      <object_component id="oc-1b4">
         <name>.text</name>
         <load_address>0x19bc</load_address>
         <run_address>0x19bc</run_address>
         <size>0x1c4</size>
         <input_file_ref idref="fl-d3"/>
      </object_component>
      <object_component id="oc-12c">
         <name>.text</name>
         <load_address>0x1b80</load_address>
         <run_address>0x1b80</run_address>
         <size>0x1a0</size>
         <input_file_ref idref="fl-c"/>
      </object_component>
      <object_component id="oc-8a">
         <name>.text</name>
         <load_address>0x1d20</load_address>
         <run_address>0x1d20</run_address>
         <size>0x15c</size>
         <input_file_ref idref="fl-2"/>
      </object_component>
      <object_component id="oc-193">
         <name>.text</name>
         <load_address>0x1e7c</load_address>
         <run_address>0x1e7c</run_address>
         <size>0x136</size>
         <input_file_ref idref="fl-d0"/>
      </object_component>
      <object_component id="oc-56">
         <name>.text</name>
         <load_address>0x1fb2</load_address>
         <run_address>0x1fb2</run_address>
         <size>0x2</size>
         <input_file_ref idref="fl-d8"/>
      </object_component>
      <object_component id="oc-bd">
         <name>.text</name>
         <load_address>0x1fb4</load_address>
         <run_address>0x1fb4</run_address>
         <size>0x110</size>
         <input_file_ref idref="fl-5"/>
      </object_component>
      <object_component id="oc-7e">
         <name>.text</name>
         <load_address>0x20c4</load_address>
         <run_address>0x20c4</run_address>
         <size>0x104</size>
         <input_file_ref idref="fl-a"/>
      </object_component>
      <object_component id="oc-18e">
         <name>.text</name>
         <load_address>0x21c8</load_address>
         <run_address>0x21c8</run_address>
         <size>0xfc</size>
         <input_file_ref idref="fl-d1"/>
      </object_component>
      <object_component id="oc-120">
         <name>.text</name>
         <load_address>0x22c4</load_address>
         <run_address>0x22c4</run_address>
         <size>0xf4</size>
         <input_file_ref idref="fl-6"/>
      </object_component>
      <object_component id="oc-183">
         <name>.text</name>
         <load_address>0x23b8</load_address>
         <run_address>0x23b8</run_address>
         <size>0xec</size>
         <input_file_ref idref="fl-8"/>
      </object_component>
      <object_component id="oc-1ba">
         <name>.text</name>
         <load_address>0x24a4</load_address>
         <run_address>0x24a4</run_address>
         <size>0xdc</size>
         <input_file_ref idref="fl-db"/>
      </object_component>
      <object_component id="oc-266">
         <name>.text</name>
         <load_address>0x2580</load_address>
         <run_address>0x2580</run_address>
         <size>0xc8</size>
         <input_file_ref idref="fl-e6"/>
      </object_component>
      <object_component id="oc-1f4">
         <name>.text</name>
         <load_address>0x2648</load_address>
         <run_address>0x2648</run_address>
         <size>0xbc</size>
         <input_file_ref idref="fl-d9"/>
      </object_component>
      <object_component id="oc-1ae">
         <name>.text</name>
         <load_address>0x2704</load_address>
         <run_address>0x2704</run_address>
         <size>0xb8</size>
         <input_file_ref idref="fl-c9"/>
      </object_component>
      <object_component id="oc-3e">
         <name>.text</name>
         <load_address>0x27bc</load_address>
         <run_address>0x27bc</run_address>
         <size>0x9c</size>
         <input_file_ref idref="fl-d6"/>
      </object_component>
      <object_component id="oc-1fa">
         <name>.text</name>
         <load_address>0x2858</load_address>
         <run_address>0x2858</run_address>
         <size>0x98</size>
         <input_file_ref idref="fl-e5"/>
      </object_component>
      <object_component id="oc-4a">
         <name>.text</name>
         <load_address>0x28f0</load_address>
         <run_address>0x28f0</run_address>
         <size>0x7a</size>
         <input_file_ref idref="fl-d7"/>
      </object_component>
      <object_component id="oc-b5">
         <name>.text</name>
         <load_address>0x296a</load_address>
         <run_address>0x296a</run_address>
         <size>0x2</size>
         <input_file_ref idref="fl-f0"/>
      </object_component>
      <object_component id="oc-62">
         <name>.text</name>
         <load_address>0x296c</load_address>
         <run_address>0x296c</run_address>
         <size>0x70</size>
         <input_file_ref idref="fl-e3"/>
      </object_component>
      <object_component id="oc-1e2">
         <name>.text</name>
         <load_address>0x29dc</load_address>
         <run_address>0x29dc</run_address>
         <size>0x70</size>
         <input_file_ref idref="fl-d4"/>
      </object_component>
      <object_component id="oc-14">
         <name>.text:decompress:lzss</name>
         <load_address>0x2a4c</load_address>
         <run_address>0x2a4c</run_address>
         <size>0x68</size>
         <input_file_ref idref="fl-cb"/>
      </object_component>
      <object_component id="oc-23f">
         <name>.text</name>
         <load_address>0x2ab4</load_address>
         <run_address>0x2ab4</run_address>
         <size>0x68</size>
         <input_file_ref idref="fl-e8"/>
      </object_component>
      <object_component id="oc-24b">
         <name>.text</name>
         <load_address>0x2b1c</load_address>
         <run_address>0x2b1c</run_address>
         <size>0x68</size>
         <input_file_ref idref="fl-eb"/>
      </object_component>
      <object_component id="oc-29a">
         <name>.text</name>
         <load_address>0x2b84</load_address>
         <run_address>0x2b84</run_address>
         <size>0x68</size>
         <input_file_ref idref="fl-f3"/>
      </object_component>
      <object_component id="oc-227">
         <name>.text</name>
         <load_address>0x2bec</load_address>
         <run_address>0x2bec</run_address>
         <size>0x60</size>
         <input_file_ref idref="fl-e9"/>
      </object_component>
      <object_component id="oc-26c">
         <name>.text</name>
         <load_address>0x2c4c</load_address>
         <run_address>0x2c4c</run_address>
         <size>0x5c</size>
         <input_file_ref idref="fl-f5"/>
      </object_component>
      <object_component id="oc-233">
         <name>.text</name>
         <load_address>0x2ca8</load_address>
         <run_address>0x2ca8</run_address>
         <size>0x58</size>
         <input_file_ref idref="fl-ea"/>
      </object_component>
      <object_component id="oc-239">
         <name>.text</name>
         <load_address>0x2d00</load_address>
         <run_address>0x2d00</run_address>
         <size>0x58</size>
         <input_file_ref idref="fl-ed"/>
      </object_component>
      <object_component id="oc-26">
         <name>.text</name>
         <load_address>0x2d58</load_address>
         <run_address>0x2d58</run_address>
         <size>0x54</size>
         <input_file_ref idref="fl-ca"/>
      </object_component>
      <object_component id="oc-6e">
         <name>.text</name>
         <load_address>0x2dac</load_address>
         <run_address>0x2dac</run_address>
         <size>0x54</size>
         <input_file_ref idref="fl-cf"/>
      </object_component>
      <object_component id="oc-af">
         <name>.text</name>
         <load_address>0x2e00</load_address>
         <run_address>0x2e00</run_address>
         <size>0x4c</size>
         <input_file_ref idref="fl-e4"/>
      </object_component>
      <object_component id="oc-198">
         <name>.text</name>
         <load_address>0x2e4c</load_address>
         <run_address>0x2e4c</run_address>
         <size>0x44</size>
         <input_file_ref idref="fl-d2"/>
      </object_component>
      <object_component id="oc-22d">
         <name>.text</name>
         <load_address>0x2e90</load_address>
         <run_address>0x2e90</run_address>
         <size>0x44</size>
         <input_file_ref idref="fl-e7"/>
      </object_component>
      <object_component id="oc-245">
         <name>.text</name>
         <load_address>0x2ed4</load_address>
         <run_address>0x2ed4</run_address>
         <size>0x44</size>
         <input_file_ref idref="fl-ec"/>
      </object_component>
      <object_component id="oc-1e8">
         <name>.text</name>
         <load_address>0x2f18</load_address>
         <run_address>0x2f18</run_address>
         <size>0x36</size>
         <input_file_ref idref="fl-df"/>
      </object_component>
      <object_component id="oc-189">
         <name>.text</name>
         <load_address>0x2f4e</load_address>
         <run_address>0x2f4e</run_address>
         <size>0x2e</size>
         <input_file_ref idref="fl-d5"/>
      </object_component>
      <object_component id="oc-272">
         <name>.text</name>
         <load_address>0x2f7c</load_address>
         <run_address>0x2f7c</run_address>
         <size>0x2c</size>
         <input_file_ref idref="fl-f4"/>
      </object_component>
      <object_component id="oc-2c1">
         <name>.text</name>
         <load_address>0x2fa8</load_address>
         <run_address>0x2fa8</run_address>
         <size>0x28</size>
         <input_file_ref idref="fl-e0"/>
      </object_component>
      <object_component id="oc-126">
         <name>.text</name>
         <load_address>0x2fd0</load_address>
         <run_address>0x2fd0</run_address>
         <size>0x24</size>
         <input_file_ref idref="fl-4"/>
      </object_component>
      <object_component id="oc-68">
         <name>.text</name>
         <load_address>0x2ff4</load_address>
         <run_address>0x2ff4</run_address>
         <size>0x18</size>
         <input_file_ref idref="fl-e2"/>
      </object_component>
      <object_component id="oc-217">
         <name>.text</name>
         <load_address>0x300c</load_address>
         <run_address>0x300c</run_address>
         <size>0x18</size>
         <input_file_ref idref="fl-de"/>
      </object_component>
      <object_component id="oc-21d">
         <name>.text</name>
         <load_address>0x3024</load_address>
         <run_address>0x3024</run_address>
         <size>0x16</size>
         <input_file_ref idref="fl-dd"/>
      </object_component>
      <object_component id="oc-148">
         <name>.text</name>
         <load_address>0x303c</load_address>
         <run_address>0x303c</run_address>
         <size>0x14</size>
         <input_file_ref idref="fl-e1"/>
      </object_component>
      <object_component id="oc-2ae">
         <name>.text</name>
         <load_address>0x3050</load_address>
         <run_address>0x3050</run_address>
         <size>0x14</size>
         <input_file_ref idref="fl-f1"/>
      </object_component>
      <object_component id="oc-294">
         <name>.text</name>
         <load_address>0x3064</load_address>
         <run_address>0x3064</run_address>
         <size>0x14</size>
         <input_file_ref idref="fl-f2"/>
      </object_component>
      <object_component id="oc-1a">
         <name>.text:decompress:none</name>
         <load_address>0x3078</load_address>
         <run_address>0x3078</run_address>
         <size>0xe</size>
         <input_file_ref idref="fl-cc"/>
      </object_component>
      <object_component id="oc-78">
         <name>.text</name>
         <load_address>0x3086</load_address>
         <run_address>0x3086</run_address>
         <size>0xe</size>
         <input_file_ref idref="fl-e"/>
      </object_component>
      <object_component id="oc-20">
         <name>.text:decompress:ZI</name>
         <load_address>0x3094</load_address>
         <run_address>0x3094</run_address>
         <size>0xc</size>
         <input_file_ref idref="fl-cd"/>
      </object_component>
      <object_component id="oc-5c">
         <name>.text</name>
         <load_address>0x30a0</load_address>
         <run_address>0x30a0</run_address>
         <size>0x4</size>
         <input_file_ref idref="fl-da"/>
      </object_component>
      <object_component id="oc-322">
         <name>.cinit..data.load</name>
         <load_address>0x30a8</load_address>
         <run_address>0x30a8</run_address>
         <size>0x88</size>
      </object_component>
      <object_component id="oc-320">
         <name>__TI_handler_table</name>
         <load_address>0x3130</load_address>
         <run_address>0x3130</run_address>
         <size>0xc</size>
      </object_component>
      <object_component id="oc-323">
         <name>.cinit..bss.load</name>
         <load_address>0x3140</load_address>
         <run_address>0x3140</run_address>
         <size>0x8</size>
      </object_component>
      <object_component id="oc-321">
         <name>__TI_cinit_table</name>
         <load_address>0x3148</load_address>
         <run_address>0x3148</run_address>
         <size>0x10</size>
      </object_component>
      <object_component id="oc-2fd">
         <name>.binit</name>
         <load_address>0x0</load_address>
         <run_address>0x0</run_address>
         <size>0x0</size>
      </object_component>
      <object_component id="oc-17f">
         <name>.data</name>
         <load_address>0x200005b8</load_address>
         <run_address>0x200005b8</run_address>
         <size>0x18</size>
         <input_file_ref idref="fl-3"/>
      </object_component>
      <object_component id="oc-139">
         <name>.data</name>
         <load_address>0x200005d0</load_address>
         <run_address>0x200005d0</run_address>
         <size>0x18</size>
         <input_file_ref idref="fl-5"/>
      </object_component>
      <object_component id="oc-d7">
         <name>.data</name>
         <load_address>0x20000630</load_address>
         <run_address>0x20000630</run_address>
         <size>0x8</size>
         <input_file_ref idref="fl-a"/>
      </object_component>
      <object_component id="oc-e4">
         <name>.data</name>
         <load_address>0x20000610</load_address>
         <run_address>0x20000610</run_address>
         <size>0xc</size>
         <input_file_ref idref="fl-b"/>
      </object_component>
      <object_component id="oc-19d">
         <name>.data</name>
         <load_address>0x2000061c</load_address>
         <run_address>0x2000061c</run_address>
         <size>0xa</size>
         <input_file_ref idref="fl-c"/>
      </object_component>
      <object_component id="oc-154">
         <name>.data</name>
         <load_address>0x20000648</load_address>
         <run_address>0x20000648</run_address>
         <size>0x4</size>
         <input_file_ref idref="fl-f"/>
      </object_component>
      <object_component id="oc-1ee">
         <name>.data</name>
         <load_address>0x20000638</load_address>
         <run_address>0x20000638</run_address>
         <size>0x4</size>
         <input_file_ref idref="fl-c9"/>
      </object_component>
      <object_component id="oc-1c0">
         <name>.data:_ftable</name>
         <load_address>0x20000400</load_address>
         <run_address>0x20000400</run_address>
         <size>0xf0</size>
         <input_file_ref idref="fl-ce"/>
      </object_component>
      <object_component id="oc-200">
         <name>.data</name>
         <load_address>0x200005e8</load_address>
         <run_address>0x200005e8</run_address>
         <size>0x10</size>
         <input_file_ref idref="fl-ce"/>
      </object_component>
      <object_component id="oc-c5">
         <name>.data:$O1$$</name>
         <load_address>0x200005f8</load_address>
         <run_address>0x200005f8</run_address>
         <size>0xc</size>
         <input_file_ref idref="fl-cf"/>
      </object_component>
      <object_component id="oc-203">
         <name>.data</name>
         <load_address>0x2000063c</load_address>
         <run_address>0x2000063c</run_address>
         <size>0x4</size>
         <input_file_ref idref="fl-d3"/>
      </object_component>
      <object_component id="oc-260">
         <name>.data</name>
         <load_address>0x20000640</load_address>
         <run_address>0x20000640</run_address>
         <size>0x4</size>
         <input_file_ref idref="fl-d9"/>
      </object_component>
      <object_component id="oc-74">
         <name>.data</name>
         <load_address>0x20000644</load_address>
         <run_address>0x20000644</run_address>
         <size>0x4</size>
         <input_file_ref idref="fl-dc"/>
      </object_component>
      <object_component id="oc-1ef">
         <name>.data:_device</name>
         <load_address>0x200004f0</load_address>
         <run_address>0x200004f0</run_address>
         <size>0x78</size>
         <input_file_ref idref="fl-e0"/>
      </object_component>
      <object_component id="oc-261">
         <name>.data:_stream</name>
         <load_address>0x20000568</load_address>
         <run_address>0x20000568</run_address>
         <size>0x50</size>
         <input_file_ref idref="fl-e0"/>
      </object_component>
      <object_component id="oc-c8">
         <name>.data:$O1$$</name>
         <load_address>0x20000628</load_address>
         <run_address>0x20000628</run_address>
         <size>0x8</size>
         <input_file_ref idref="fl-e1"/>
      </object_component>
      <object_component id="oc-284">
         <name>.data:$O1$$</name>
         <load_address>0x20000604</load_address>
         <run_address>0x20000604</run_address>
         <size>0xc</size>
         <input_file_ref idref="fl-ee"/>
      </object_component>
      <object_component id="oc-2d7">
         <name>.bss:_CIOBUF_</name>
         <uninitialized>true</uninitialized>
         <run_address>0x2000064c</run_address>
         <size>0x120</size>
         <input_file_ref idref="fl-f3"/>
      </object_component>
      <object_component id="oc-ee">
         <name>.common:Port4Task</name>
         <uninitialized>true</uninitialized>
         <run_address>0x20000824</run_address>
         <size>0x4</size>
      </object_component>
      <object_component id="oc-138">
         <name>.common:Period0</name>
         <uninitialized>true</uninitialized>
         <run_address>0x20000828</run_address>
         <size>0x2</size>
      </object_component>
      <object_component id="oc-13c">
         <name>.common:Period2</name>
         <uninitialized>true</uninitialized>
         <run_address>0x2000082a</run_address>
         <size>0x2</size>
      </object_component>
      <object_component id="oc-f1">
         <name>.common:bumpState</name>
         <uninitialized>true</uninitialized>
         <run_address>0x20000835</run_address>
         <size>0x1</size>
      </object_component>
      <object_component id="oc-13d">
         <name>.common:input</name>
         <uninitialized>true</uninitialized>
         <run_address>0x20000836</run_address>
         <size>0x1</size>
      </object_component>
      <object_component id="oc-e1">
         <name>.common:LogicData</name>
         <uninitialized>true</uninitialized>
         <run_address>0x20000834</run_address>
         <size>0x1</size>
      </object_component>
      <object_component id="oc-e7">
         <name>.common:PeriodicTask2</name>
         <uninitialized>true</uninitialized>
         <run_address>0x20000820</run_address>
         <size>0x4</size>
      </object_component>
      <object_component id="oc-1a3">
         <name>.common:Tachometer_FirstRightTime</name>
         <uninitialized>true</uninitialized>
         <run_address>0x2000082e</run_address>
         <size>0x2</size>
      </object_component>
      <object_component id="oc-1a6">
         <name>.common:Tachometer_SecondRightTime</name>
         <uninitialized>true</uninitialized>
         <run_address>0x20000832</run_address>
         <size>0x2</size>
      </object_component>
      <object_component id="oc-1a7">
         <name>.common:Tachometer_FirstLeftTime</name>
         <uninitialized>true</uninitialized>
         <run_address>0x2000082c</run_address>
         <size>0x2</size>
      </object_component>
      <object_component id="oc-1a8">
         <name>.common:Tachometer_SecondLeftTime</name>
         <uninitialized>true</uninitialized>
         <run_address>0x20000830</run_address>
         <size>0x2</size>
      </object_component>
      <object_component id="oc-1ad">
         <name>.common:Messageindexb</name>
         <uninitialized>true</uninitialized>
         <run_address>0x2000081c</run_address>
         <size>0x4</size>
      </object_component>
      <object_component id="oc-1aa">
         <name>.common:Messageb</name>
         <uninitialized>true</uninitialized>
         <run_address>0x2000080c</run_address>
         <size>0x8</size>
      </object_component>
      <object_component id="oc-278">
         <name>.common:__TI_tmpnams</name>
         <uninitialized>true</uninitialized>
         <run_address>0x2000076c</run_address>
         <size>0xa0</size>
      </object_component>
      <object_component id="oc-2a0">
         <name>.common:parmbuf</name>
         <uninitialized>true</uninitialized>
         <run_address>0x20000814</run_address>
         <size>0x8</size>
      </object_component>
      <object_component id="oc-30">
         <name>.sysmem</name>
         <uninitialized>true</uninitialized>
         <run_address>0x20000000</run_address>
         <size>0x8</size>
         <input_file_ref idref="fl-ee"/>
      </object_component>
      <object_component id="oc-325">
         <name>.sysmem</name>
         <uninitialized>true</uninitialized>
         <run_address>0x20000000</run_address>
         <size>0x0</size>
      </object_component>
      <object_component id="oc-2f">
         <name>.stack</name>
         <uninitialized>true</uninitialized>
         <run_address>0x2000fe00</run_address>
         <size>0x0</size>
         <input_file_ref idref="fl-ca"/>
      </object_component>
      <object_component id="oc-324">
         <name>.stack</name>
         <uninitialized>true</uninitialized>
         <run_address>0x2000fe00</run_address>
         <size>0x0</size>
      </object_component>
      <object_component id="oc-ef">
         <name>.debug_info</name>
         <load_address>0x0</load_address>
         <run_address>0x0</run_address>
         <size>0x5ae</size>
         <input_file_ref idref="fl-2"/>
      </object_component>
      <object_component id="oc-8b">
         <name>.debug_info</name>
         <load_address>0x5ae</load_address>
         <run_address>0x5ae</run_address>
         <size>0x3af</size>
         <input_file_ref idref="fl-2"/>
      </object_component>
      <object_component id="oc-15c">
         <name>.debug_info</name>
         <load_address>0x95d</load_address>
         <run_address>0x95d</run_address>
         <size>0x37e2</size>
         <input_file_ref idref="fl-2"/>
      </object_component>
      <object_component id="oc-161">
         <name>.debug_info</name>
         <load_address>0x413f</load_address>
         <run_address>0x413f</run_address>
         <size>0x1055</size>
         <input_file_ref idref="fl-2"/>
      </object_component>
      <object_component id="oc-39">
         <name>.debug_info</name>
         <load_address>0x5194</load_address>
         <run_address>0x5194</run_address>
         <size>0x84</size>
         <input_file_ref idref="fl-2"/>
      </object_component>
      <object_component id="oc-db">
         <name>.debug_info</name>
         <load_address>0x5218</load_address>
         <run_address>0x5218</run_address>
         <size>0x18b</size>
         <input_file_ref idref="fl-2"/>
      </object_component>
      <object_component id="oc-180">
         <name>.debug_info</name>
         <load_address>0x53a3</load_address>
         <run_address>0x53a3</run_address>
         <size>0x1ca</size>
         <input_file_ref idref="fl-3"/>
      </object_component>
      <object_component id="oc-115">
         <name>.debug_info</name>
         <load_address>0x556d</load_address>
         <run_address>0x556d</run_address>
         <size>0x46a</size>
         <input_file_ref idref="fl-3"/>
      </object_component>
      <object_component id="oc-12a">
         <name>.debug_info</name>
         <load_address>0x59d7</load_address>
         <run_address>0x59d7</run_address>
         <size>0x42b</size>
         <input_file_ref idref="fl-4"/>
      </object_component>
      <object_component id="oc-f2">
         <name>.debug_info</name>
         <load_address>0x5e02</load_address>
         <run_address>0x5e02</run_address>
         <size>0x885</size>
         <input_file_ref idref="fl-5"/>
      </object_component>
      <object_component id="oc-13a">
         <name>.debug_info</name>
         <load_address>0x6687</load_address>
         <run_address>0x6687</run_address>
         <size>0x194</size>
         <input_file_ref idref="fl-5"/>
      </object_component>
      <object_component id="oc-bf">
         <name>.debug_info</name>
         <load_address>0x681b</load_address>
         <run_address>0x681b</run_address>
         <size>0x3eb</size>
         <input_file_ref idref="fl-5"/>
      </object_component>
      <object_component id="oc-e9">
         <name>.debug_info</name>
         <load_address>0x6c06</load_address>
         <run_address>0x6c06</run_address>
         <size>0xb4</size>
         <input_file_ref idref="fl-5"/>
      </object_component>
      <object_component id="oc-16e">
         <name>.debug_info</name>
         <load_address>0x6cba</load_address>
         <run_address>0x6cba</run_address>
         <size>0x48</size>
         <input_file_ref idref="fl-5"/>
      </object_component>
      <object_component id="oc-121">
         <name>.debug_info</name>
         <load_address>0x6d02</load_address>
         <run_address>0x6d02</run_address>
         <size>0x3e4</size>
         <input_file_ref idref="fl-6"/>
      </object_component>
      <object_component id="oc-11b">
         <name>.debug_info</name>
         <load_address>0x70e6</load_address>
         <run_address>0x70e6</run_address>
         <size>0xb96</size>
         <input_file_ref idref="fl-7"/>
      </object_component>
      <object_component id="oc-185">
         <name>.debug_info</name>
         <load_address>0x7c7c</load_address>
         <run_address>0x7c7c</run_address>
         <size>0x372</size>
         <input_file_ref idref="fl-8"/>
      </object_component>
      <object_component id="oc-e0">
         <name>.debug_info</name>
         <load_address>0x7fee</load_address>
         <run_address>0x7fee</run_address>
         <size>0x578</size>
         <input_file_ref idref="fl-a"/>
      </object_component>
      <object_component id="oc-d8">
         <name>.debug_info</name>
         <load_address>0x8566</load_address>
         <run_address>0x8566</run_address>
         <size>0x152</size>
         <input_file_ref idref="fl-a"/>
      </object_component>
      <object_component id="oc-82">
         <name>.debug_info</name>
         <load_address>0x86b8</load_address>
         <run_address>0x86b8</run_address>
         <size>0x445</size>
         <input_file_ref idref="fl-a"/>
      </object_component>
      <object_component id="oc-e2">
         <name>.debug_info</name>
         <load_address>0x8afd</load_address>
         <run_address>0x8afd</run_address>
         <size>0x5b7</size>
         <input_file_ref idref="fl-b"/>
      </object_component>
      <object_component id="oc-e5">
         <name>.debug_info</name>
         <load_address>0x90b4</load_address>
         <run_address>0x90b4</run_address>
         <size>0x1ad</size>
         <input_file_ref idref="fl-b"/>
      </object_component>
      <object_component id="oc-85">
         <name>.debug_info</name>
         <load_address>0x9261</load_address>
         <run_address>0x9261</run_address>
         <size>0x1fda</size>
         <input_file_ref idref="fl-b"/>
      </object_component>
      <object_component id="oc-1a4">
         <name>.debug_info</name>
         <load_address>0xb23b</load_address>
         <run_address>0xb23b</run_address>
         <size>0x6ce</size>
         <input_file_ref idref="fl-c"/>
      </object_component>
      <object_component id="oc-19e">
         <name>.debug_info</name>
         <load_address>0xb909</load_address>
         <run_address>0xb909</run_address>
         <size>0x1db</size>
         <input_file_ref idref="fl-c"/>
      </object_component>
      <object_component id="oc-12d">
         <name>.debug_info</name>
         <load_address>0xbae4</load_address>
         <run_address>0xbae4</run_address>
         <size>0x54f</size>
         <input_file_ref idref="fl-c"/>
      </object_component>
      <object_component id="oc-1ab">
         <name>.debug_info</name>
         <load_address>0xc033</load_address>
         <run_address>0xc033</run_address>
         <size>0x7a0</size>
         <input_file_ref idref="fl-d"/>
      </object_component>
      <object_component id="oc-133">
         <name>.debug_info</name>
         <load_address>0xc7d3</load_address>
         <run_address>0xc7d3</run_address>
         <size>0x1b76</size>
         <input_file_ref idref="fl-d"/>
      </object_component>
      <object_component id="oc-1dd">
         <name>.debug_info</name>
         <load_address>0xe349</load_address>
         <run_address>0xe349</run_address>
         <size>0xc8</size>
         <input_file_ref idref="fl-d"/>
      </object_component>
      <object_component id="oc-1c4">
         <name>.debug_info</name>
         <load_address>0xe411</load_address>
         <run_address>0xe411</run_address>
         <size>0x2c</size>
         <input_file_ref idref="fl-d"/>
      </object_component>
      <object_component id="oc-92">
         <name>.debug_info</name>
         <load_address>0xe43d</load_address>
         <run_address>0xe43d</run_address>
         <size>0x2d5</size>
         <input_file_ref idref="fl-e"/>
      </object_component>
      <object_component id="oc-2d">
         <name>.debug_info</name>
         <load_address>0xe712</load_address>
         <run_address>0xe712</run_address>
         <size>0x113</size>
         <input_file_ref idref="fl-e"/>
      </object_component>
      <object_component id="oc-79">
         <name>.debug_info</name>
         <load_address>0xe825</load_address>
         <run_address>0xe825</run_address>
         <size>0x1da</size>
         <input_file_ref idref="fl-e"/>
      </object_component>
      <object_component id="oc-155">
         <name>.debug_info</name>
         <load_address>0xe9ff</load_address>
         <run_address>0xe9ff</run_address>
         <size>0x10c</size>
         <input_file_ref idref="fl-f"/>
      </object_component>
      <object_component id="oc-d4">
         <name>.debug_info</name>
         <load_address>0xeb0b</load_address>
         <run_address>0xeb0b</run_address>
         <size>0x27e</size>
         <input_file_ref idref="fl-f"/>
      </object_component>
      <object_component id="oc-1f3">
         <name>.debug_info</name>
         <load_address>0xed89</load_address>
         <run_address>0xed89</run_address>
         <size>0x430</size>
         <input_file_ref idref="fl-c9"/>
      </object_component>
      <object_component id="oc-1af">
         <name>.debug_info</name>
         <load_address>0xf1b9</load_address>
         <run_address>0xf1b9</run_address>
         <size>0x2d0</size>
         <input_file_ref idref="fl-c9"/>
      </object_component>
      <object_component id="oc-25b">
         <name>.debug_info</name>
         <load_address>0xf489</load_address>
         <run_address>0xf489</run_address>
         <size>0xea</size>
         <input_file_ref idref="fl-c9"/>
      </object_component>
      <object_component id="oc-256">
         <name>.debug_info</name>
         <load_address>0xf573</load_address>
         <run_address>0xf573</run_address>
         <size>0x2c</size>
         <input_file_ref idref="fl-c9"/>
      </object_component>
      <object_component id="oc-28">
         <name>.debug_info</name>
         <load_address>0xf59f</load_address>
         <run_address>0xf59f</run_address>
         <size>0x160</size>
         <input_file_ref idref="fl-ca"/>
      </object_component>
      <object_component id="oc-9c">
         <name>.debug_info</name>
         <load_address>0xf6ff</load_address>
         <run_address>0xf6ff</run_address>
         <size>0x293</size>
         <input_file_ref idref="fl-cb"/>
      </object_component>
      <object_component id="oc-16">
         <name>.debug_info</name>
         <load_address>0xf992</load_address>
         <run_address>0xf992</run_address>
         <size>0x245</size>
         <input_file_ref idref="fl-cb"/>
      </object_component>
      <object_component id="oc-34">
         <name>.debug_info</name>
         <load_address>0xfbd7</load_address>
         <run_address>0xfbd7</run_address>
         <size>0x60</size>
         <input_file_ref idref="fl-cb"/>
      </object_component>
      <object_component id="oc-97">
         <name>.debug_info</name>
         <load_address>0xfc37</load_address>
         <run_address>0xfc37</run_address>
         <size>0x46</size>
         <input_file_ref idref="fl-cb"/>
      </object_component>
      <object_component id="oc-49">
         <name>.debug_info</name>
         <load_address>0xfc7d</load_address>
         <run_address>0xfc7d</run_address>
         <size>0x2da</size>
         <input_file_ref idref="fl-cc"/>
      </object_component>
      <object_component id="oc-1e">
         <name>.debug_info</name>
         <load_address>0xff57</load_address>
         <run_address>0xff57</run_address>
         <size>0x1df</size>
         <input_file_ref idref="fl-cc"/>
      </object_component>
      <object_component id="oc-44">
         <name>.debug_info</name>
         <load_address>0x10136</load_address>
         <run_address>0x10136</run_address>
         <size>0x46</size>
         <input_file_ref idref="fl-cc"/>
      </object_component>
      <object_component id="oc-9e">
         <name>.debug_info</name>
         <load_address>0x1017c</load_address>
         <run_address>0x1017c</run_address>
         <size>0x2c</size>
         <input_file_ref idref="fl-cc"/>
      </object_component>
      <object_component id="oc-55">
         <name>.debug_info</name>
         <load_address>0x101a8</load_address>
         <run_address>0x101a8</run_address>
         <size>0x2c9</size>
         <input_file_ref idref="fl-cd"/>
      </object_component>
      <object_component id="oc-22">
         <name>.debug_info</name>
         <load_address>0x10471</load_address>
         <run_address>0x10471</run_address>
         <size>0x1aa</size>
         <input_file_ref idref="fl-cd"/>
      </object_component>
      <object_component id="oc-50">
         <name>.debug_info</name>
         <load_address>0x1061b</load_address>
         <run_address>0x1061b</run_address>
         <size>0x46</size>
         <input_file_ref idref="fl-cd"/>
      </object_component>
      <object_component id="oc-a6">
         <name>.debug_info</name>
         <load_address>0x10661</load_address>
         <run_address>0x10661</run_address>
         <size>0x2c</size>
         <input_file_ref idref="fl-cd"/>
      </object_component>
      <object_component id="oc-215">
         <name>.debug_info</name>
         <load_address>0x1068d</load_address>
         <run_address>0x1068d</run_address>
         <size>0x139</size>
         <input_file_ref idref="fl-ce"/>
      </object_component>
      <object_component id="oc-1c1">
         <name>.debug_info</name>
         <load_address>0x107c6</load_address>
         <run_address>0x107c6</run_address>
         <size>0xf7</size>
         <input_file_ref idref="fl-ce"/>
      </object_component>
      <object_component id="oc-201">
         <name>.debug_info</name>
         <load_address>0x108bd</load_address>
         <run_address>0x108bd</run_address>
         <size>0x184</size>
         <input_file_ref idref="fl-ce"/>
      </object_component>
      <object_component id="oc-27f">
         <name>.debug_info</name>
         <load_address>0x10a41</load_address>
         <run_address>0x10a41</run_address>
         <size>0xae</size>
         <input_file_ref idref="fl-ce"/>
      </object_component>
      <object_component id="oc-cc">
         <name>.debug_info</name>
         <load_address>0x10aef</load_address>
         <run_address>0x10aef</run_address>
         <size>0x3ce</size>
         <input_file_ref idref="fl-cf"/>
      </object_component>
      <object_component id="oc-c6">
         <name>.debug_info</name>
         <load_address>0x10ebd</load_address>
         <run_address>0x10ebd</run_address>
         <size>0x185</size>
         <input_file_ref idref="fl-cf"/>
      </object_component>
      <object_component id="oc-6f">
         <name>.debug_info</name>
         <load_address>0x11042</load_address>
         <run_address>0x11042</run_address>
         <size>0x214</size>
         <input_file_ref idref="fl-cf"/>
      </object_component>
      <object_component id="oc-195">
         <name>.debug_info</name>
         <load_address>0x11256</load_address>
         <run_address>0x11256</run_address>
         <size>0x132</size>
         <input_file_ref idref="fl-d0"/>
      </object_component>
      <object_component id="oc-190">
         <name>.debug_info</name>
         <load_address>0x11388</load_address>
         <run_address>0x11388</run_address>
         <size>0x132</size>
         <input_file_ref idref="fl-d1"/>
      </object_component>
      <object_component id="oc-19b">
         <name>.debug_info</name>
         <load_address>0x114ba</load_address>
         <run_address>0x114ba</run_address>
         <size>0x131</size>
         <input_file_ref idref="fl-d2"/>
      </object_component>
      <object_component id="oc-205">
         <name>.debug_info</name>
         <load_address>0x115eb</load_address>
         <run_address>0x115eb</run_address>
         <size>0x3d6</size>
         <input_file_ref idref="fl-d3"/>
      </object_component>
      <object_component id="oc-1b5">
         <name>.debug_info</name>
         <load_address>0x119c1</load_address>
         <run_address>0x119c1</run_address>
         <size>0x455</size>
         <input_file_ref idref="fl-d3"/>
      </object_component>
      <object_component id="oc-f9">
         <name>.debug_info</name>
         <load_address>0x11e16</load_address>
         <run_address>0x11e16</run_address>
         <size>0x2c</size>
         <input_file_ref idref="fl-d3"/>
      </object_component>
      <object_component id="oc-224">
         <name>.debug_info</name>
         <load_address>0x11e42</load_address>
         <run_address>0x11e42</run_address>
         <size>0x417</size>
         <input_file_ref idref="fl-d4"/>
      </object_component>
      <object_component id="oc-1e6">
         <name>.debug_info</name>
         <load_address>0x12259</load_address>
         <run_address>0x12259</run_address>
         <size>0x282</size>
         <input_file_ref idref="fl-d4"/>
      </object_component>
      <object_component id="oc-18c">
         <name>.debug_info</name>
         <load_address>0x124db</load_address>
         <run_address>0x124db</run_address>
         <size>0x124</size>
         <input_file_ref idref="fl-d5"/>
      </object_component>
      <object_component id="oc-3f">
         <name>.debug_info</name>
         <load_address>0x125ff</load_address>
         <run_address>0x125ff</run_address>
         <size>0x111</size>
         <input_file_ref idref="fl-d6"/>
      </object_component>
      <object_component id="oc-4b">
         <name>.debug_info</name>
         <load_address>0x12710</load_address>
         <run_address>0x12710</run_address>
         <size>0x13f</size>
         <input_file_ref idref="fl-d7"/>
      </object_component>
      <object_component id="oc-57">
         <name>.debug_info</name>
         <load_address>0x1284f</load_address>
         <run_address>0x1284f</run_address>
         <size>0x138</size>
         <input_file_ref idref="fl-d8"/>
      </object_component>
      <object_component id="oc-265">
         <name>.debug_info</name>
         <load_address>0x12987</load_address>
         <run_address>0x12987</run_address>
         <size>0x3f7</size>
         <input_file_ref idref="fl-d9"/>
      </object_component>
      <object_component id="oc-1f6">
         <name>.debug_info</name>
         <load_address>0x12d7e</load_address>
         <run_address>0x12d7e</run_address>
         <size>0x23a</size>
         <input_file_ref idref="fl-d9"/>
      </object_component>
      <object_component id="oc-2b8">
         <name>.debug_info</name>
         <load_address>0x12fb8</load_address>
         <run_address>0x12fb8</run_address>
         <size>0x120</size>
         <input_file_ref idref="fl-d9"/>
      </object_component>
      <object_component id="oc-5e">
         <name>.debug_info</name>
         <load_address>0x130d8</load_address>
         <run_address>0x130d8</run_address>
         <size>0x148</size>
         <input_file_ref idref="fl-da"/>
      </object_component>
      <object_component id="oc-20d">
         <name>.debug_info</name>
         <load_address>0x13220</load_address>
         <run_address>0x13220</run_address>
         <size>0x35a</size>
         <input_file_ref idref="fl-db"/>
      </object_component>
      <object_component id="oc-1bb">
         <name>.debug_info</name>
         <load_address>0x1357a</load_address>
         <run_address>0x1357a</run_address>
         <size>0x200</size>
         <input_file_ref idref="fl-db"/>
      </object_component>
      <object_component id="oc-20e">
         <name>.debug_info</name>
         <load_address>0x1377a</load_address>
         <run_address>0x1377a</run_address>
         <size>0xbb</size>
         <input_file_ref idref="fl-db"/>
      </object_component>
      <object_component id="oc-75">
         <name>.debug_info</name>
         <load_address>0x13835</load_address>
         <run_address>0x13835</run_address>
         <size>0x109</size>
         <input_file_ref idref="fl-dc"/>
      </object_component>
      <object_component id="oc-28f">
         <name>.debug_info</name>
         <load_address>0x1393e</load_address>
         <run_address>0x1393e</run_address>
         <size>0x28f</size>
         <input_file_ref idref="fl-dd"/>
      </object_component>
      <object_component id="oc-21e">
         <name>.debug_info</name>
         <load_address>0x13bcd</load_address>
         <run_address>0x13bcd</run_address>
         <size>0x244</size>
         <input_file_ref idref="fl-dd"/>
      </object_component>
      <object_component id="oc-28d">
         <name>.debug_info</name>
         <load_address>0x13e11</load_address>
         <run_address>0x13e11</run_address>
         <size>0x27f</size>
         <input_file_ref idref="fl-de"/>
      </object_component>
      <object_component id="oc-219">
         <name>.debug_info</name>
         <load_address>0x14090</load_address>
         <run_address>0x14090</run_address>
         <size>0x258</size>
         <input_file_ref idref="fl-de"/>
      </object_component>
      <object_component id="oc-226">
         <name>.debug_info</name>
         <load_address>0x142e8</load_address>
         <run_address>0x142e8</run_address>
         <size>0x290</size>
         <input_file_ref idref="fl-df"/>
      </object_component>
      <object_component id="oc-1ec">
         <name>.debug_info</name>
         <load_address>0x14578</load_address>
         <run_address>0x14578</run_address>
         <size>0x259</size>
         <input_file_ref idref="fl-df"/>
      </object_component>
      <object_component id="oc-253">
         <name>.debug_info</name>
         <load_address>0x147d1</load_address>
         <run_address>0x147d1</run_address>
         <size>0x4c5</size>
         <input_file_ref idref="fl-e0"/>
      </object_component>
      <object_component id="oc-1f0">
         <name>.debug_info</name>
         <load_address>0x14c96</load_address>
         <run_address>0x14c96</run_address>
         <size>0xf8</size>
         <input_file_ref idref="fl-e0"/>
      </object_component>
      <object_component id="oc-262">
         <name>.debug_info</name>
         <load_address>0x14d8e</load_address>
         <run_address>0x14d8e</run_address>
         <size>0xf8</size>
         <input_file_ref idref="fl-e0"/>
      </object_component>
      <object_component id="oc-2c2">
         <name>.debug_info</name>
         <load_address>0x14e86</load_address>
         <run_address>0x14e86</run_address>
         <size>0x184</size>
         <input_file_ref idref="fl-e0"/>
      </object_component>
      <object_component id="oc-150">
         <name>.debug_info</name>
         <load_address>0x1500a</load_address>
         <run_address>0x1500a</run_address>
         <size>0x2be</size>
         <input_file_ref idref="fl-e1"/>
      </object_component>
      <object_component id="oc-c9">
         <name>.debug_info</name>
         <load_address>0x152c8</load_address>
         <run_address>0x152c8</run_address>
         <size>0x113</size>
         <input_file_ref idref="fl-e1"/>
      </object_component>
      <object_component id="oc-149">
         <name>.debug_info</name>
         <load_address>0x153db</load_address>
         <run_address>0x153db</run_address>
         <size>0x21f</size>
         <input_file_ref idref="fl-e1"/>
      </object_component>
      <object_component id="oc-c4">
         <name>.debug_info</name>
         <load_address>0x155fa</load_address>
         <run_address>0x155fa</run_address>
         <size>0x300</size>
         <input_file_ref idref="fl-e2"/>
      </object_component>
      <object_component id="oc-69">
         <name>.debug_info</name>
         <load_address>0x158fa</load_address>
         <run_address>0x158fa</run_address>
         <size>0x167</size>
         <input_file_ref idref="fl-e2"/>
      </object_component>
      <object_component id="oc-141">
         <name>.debug_info</name>
         <load_address>0x15a61</load_address>
         <run_address>0x15a61</run_address>
         <size>0x5e</size>
         <input_file_ref idref="fl-e2"/>
      </object_component>
      <object_component id="oc-bc">
         <name>.debug_info</name>
         <load_address>0x15abf</load_address>
         <run_address>0x15abf</run_address>
         <size>0x483</size>
         <input_file_ref idref="fl-e3"/>
      </object_component>
      <object_component id="oc-63">
         <name>.debug_info</name>
         <load_address>0x15f42</load_address>
         <run_address>0x15f42</run_address>
         <size>0x190</size>
         <input_file_ref idref="fl-e3"/>
      </object_component>
      <object_component id="oc-10a">
         <name>.debug_info</name>
         <load_address>0x160d2</load_address>
         <run_address>0x160d2</run_address>
         <size>0x39</size>
         <input_file_ref idref="fl-e3"/>
      </object_component>
      <object_component id="oc-17a">
         <name>.debug_info</name>
         <load_address>0x1610b</load_address>
         <run_address>0x1610b</run_address>
         <size>0x39</size>
         <input_file_ref idref="fl-e3"/>
      </object_component>
      <object_component id="oc-10f">
         <name>.debug_info</name>
         <load_address>0x16144</load_address>
         <run_address>0x16144</run_address>
         <size>0xcd</size>
         <input_file_ref idref="fl-e3"/>
      </object_component>
      <object_component id="oc-106">
         <name>.debug_info</name>
         <load_address>0x16211</load_address>
         <run_address>0x16211</run_address>
         <size>0x37a</size>
         <input_file_ref idref="fl-e4"/>
      </object_component>
      <object_component id="oc-b1">
         <name>.debug_info</name>
         <load_address>0x1658b</load_address>
         <run_address>0x1658b</run_address>
         <size>0x183</size>
         <input_file_ref idref="fl-e4"/>
      </object_component>
      <object_component id="oc-175">
         <name>.debug_info</name>
         <load_address>0x1670e</load_address>
         <run_address>0x1670e</run_address>
         <size>0x2c</size>
         <input_file_ref idref="fl-e4"/>
      </object_component>
      <object_component id="oc-27a">
         <name>.debug_info</name>
         <load_address>0x1673a</load_address>
         <run_address>0x1673a</run_address>
         <size>0x39a</size>
         <input_file_ref idref="fl-e5"/>
      </object_component>
      <object_component id="oc-1fe">
         <name>.debug_info</name>
         <load_address>0x16ad4</load_address>
         <run_address>0x16ad4</run_address>
         <size>0x298</size>
         <input_file_ref idref="fl-e5"/>
      </object_component>
      <object_component id="oc-2c8">
         <name>.debug_info</name>
         <load_address>0x16d6c</load_address>
         <run_address>0x16d6c</run_address>
         <size>0x33c</size>
         <input_file_ref idref="fl-e6"/>
      </object_component>
      <object_component id="oc-268">
         <name>.debug_info</name>
         <load_address>0x170a8</load_address>
         <run_address>0x170a8</run_address>
         <size>0x25a</size>
         <input_file_ref idref="fl-e6"/>
      </object_component>
      <object_component id="oc-2a5">
         <name>.debug_info</name>
         <load_address>0x17302</load_address>
         <run_address>0x17302</run_address>
         <size>0x368</size>
         <input_file_ref idref="fl-e7"/>
      </object_component>
      <object_component id="oc-22e">
         <name>.debug_info</name>
         <load_address>0x1766a</load_address>
         <run_address>0x1766a</run_address>
         <size>0x1b1</size>
         <input_file_ref idref="fl-e7"/>
      </object_component>
      <object_component id="oc-2ab">
         <name>.debug_info</name>
         <load_address>0x1781b</load_address>
         <run_address>0x1781b</run_address>
         <size>0x36d</size>
         <input_file_ref idref="fl-e8"/>
      </object_component>
      <object_component id="oc-240">
         <name>.debug_info</name>
         <load_address>0x17b88</load_address>
         <run_address>0x17b88</run_address>
         <size>0x205</size>
         <input_file_ref idref="fl-e8"/>
      </object_component>
      <object_component id="oc-2a1">
         <name>.debug_info</name>
         <load_address>0x17d8d</load_address>
         <run_address>0x17d8d</run_address>
         <size>0x3cb</size>
         <input_file_ref idref="fl-e9"/>
      </object_component>
      <object_component id="oc-228">
         <name>.debug_info</name>
         <load_address>0x18158</load_address>
         <run_address>0x18158</run_address>
         <size>0x201</size>
         <input_file_ref idref="fl-e9"/>
      </object_component>
      <object_component id="oc-2a7">
         <name>.debug_info</name>
         <load_address>0x18359</load_address>
         <run_address>0x18359</run_address>
         <size>0x36c</size>
         <input_file_ref idref="fl-ea"/>
      </object_component>
      <object_component id="oc-236">
         <name>.debug_info</name>
         <load_address>0x186c5</load_address>
         <run_address>0x186c5</run_address>
         <size>0x1f0</size>
         <input_file_ref idref="fl-ea"/>
      </object_component>
      <object_component id="oc-2b5">
         <name>.debug_info</name>
         <load_address>0x188b5</load_address>
         <run_address>0x188b5</run_address>
         <size>0x3f3</size>
         <input_file_ref idref="fl-eb"/>
      </object_component>
      <object_component id="oc-24c">
         <name>.debug_info</name>
         <load_address>0x18ca8</load_address>
         <run_address>0x18ca8</run_address>
         <size>0x22b</size>
         <input_file_ref idref="fl-eb"/>
      </object_component>
      <object_component id="oc-2ad">
         <name>.debug_info</name>
         <load_address>0x18ed3</load_address>
         <run_address>0x18ed3</run_address>
         <size>0x3be</size>
         <input_file_ref idref="fl-ec"/>
      </object_component>
      <object_component id="oc-246">
         <name>.debug_info</name>
         <load_address>0x19291</load_address>
         <run_address>0x19291</run_address>
         <size>0x1bb</size>
         <input_file_ref idref="fl-ec"/>
      </object_component>
      <object_component id="oc-2a9">
         <name>.debug_info</name>
         <load_address>0x1944c</load_address>
         <run_address>0x1944c</run_address>
         <size>0x36d</size>
         <input_file_ref idref="fl-ed"/>
      </object_component>
      <object_component id="oc-23a">
         <name>.debug_info</name>
         <load_address>0x197b9</load_address>
         <run_address>0x197b9</run_address>
         <size>0x1f5</size>
         <input_file_ref idref="fl-ed"/>
      </object_component>
      <object_component id="oc-95">
         <name>.debug_info</name>
         <load_address>0x199ae</load_address>
         <run_address>0x199ae</run_address>
         <size>0x3bc</size>
         <input_file_ref idref="fl-ee"/>
      </object_component>
      <object_component id="oc-31">
         <name>.debug_info</name>
         <load_address>0x19d6a</load_address>
         <run_address>0x19d6a</run_address>
         <size>0x101</size>
         <input_file_ref idref="fl-ee"/>
      </object_component>
      <object_component id="oc-285">
         <name>.debug_info</name>
         <load_address>0x19e6b</load_address>
         <run_address>0x19e6b</run_address>
         <size>0x14c</size>
         <input_file_ref idref="fl-ee"/>
      </object_component>
      <object_component id="oc-20a">
         <name>.debug_info</name>
         <load_address>0x19fb7</load_address>
         <run_address>0x19fb7</run_address>
         <size>0x885</size>
         <input_file_ref idref="fl-ee"/>
      </object_component>
      <object_component id="oc-fe">
         <name>.debug_info</name>
         <load_address>0x1a83c</load_address>
         <run_address>0x1a83c</run_address>
         <size>0x62</size>
         <input_file_ref idref="fl-ee"/>
      </object_component>
      <object_component id="oc-b7">
         <name>.debug_info</name>
         <load_address>0x1a89e</load_address>
         <run_address>0x1a89e</run_address>
         <size>0x145</size>
         <input_file_ref idref="fl-f0"/>
      </object_component>
      <object_component id="oc-2e9">
         <name>.debug_info</name>
         <load_address>0x1a9e3</load_address>
         <run_address>0x1a9e3</run_address>
         <size>0x28a</size>
         <input_file_ref idref="fl-f1"/>
      </object_component>
      <object_component id="oc-2b0">
         <name>.debug_info</name>
         <load_address>0x1ac6d</load_address>
         <run_address>0x1ac6d</run_address>
         <size>0x231</size>
         <input_file_ref idref="fl-f1"/>
      </object_component>
      <object_component id="oc-2d6">
         <name>.debug_info</name>
         <load_address>0x1ae9e</load_address>
         <run_address>0x1ae9e</run_address>
         <size>0x284</size>
         <input_file_ref idref="fl-f2"/>
      </object_component>
      <object_component id="oc-298">
         <name>.debug_info</name>
         <load_address>0x1b122</load_address>
         <run_address>0x1b122</run_address>
         <size>0x22a</size>
         <input_file_ref idref="fl-f2"/>
      </object_component>
      <object_component id="oc-2db">
         <name>.debug_info</name>
         <load_address>0x1b34c</load_address>
         <run_address>0x1b34c</run_address>
         <size>0x2b0</size>
         <input_file_ref idref="fl-f3"/>
      </object_component>
      <object_component id="oc-2d8">
         <name>.debug_info</name>
         <load_address>0x1b5fc</load_address>
         <run_address>0x1b5fc</run_address>
         <size>0xfd</size>
         <input_file_ref idref="fl-f3"/>
      </object_component>
      <object_component id="oc-29b">
         <name>.debug_info</name>
         <load_address>0x1b6f9</load_address>
         <run_address>0x1b6f9</run_address>
         <size>0x281</size>
         <input_file_ref idref="fl-f3"/>
      </object_component>
      <object_component id="oc-2cc">
         <name>.debug_info</name>
         <load_address>0x1b97a</load_address>
         <run_address>0x1b97a</run_address>
         <size>0x3c6</size>
         <input_file_ref idref="fl-f4"/>
      </object_component>
      <object_component id="oc-275">
         <name>.debug_info</name>
         <load_address>0x1bd40</load_address>
         <run_address>0x1bd40</run_address>
         <size>0x19a</size>
         <input_file_ref idref="fl-f4"/>
      </object_component>
      <object_component id="oc-2ca">
         <name>.debug_info</name>
         <load_address>0x1beda</load_address>
         <run_address>0x1beda</run_address>
         <size>0x3c4</size>
         <input_file_ref idref="fl-f5"/>
      </object_component>
      <object_component id="oc-26d">
         <name>.debug_info</name>
         <load_address>0x1c29e</load_address>
         <run_address>0x1c29e</run_address>
         <size>0x18a</size>
         <input_file_ref idref="fl-f5"/>
      </object_component>
      <object_component id="oc-326">
         <name>.debug_info</name>
         <load_address>0x1c428</load_address>
         <run_address>0x1c428</run_address>
         <size>0xc2</size>
      </object_component>
      <object_component id="oc-16b">
         <name>.debug_line</name>
         <load_address>0x0</load_address>
         <run_address>0x0</run_address>
         <size>0x53</size>
         <input_file_ref idref="fl-2"/>
      </object_component>
      <object_component id="oc-8e">
         <name>.debug_line</name>
         <load_address>0x53</load_address>
         <run_address>0x53</run_address>
         <size>0xb9</size>
         <input_file_ref idref="fl-2"/>
      </object_component>
      <object_component id="oc-15f">
         <name>.debug_line</name>
         <load_address>0x10c</load_address>
         <run_address>0x10c</run_address>
         <size>0x52</size>
         <input_file_ref idref="fl-2"/>
      </object_component>
      <object_component id="oc-164">
         <name>.debug_line</name>
         <load_address>0x15e</load_address>
         <run_address>0x15e</run_address>
         <size>0x55</size>
         <input_file_ref idref="fl-2"/>
      </object_component>
      <object_component id="oc-3c">
         <name>.debug_line</name>
         <load_address>0x1b3</load_address>
         <run_address>0x1b3</run_address>
         <size>0x20</size>
         <input_file_ref idref="fl-2"/>
      </object_component>
      <object_component id="oc-de">
         <name>.debug_line</name>
         <load_address>0x1d3</load_address>
         <run_address>0x1d3</run_address>
         <size>0x65</size>
         <input_file_ref idref="fl-2"/>
      </object_component>
      <object_component id="oc-1d1">
         <name>.debug_line</name>
         <load_address>0x238</load_address>
         <run_address>0x238</run_address>
         <size>0x54</size>
         <input_file_ref idref="fl-3"/>
      </object_component>
      <object_component id="oc-118">
         <name>.debug_line</name>
         <load_address>0x28c</load_address>
         <run_address>0x28c</run_address>
         <size>0x121</size>
         <input_file_ref idref="fl-3"/>
      </object_component>
      <object_component id="oc-128">
         <name>.debug_line</name>
         <load_address>0x3ad</load_address>
         <run_address>0x3ad</run_address>
         <size>0xd8</size>
         <input_file_ref idref="fl-4"/>
      </object_component>
      <object_component id="oc-16d">
         <name>.debug_line</name>
         <load_address>0x485</load_address>
         <run_address>0x485</run_address>
         <size>0xbf</size>
         <input_file_ref idref="fl-5"/>
      </object_component>
      <object_component id="oc-1ca">
         <name>.debug_line</name>
         <load_address>0x544</load_address>
         <run_address>0x544</run_address>
         <size>0x36</size>
         <input_file_ref idref="fl-5"/>
      </object_component>
      <object_component id="oc-be">
         <name>.debug_line</name>
         <load_address>0x57a</load_address>
         <run_address>0x57a</run_address>
         <size>0xbc</size>
         <input_file_ref idref="fl-5"/>
      </object_component>
      <object_component id="oc-ec">
         <name>.debug_line</name>
         <load_address>0x636</load_address>
         <run_address>0x636</run_address>
         <size>0x35</size>
         <input_file_ref idref="fl-5"/>
      </object_component>
      <object_component id="oc-171">
         <name>.debug_line</name>
         <load_address>0x66b</load_address>
         <run_address>0x66b</run_address>
         <size>0x3a</size>
         <input_file_ref idref="fl-5"/>
      </object_component>
      <object_component id="oc-124">
         <name>.debug_line</name>
         <load_address>0x6a5</load_address>
         <run_address>0x6a5</run_address>
         <size>0xca</size>
         <input_file_ref idref="fl-6"/>
      </object_component>
      <object_component id="oc-11e">
         <name>.debug_line</name>
         <load_address>0x76f</load_address>
         <run_address>0x76f</run_address>
         <size>0x17b</size>
         <input_file_ref idref="fl-7"/>
      </object_component>
      <object_component id="oc-184">
         <name>.debug_line</name>
         <load_address>0x8ea</load_address>
         <run_address>0x8ea</run_address>
         <size>0xc1</size>
         <input_file_ref idref="fl-8"/>
      </object_component>
      <object_component id="oc-15b">
         <name>.debug_line</name>
         <load_address>0x9ab</load_address>
         <run_address>0x9ab</run_address>
         <size>0x20</size>
         <input_file_ref idref="fl-a"/>
      </object_component>
      <object_component id="oc-159">
         <name>.debug_line</name>
         <load_address>0x9cb</load_address>
         <run_address>0x9cb</run_address>
[...]
      </symbol>
      <symbol id="sm-3d2">
         <name>add_device</name>
         <value>0x2705</value>
         <object_component_ref idref="oc-1ae"/>
      </symbol>
      <symbol id="sm-3e3">
         <name>_c_int00</name>
         <value>0x2d59</value>
         <object_component_ref idref="oc-26"/>
      </symbol>
      <symbol id="sm-3e4">
         <name>__stack</name>
         <value>0x2000fe00</value>
         <object_component_ref idref="oc-2f"/>
      </symbol>
      <symbol id="sm-402">
         <name>__TI_decompress_lzss</name>
         <value>0x2a4d</value>
         <object_component_ref idref="oc-14"/>
      </symbol>
      <symbol id="sm-419">
         <name>__TI_decompress_none</name>
         <value>0x3079</value>
         <object_component_ref idref="oc-1a"/>
      </symbol>
      <symbol id="sm-430">
         <name>__TI_zero_init</name>
         <value>0x3095</value>
         <object_component_ref idref="oc-20"/>
      </symbol>
      <symbol id="sm-44a">
         <name>__TI_tmpnams</name>
         <value>0x2000076c</value>
      </symbol>
      <symbol id="sm-44b">
         <name>__aeabi_stdout</name>
         <value>0x200005f0</value>
         <object_component_ref idref="oc-200"/>
      </symbol>
      <symbol id="sm-44c">
         <name>__aeabi_stderr</name>
         <value>0x200005f4</value>
         <object_component_ref idref="oc-200"/>
      </symbol>
      <symbol id="sm-44d">
         <name>__aeabi_stdin</name>
         <value>0x200005ec</value>
         <object_component_ref idref="oc-200"/>
      </symbol>
      <symbol id="sm-44e">
         <name>_ftable</name>
         <value>0x20000400</value>
         <object_component_ref idref="oc-1c0"/>
      </symbol>
      <symbol id="sm-44f">
         <name>__TI_ft_end</name>
         <value>0x200005e8</value>
         <object_component_ref idref="oc-200"/>
      </symbol>
      <symbol id="sm-470">
         <name>C$$EXIT</name>
         <value>0x2dad</value>
         <object_component_ref idref="oc-6e"/>
      </symbol>
      <symbol id="sm-471">
         <name>abort</name>
         <value>0x2db1</value>
         <object_component_ref idref="oc-6e"/>
      </symbol>
      <symbol id="sm-472">
         <name>exit</name>
         <value>0x2db9</value>
         <object_component_ref idref="oc-6e"/>
      </symbol>
      <symbol id="sm-473">
         <name>__TI_dtors_ptr</name>
         <value>0x200005fc</value>
         <object_component_ref idref="oc-c5"/>
      </symbol>
      <symbol id="sm-474">
         <name>__TI_cleanup_ptr</name>
         <value>0x200005f8</value>
         <object_component_ref idref="oc-c5"/>
      </symbol>
      <symbol id="sm-475">
         <name>__TI_enable_exit_profile_output</name>
         <value>0x20000600</value>
         <object_component_ref idref="oc-c5"/>
      </symbol>
      <symbol id="sm-489">
         <name>__aeabi_ddiv</name>
         <value>0x1e7d</value>
         <object_component_ref idref="oc-193"/>
      </symbol>
      <symbol id="sm-494">
         <name>__aeabi_dmul</name>
         <value>0x21c9</value>
         <object_component_ref idref="oc-18e"/>
      </symbol>
      <symbol id="sm-49e">
         <name>__aeabi_d2uiz</name>
         <value>0x2e4d</value>
         <object_component_ref idref="oc-198"/>
      </symbol>
      <symbol id="sm-4d5">
         <name>__TI_cleanup</name>
         <value>0x1a85</value>
         <object_component_ref idref="oc-1b4"/>
      </symbol>
      <symbol id="sm-4d6">
         <name>freopen</name>
         <value>0x1ab1</value>
         <object_component_ref idref="oc-1b4"/>
      </symbol>
      <symbol id="sm-4d7">
         <name>fopen</name>
         <value>0x1adb</value>
         <object_component_ref idref="oc-1b4"/>
      </symbol>
      <symbol id="sm-4ec">
         <name>finddevice</name>
         <value>0x29dd</value>
         <object_component_ref idref="oc-1e2"/>
      </symbol>
      <symbol id="sm-4ed">
         <name>getdevice</name>
         <value>0x2a07</value>
         <object_component_ref idref="oc-1e2"/>
      </symbol>
      <symbol id="sm-4f7">
         <name>__aeabi_i2d</name>
         <value>0x2f4f</value>
         <object_component_ref idref="oc-189"/>
      </symbol>
      <symbol id="sm-512">
         <name>memcpy</name>
         <value>0x27bd</value>
         <object_component_ref idref="oc-3e"/>
      </symbol>
      <symbol id="sm-513">
         <name>__aeabi_memcpy</name>
         <value>0x27bd</value>
         <object_component_ref idref="oc-3e"/>
      </symbol>
      <symbol id="sm-514">
         <name>__aeabi_memcpy8</name>
         <value>0x27bd</value>
         <object_component_ref idref="oc-3e"/>
      </symbol>
      <symbol id="sm-515">
         <name>__aeabi_memcpy4</name>
         <value>0x27bd</value>
         <object_component_ref idref="oc-3e"/>
      </symbol>
      <symbol id="sm-524">
         <name>__aeabi_memset</name>
         <value>0x28f3</value>
         <object_component_ref idref="oc-4a"/>
      </symbol>
      <symbol id="sm-525">
         <name>memset</name>
         <value>0x28f9</value>
         <object_component_ref idref="oc-4a"/>
      </symbol>
      <symbol id="sm-526">
         <name>__aeabi_memset8</name>
         <value>0x28f3</value>
         <object_component_ref idref="oc-4a"/>
      </symbol>
      <symbol id="sm-527">
         <name>__aeabi_memset4</name>
         <value>0x28f3</value>
         <object_component_ref idref="oc-4a"/>
      </symbol>
      <symbol id="sm-528">
         <name>__aeabi_memclr8</name>
         <value>0x28f1</value>
         <object_component_ref idref="oc-4a"/>
      </symbol>
      <symbol id="sm-529">
         <name>__aeabi_memclr4</name>
         <value>0x28f1</value>
         <object_component_ref idref="oc-4a"/>
      </symbol>
      <symbol id="sm-52a">
         <name>__aeabi_memclr</name>
         <value>0x28f1</value>
         <object_component_ref idref="oc-4a"/>
      </symbol>
      <symbol id="sm-534">
         <name>__mpu_init</name>
         <value>0x1fb3</value>
         <object_component_ref idref="oc-56"/>
      </symbol>
      <symbol id="sm-556">
         <name>open</name>
         <value>0x2649</value>
         <object_component_ref idref="oc-1f4"/>
      </symbol>
      <symbol id="sm-560">
         <name>_system_pre_init</name>
         <value>0x30a1</value>
         <object_component_ref idref="oc-5c"/>
      </symbol>
      <symbol id="sm-581">
         <name>setvbuf</name>
         <value>0x24a5</value>
         <object_component_ref idref="oc-1ba"/>
      </symbol>
      <symbol id="sm-589">
         <name>main_func_sp</name>
         <value>0x20000644</value>
         <object_component_ref idref="oc-74"/>
      </symbol>
      <symbol id="sm-599">
         <name>strchr</name>
         <value>0x3025</value>
         <object_component_ref idref="oc-21d"/>
      </symbol>
      <symbol id="sm-5a8">
         <name>strcmp</name>
         <value>0x300d</value>
         <object_component_ref idref="oc-217"/>
      </symbol>
      <symbol id="sm-5b8">
         <name>strncpy</name>
         <value>0x2f19</value>
         <object_component_ref idref="oc-1e8"/>
      </symbol>
      <symbol id="sm-5d4">
         <name>_stream</name>
         <value>0x20000568</value>
         <object_component_ref idref="oc-261"/>
      </symbol>
      <symbol id="sm-5d5">
         <name>_device</name>
         <value>0x200004f0</value>
         <object_component_ref idref="oc-1ef"/>
      </symbol>
      <symbol id="sm-5d6">
         <name>write</name>
         <value>0x2fa9</value>
         <object_component_ref idref="oc-2c1"/>
      </symbol>
      <symbol id="sm-5ef">
         <name>_nop</name>
         <value>0x304b</value>
         <object_component_ref idref="oc-148"/>
      </symbol>
      <symbol id="sm-5f0">
         <name>_lock</name>
         <value>0x20000628</value>
         <object_component_ref idref="oc-c8"/>
      </symbol>
      <symbol id="sm-5f1">
         <name>_unlock</name>
         <value>0x2000062c</value>
         <object_component_ref idref="oc-c8"/>
      </symbol>
      <symbol id="sm-5f2">
         <name>_register_lock</name>
         <value>0x3043</value>
         <object_component_ref idref="oc-148"/>
      </symbol>
      <symbol id="sm-5f3">
         <name>_register_unlock</name>
         <value>0x303d</value>
         <object_component_ref idref="oc-148"/>
      </symbol>
      <symbol id="sm-607">
         <name>_args_main</name>
         <value>0x2ff5</value>
         <object_component_ref idref="oc-68"/>
      </symbol>
      <symbol id="sm-631">
         <name>__TI_auto_init</name>
         <value>0x296d</value>
         <object_component_ref idref="oc-62"/>
      </symbol>
      <symbol id="sm-64b">
         <name>copy_in</name>
         <value>0x2e01</value>
         <object_component_ref idref="oc-af"/>
      </symbol>
      <symbol id="sm-661">
         <name>__TI_closefile</name>
         <value>0x2859</value>
         <object_component_ref idref="oc-1fa"/>
      </symbol>
      <symbol id="sm-662">
         <name>fclose</name>
         <value>0x28bf</value>
         <object_component_ref idref="oc-1fa"/>
      </symbol>
      <symbol id="sm-67c">
         <name>__TI_doflush</name>
         <value>0x2581</value>
         <object_component_ref idref="oc-266"/>
      </symbol>
      <symbol id="sm-67d">
         <name>fflush</name>
         <value>0x25cd</value>
         <object_component_ref idref="oc-266"/>
      </symbol>
      <symbol id="sm-68e">
         <name>HOSTclose</name>
         <value>0x2e91</value>
         <object_component_ref idref="oc-22d"/>
      </symbol>
      <symbol id="sm-69f">
         <name>HOSTlseek</name>
         <value>0x2ab5</value>
         <object_component_ref idref="oc-23f"/>
      </symbol>
      <symbol id="sm-6b1">
         <name>parmbuf</name>
         <value>0x20000814</value>
      </symbol>
      <symbol id="sm-6b2">
         <name>HOSTopen</name>
         <value>0x2bed</value>
         <object_component_ref idref="oc-227"/>
      </symbol>
      <symbol id="sm-6c3">
         <name>HOSTread</name>
         <value>0x2ca9</value>
         <object_component_ref idref="oc-233"/>
      </symbol>
      <symbol id="sm-6d4">
         <name>HOSTrename</name>
         <value>0x2b1d</value>
         <object_component_ref idref="oc-24b"/>
      </symbol>
      <symbol id="sm-6e5">
         <name>HOSTunlink</name>
         <value>0x2ed5</value>
         <object_component_ref idref="oc-245"/>
      </symbol>
      <symbol id="sm-6f6">
         <name>HOSTwrite</name>
         <value>0x2d01</value>
         <object_component_ref idref="oc-239"/>
      </symbol>
      <symbol id="sm-768">
         <name>_sys_memory</name>
         <value>0x20000000</value>
         <object_component_ref idref="oc-30"/>
      </symbol>
      <symbol id="sm-769">
         <name>free</name>
         <value>0xebb</value>
         <object_component_ref idref="oc-206"/>
      </symbol>
      <symbol id="sm-76a">
         <name>realloc</name>
         <value>0xf7b</value>
         <object_component_ref idref="oc-206"/>
      </symbol>
      <symbol id="sm-76b">
         <name>memalign</name>
         <value>0x1085</value>
         <object_component_ref idref="oc-206"/>
      </symbol>
      <symbol id="sm-76c">
         <name>calloc</name>
         <value>0x1171</value>
         <object_component_ref idref="oc-206"/>
      </symbol>
      <symbol id="sm-76d">
         <name>malloc</name>
         <value>0xe51</value>
         <object_component_ref idref="oc-206"/>
      </symbol>
      <symbol id="sm-76e">
         <name>minit</name>
         <value>0xdd1</value>
         <object_component_ref idref="oc-206"/>
      </symbol>
      <symbol id="sm-779">
         <name>_system_post_cinit</name>
         <value>0x296b</value>
         <object_component_ref idref="oc-b5"/>
      </symbol>
      <symbol id="sm-787">
         <name>strcpy</name>
         <value>0x3051</value>
         <object_component_ref idref="oc-2ae"/>
      </symbol>
      <symbol id="sm-795">
         <name>strlen</name>
         <value>0x3065</value>
         <object_component_ref idref="oc-294"/>
      </symbol>
      <symbol id="sm-7b0">
         <name>__TI_readmsg</name>
         <value>0x2bb7</value>
         <object_component_ref idref="oc-29a"/>
      </symbol>
      <symbol id="sm-7b1">
         <name>C$$IO$$</name>
         <value>0x2bb3</value>
         <object_component_ref idref="oc-29a"/>
      </symbol>
      <symbol id="sm-7b2">
         <name>__CIOBUF_</name>
         <value>0x2000064c</value>
         <object_component_ref idref="oc-2d7"/>
      </symbol>
      <symbol id="sm-7b3">
         <name>__TI_writemsg</name>
         <value>0x2b85</value>
         <object_component_ref idref="oc-29a"/>
      </symbol>
      <symbol id="sm-7c3">
         <name>unlink</name>
         <value>0x2f7d</value>
         <object_component_ref idref="oc-272"/>
      </symbol>
      <symbol id="sm-7d7">
         <name>close</name>
         <value>0x2c4d</value>
         <object_component_ref idref="oc-26c"/>
      </symbol>
      <symbol id="sm-7d8">
         <name>__TI_static_base__</name>
         <value>0x0</value>
      </symbol>
      <symbol id="sm-7db">
         <name>SHT$$INIT_ARRAY$$Limit</name>
         <value>0x0</value>
      </symbol>
      <symbol id="sm-7dc">
         <name>SHT$$INIT_ARRAY$$Base</name>
         <value>0x0</value>
      </symbol>
      <symbol id="sm-7dd">
         <name>NMI_Handler</name>
         <value>0x3093</value>
      </symbol>
      <symbol id="sm-7de">
         <name>HardFault_Handler</name>
         <value>0x3093</value>
      </symbol>
      <symbol id="sm-7df">
         <name>MemManage_Handler</name>
         <value>0x3093</value>
      </symbol>
      <symbol id="sm-7e0">
         <name>BusFault_Handler</name>
         <value>0x3093</value>
      </symbol>
      <symbol id="sm-7e1">
         <name>UsageFault_Handler</name>
         <value>0x3093</value>
      </symbol>
      <symbol id="sm-7e2">
         <name>SVC_Handler</name>
         <value>0x3093</value>
      </symbol>
      <symbol id="sm-7e3">
         <name>DebugMon_Handler</name>
         <value>0x3093</value>
      </symbol>
      <symbol id="sm-7e4">
         <name>PendSV_Handler</name>
         <value>0x3093</value>
      </symbol>
      <symbol id="sm-7e5">
         <name>SysTick_Handler</name>
         <value>0x3093</value>
      </symbol>
      <symbol id="sm-7e6">
         <name>PSS_IRQHandler</name>
         <value>0x3093</value>
      </symbol>
      <symbol id="sm-7e7">
         <name>CS_IRQHandler</name>
         <value>0x3093</value>
      </symbol>
      <symbol id="sm-7e8">
         <name>PCM_IRQHandler</name>
         <value>0x3093</value>
      </symbol>
      <symbol id="sm-7e9">
         <name>WDT_A_IRQHandler</name>
         <value>0x3093</value>
      </symbol>
      <symbol id="sm-7ea">
         <name>FPU_IRQHandler</name>
         <value>0x3093</value>
      </symbol>
      <symbol id="sm-7eb">
         <name>FLCTL_IRQHandler</name>
         <value>0x3093</value>
      </symbol>
      <symbol id="sm-7ec">
         <name>COMP_E0_IRQHandler</name>
         <value>0x3093</value>
      </symbol>
      <symbol id="sm-7ed">
         <name>COMP_E1_IRQHandler</name>
         <value>0x3093</value>
      </symbol>
      <symbol id="sm-7ee">
         <name>TA0_0_IRQHandler</name>
         <value>0x3093</value>
      </symbol>
      <symbol id="sm-7ef">
         <name>TA0_N_IRQHandler</name>
         <value>0x3093</value>
      </symbol>
      <symbol id="sm-7f0">
         <name>TA1_0_IRQHandler</name>
         <value>0x3093</value>
      </symbol>
      <symbol id="sm-7f1">
         <name>TA1_N_IRQHandler</name>
         <value>0x3093</value>
      </symbol>
      <symbol id="sm-7f2">
         <name>TA2_0_IRQHandler</name>
         <value>0x3093</value>
      </symbol>
      <symbol id="sm-7f3">
         <name>TA2_N_IRQHandler</name>
         <value>0x3093</value>
      </symbol>
      <symbol id="sm-7f4">
         <name>TA3_0_IRQHandler</name>
         <value>0x2157</value>
      </symbol>
      <symbol id="sm-7f5">
         <name>TA3_N_IRQHandler</name>
         <value>0x2171</value>
      </symbol>
      <symbol id="sm-7f6">
         <name>EUSCIA0_IRQHandler</name>
         <value>0x3093</value>
      </symbol>
      <symbol id="sm-7f7">
         <name>EUSCIA1_IRQHandler</name>
         <value>0x3093</value>
      </symbol>
      <symbol id="sm-7f8">
         <name>EUSCIA2_IRQHandler</name>
         <value>0x3093</value>
      </symbol>
      <symbol id="sm-7f9">
         <name>EUSCIA3_IRQHandler</name>
         <value>0x3093</value>
      </symbol>
      <symbol id="sm-7fa">
         <name>EUSCIB0_IRQHandler</name>
         <value>0x3093</value>
      </symbol>
      <symbol id="sm-7fb">
         <name>EUSCIB1_IRQHandler</name>
         <value>0x3093</value>
      </symbol>
      <symbol id="sm-7fc">
         <name>EUSCIB2_IRQHandler</name>
         <value>0x3093</value>
      </symbol>
      <symbol id="sm-7fd">
         <name>EUSCIB3_IRQHandler</name>
         <value>0x3093</value>
      </symbol>
      <symbol id="sm-7fe">
         <name>ADC14_IRQHandler</name>
         <value>0x3093</value>
      </symbol>
      <symbol id="sm-7ff">
         <name>T32_INT1_IRQHandler</name>
         <value>0x97d</value>
      </symbol>
      <symbol id="sm-800">
         <name>T32_INT2_IRQHandler</name>
         <value>0x3093</value>
      </symbol>
      <symbol id="sm-801">
         <name>T32_INTC_IRQHandler</name>
         <value>0x3093</value>
      </symbol>
      <symbol id="sm-802">
         <name>AES256_IRQHandler</name>
         <value>0x3093</value>
      </symbol>
      <symbol id="sm-803">
         <name>RTC_C_IRQHandler</name>
         <value>0x3093</value>
      </symbol>
      <symbol id="sm-804">
         <name>DMA_ERR_IRQHandler</name>
         <value>0x3093</value>
      </symbol>
      <symbol id="sm-805">
         <name>DMA_INT3_IRQHandler</name>
         <value>0x3093</value>
      </symbol>
      <symbol id="sm-806">
         <name>DMA_INT2_IRQHandler</name>
         <value>0x3093</value>
      </symbol>
      <symbol id="sm-807">
         <name>DMA_INT1_IRQHandler</name>
         <value>0x3093</value>
      </symbol>
      <symbol id="sm-808">
         <name>DMA_INT0_IRQHandler</name>
         <value>0x3093</value>
      </symbol>
      <symbol id="sm-809">
         <name>PORT1_IRQHandler</name>
         <value>0x3093</value>
      </symbol>
      <symbol id="sm-80a">
         <name>PORT2_IRQHandler</name>
         <value>0x3093</value>
      </symbol>
      <symbol id="sm-80b">
         <name>PORT3_IRQHandler</name>
         <value>0x3093</value>
      </symbol>
      <symbol id="sm-80c">
         <name>PORT4_IRQHandler</name>
         <value>0x1e17</value>
      </symbol>
      <symbol id="sm-80d">
         <name>PORT5_IRQHandler</name>
         <value>0x3093</value>
      </symbol>
      <symbol id="sm-80e">
         <name>PORT6_IRQHandler</name>
         <value>0x3093</value>
      </symbol>
      <symbol id="sm-80f">
         <name>remove</name>
         <value>0x2f7d</value>
      </symbol>
   </symbol_table>
   <title>Link successful</title>
</link_info>
