******************************************************************************
                  TI ARM Linker PC v16.9.6                     
******************************************************************************
>> Linked Mon Oct 27 13:59:32 2025

OUTPUT FILE NAME:   <H_ADC_IRSensors_ProximityFollowing.out>
ENTRY POINT SYMBOL: "_c_int00"  address: 00002b99


MEMORY CONFIGURATION

         name            origin    length      used     unused   attr    fill
----------------------  --------  ---------  --------  --------  ----  --------
  MAIN                  00000000   00040000  00002f8c  0003d074  R  X
  INFO                  00200000   00004000  00000000  00004000  R  X
  SRAM_CODE             01000000   00010000  00003a48  0000c5b8  RW X
  SRAM_DATA             20000000   00010000  00003a48  0000c5b8  RW  


SEGMENT ALLOCATION MAP

run origin  load origin   length   init length attrs members
----------  ----------- ---------- ----------- ----- -------
00000000    00000000    00002f90   00002f90    r-x
  00000000    00000000    000000e4   000000e4    r-- .intvecs
  000000e4    000000e4    00002e00   00002e00    r-x .text
  00002ee8    00002ee8    000000a8   000000a8    r-- .cinit
20000000    20000000    00003848   00000000    rw-
  20000000    20000000    00003220   00000000    rw- .bss
  20003220    20003220    00000400   00000000    rw- .sysmem
  20003620    20003620    00000228   00000000    rw- .data
2000fe00    2000fe00    00000200   00000000    rw-
  2000fe00    2000fe00    00000200   00000000    rw- .stack


SECTION ALLOCATION MAP

 output                                  attributes/
section   page    origin      length       input sections
--------  ----  ----------  ----------   ----------------
.intvecs   0    00000000    000000e4     
                  00000000    000000e4     startup_msp432p401r_ccs.obj (.intvecs:retain)

.binit     0    00000000    00000000     

.text      0    000000e4    00002e00     
                  000000e4    000006bc     UART0.obj (.text)
                  000007a0    000003d0     rtsv7M4_T_le_v4SPD16_eabi.lib : memory.obj (.text)
                  00000b70    0000032c     system_msp432p401r.obj (.text)
                  00000e9c    00000310     Motor.obj (.text)
                  000011ac    00000248     LPF.obj (.text)
                  000013f4    00000214     Lab4_ADCmain.obj (.text)
                  00001608    000001e0     Clock.obj (.text)
                  000017e8    000001c4     rtsv7M4_T_le_v4SPD16_eabi.lib : fopen.obj (.text)
                  000019ac    000001a0     Tachometer.obj (.text)
                  00001b4c    00000164     ADC14.obj (.text)
                  00001cb0    00000136     rtsv7M4_T_le_v4SPD16_eabi.lib : fd_div_t2.obj (.text)
                  00001de6    00000002                                   : mpu_init.obj (.text)
                  00001de8    00000104     TA3InputCapture.obj (.text)
                  00001eec    000000fc     rtsv7M4_T_le_v4SPD16_eabi.lib : fd_mul_t2.obj (.text)
                  00001fe8    000000f4     LaunchPad.obj (.text)
                  000020dc    000000ec     PWM.obj (.text)
                  000021c8    000000dc     rtsv7M4_T_le_v4SPD16_eabi.lib : setvbuf.obj (.text)
                  000022a4    000000c8                                   : fflush.obj (.text)
                  0000236c    000000bc                                   : open.obj (.text)
                  00002428    000000b8                                   : add_device.obj (.text)
                  000024e0    000000a8     TimerA1.obj (.text)
                  00002588    0000009c     rtsv7M4_T_le_v4SPD16_eabi.lib : memcpy_t2.obj (.text)
                  00002624    00000098                                   : fclose.obj (.text)
                  000026bc    0000007a                                   : memset_t2.obj (.text)
                  00002736    00000002                                   : startup.obj (.text)
                  00002738    00000074     IRDistance.obj (.text)
                  000027ac    00000070     rtsv7M4_T_le_v4SPD16_eabi.lib : autoinit.obj (.text)
                  0000281c    00000070                                   : getdevice.obj (.text)
                  0000288c    00000068                                   : copy_decompress_lzss.obj (.text:decompress:lzss)
                  000028f4    00000068                                   : hostlseek.obj (.text)
                  0000295c    00000068                                   : hostrename.obj (.text)
                  000029c4    00000068                                   : trgmsg.obj (.text)
                  00002a2c    00000060                                   : hostopen.obj (.text)
                  00002a8c    0000005c                                   : close.obj (.text)
                  00002ae8    00000058                                   : hostread.obj (.text)
                  00002b40    00000058                                   : hostwrite.obj (.text)
                  00002b98    00000054                                   : boot.obj (.text)
                  00002bec    00000054                                   : exit.obj (.text)
                  00002c40    0000004c                                   : cpy_tbl.obj (.text)
                  00002c8c    00000044                                   : fd_tou_t2.obj (.text)
                  00002cd0    00000044                                   : hostclose.obj (.text)
                  00002d14    00000044                                   : hostunlink.obj (.text)
                  00002d58    00000036                                   : strncpy.obj (.text)
                  00002d8e    0000002e                                   : i_tofd_t2.obj (.text)
                  00002dbc    0000002c                                   : unlink.obj (.text)
                  00002de8    00000028                                   : write.obj (.text)
                  00002e10    00000024     CortexM.obj (.text)
                  00002e34    00000018     rtsv7M4_T_le_v4SPD16_eabi.lib : args_main.obj (.text)
                  00002e4c    00000018                                   : strcmp.obj (.text)
                  00002e64    00000016                                   : strchr.obj (.text)
                  00002e7a    00000002     --HOLE-- [fill = 0]
                  00002e7c    00000014                                   : _lock.obj (.text)
                  00002e90    00000014                                   : strcpy.obj (.text)
                  00002ea4    00000014                                   : strlen.obj (.text)
                  00002eb8    0000000e                                   : copy_decompress_none.obj (.text:decompress:none)
                  00002ec6    0000000e     startup_msp432p401r_ccs.obj (.text)
                  00002ed4    0000000c     rtsv7M4_T_le_v4SPD16_eabi.lib : copy_zero_init.obj (.text:decompress:ZI)
                  00002ee0    00000004                                   : pre_init.obj (.text)

.cinit     0    00002ee8    000000a8     
                  00002ee8    00000082     (.cinit..data.load) [load image, compression = lzss]
                  00002f6a    00000002     --HOLE-- [fill = 0]
                  00002f6c    0000000c     (__TI_handler_table)
                  00002f78    00000008     (.cinit..bss.load) [load image, compression = zero_init]
                  00002f80    00000010     (__TI_cinit_table)

.init_array 
*          0    00000000    00000000     UNINITIALIZED

.bss       0    20000000    00003220     UNINITIALIZED
                  20000000    00001000     (.common:x)
                  20001000    00001000     (.common:x2)
                  20002000    00001000     (.common:x3)
                  20003000    00000120     rtsv7M4_T_le_v4SPD16_eabi.lib : trgmsg.obj (.bss:_CIOBUF_)
                  20003120    000000a0     (.common:__TI_tmpnams)
                  200031c0    00000008     (.common:Messageb)
                  200031c8    00000008     (.common:parmbuf)
                  200031d0    00000004     (.common:ADCflag)
                  200031d4    00000004     (.common:I1)
                  200031d8    00000004     (.common:I2)
                  200031dc    00000004     (.common:I3)
                  200031e0    00000004     (.common:LPFSum)
                  200031e4    00000004     (.common:LPFSum2)
                  200031e8    00000004     (.common:LPFSum3)
                  200031ec    00000004     (.common:Messageindexb)
                  200031f0    00000004     (.common:Size)
                  200031f4    00000004     (.common:Size2)
                  200031f8    00000004     (.common:Size3)
                  200031fc    00000004     (.common:TimerA1Task)
                  20003200    00000004     (.common:center)
                  20003204    00000004     (.common:left)
                  20003208    00000004     (.common:nc)
                  2000320c    00000004     (.common:nl)
                  20003210    00000004     (.common:nr)
                  20003214    00000004     (.common:right)
                  20003218    00000002     (.common:Tachometer_FirstLeftTime)
                  2000321a    00000002     (.common:Tachometer_FirstRightTime)
                  2000321c    00000002     (.common:Tachometer_SecondLeftTime)
                  2000321e    00000002     (.common:Tachometer_SecondRightTime)

.sysmem    0    20003220    00000400     UNINITIALIZED
                  20003220    00000008     rtsv7M4_T_le_v4SPD16_eabi.lib : memory.obj (.sysmem)
                  20003228    000003f8     --HOLE--

.data      0    20003620    00000228     UNINITIALIZED
                  20003620    000000f0     rtsv7M4_T_le_v4SPD16_eabi.lib : defs.obj (.data:_ftable)
                  20003710    00000078                                   : write.obj (.data:_device)
                  20003788    00000050                                   : write.obj (.data:_stream)
                  200037d8    00000018     Clock.obj (.data)
                  200037f0    00000010     rtsv7M4_T_le_v4SPD16_eabi.lib : defs.obj (.data)
                  20003800    0000000c                                   : exit.obj (.data:$O1$$)
                  2000380c    0000000c                                   : memory.obj (.data:$O1$$)
                  20003818    0000000a     Tachometer.obj (.data)
                  20003822    00000002     --HOLE--
                  20003824    00000008     rtsv7M4_T_le_v4SPD16_eabi.lib : _lock.obj (.data:$O1$$)
                  2000382c    00000008     TA3InputCapture.obj (.data)
                  20003834    00000004     rtsv7M4_T_le_v4SPD16_eabi.lib : add_device.obj (.data)
                  20003838    00000004                                   : fopen.obj (.data)
                  2000383c    00000004                                   : open.obj (.data)
                  20003840    00000004                                   : stkdepth_vars.obj (.data)
                  20003844    00000004     system_msp432p401r.obj (.data)

.stack     0    2000fe00    00000200     UNINITIALIZED
                  2000fe00    00000200     --HOLE--

MODULE SUMMARY

       Module                        code    ro data   rw data
       ------                        ----    -------   -------
    .\
       LPF.obj                       584     0         24648  
       UART0.obj                     1724    0         24     
       system_msp432p401r.obj        812     0         8      
       Motor.obj                     784     0         0      
       Lab4_ADCmain.obj              532     0         56     
       Clock.obj                     480     0         48     
       Tachometer.obj                416     0         36     
       ADC14.obj                     356     0         0      
       TA3InputCapture.obj           260     0         16     
       LaunchPad.obj                 244     0         0      
       startup_msp432p401r_ccs.obj   14      228       0      
       PWM.obj                       236     0         0      
       TimerA1.obj                   168     0         8      
       IRDistance.obj                116     0         0      
       CortexM.obj                   36      0         0      
    +--+-----------------------------+-------+---------+---------+
       Total:                        6762    228       24844  
                                                              
    C:\ti\ccsv7\tools\compiler\ti-cgt-arm_16.9.6.LTS\lib\rtsv7M4_T_le_v4SPD16_eabi.lib
       memory.obj                    976     0         24     
       defs.obj                      0       0         832    
       trgmsg.obj                    104     0         576    
       fopen.obj                     452     0         8      
       write.obj                     40      0         400    
       fd_div_t2.obj                 310     0         0      
       fd_mul_t2.obj                 252     0         0      
       setvbuf.obj                   220     0         0      
       fflush.obj                    200     0         0      
       open.obj                      188     0         8      
       add_device.obj                184     0         8      
       memcpy_t2.obj                 156     0         0      
       fclose.obj                    152     0         0      
       memset_t2.obj                 122     0         0      
       autoinit.obj                  112     0         0      
       getdevice.obj                 112     0         0      
       hostopen.obj                  96      0         16     
       exit.obj                      84      0         24     
       copy_decompress_lzss.obj      104     0         0      
       hostlseek.obj                 104     0         0      
       hostrename.obj                104     0         0      
       close.obj                     92      0         0      
       hostread.obj                  88      0         0      
       hostwrite.obj                 88      0         0      
       boot.obj                      84      0         0      
       cpy_tbl.obj                   76      0         0      
       fd_tou_t2.obj                 68      0         0      
       hostclose.obj                 68      0         0      
       hostunlink.obj                68      0         0      
       strncpy.obj                   54      0         0      
       i_tofd_t2.obj                 46      0         0      
       unlink.obj                    44      0         0      
       _lock.obj                     20      0         16     
       args_main.obj                 24      0         0      
       strcmp.obj                    24      0         0      
       strchr.obj                    22      0         0      
       strcpy.obj                    20      0         0      
       strlen.obj                    20      0         0      
       copy_decompress_none.obj      14      0         0      
       copy_zero_init.obj            12      0         0      
       stkdepth_vars.obj             0       0         8      
       pre_init.obj                  4       0         0      
       mpu_init.obj                  2       0         0      
       startup.obj                   2       0         0      
    +--+-----------------------------+-------+---------+---------+
       Total:                        5012    0         1920   
                                                              
       Heap:                         0       0         2048   
       Stack:                        0       0         1024   
       Linker Generated:             0       166       0      
    +--+-----------------------------+-------+---------+---------+
       Grand Total:                  11774   394       29836  


LINKER GENERATED COPY TABLES

__TI_cinit_table @ 00002f80 records: 2, size/record: 8, table size: 16
	.data: load addr=00002ee8, load size=00000082 bytes, run addr=20003620, run size=00000228 bytes, compression=lzss
	.bss: load addr=00002f78, load size=00000008 bytes, run addr=20000000, run size=00003220 bytes, compression=zero_init


LINKER GENERATED HANDLER TABLE

__TI_handler_table @ 00002f6c records: 3, size/record: 4, table size: 12
	index: 0, handler: __TI_decompress_lzss
	index: 1, handler: __TI_decompress_none
	index: 2, handler: __TI_zero_init


GLOBAL SYMBOLS: SORTED ALPHABETICALLY BY Name 

address   name                           
-------   ----                           
00001b4d  ADC0_InitSWTriggerCh12         
00001bbd  ADC0_InitSWTriggerCh17_12_16   
00002ed3  ADC14_IRQHandler               
00001b9d  ADC_In12                       
00001c2d  ADC_In17_12_16                 
200031d0  ADCflag                        
00002ed3  AES256_IRQHandler              
00002ed3  BusFault_Handler               
00002bed  C$$EXIT                        
000029f3  C$$IO$$                        
00002ed3  COMP_E0_IRQHandler             
00002ed3  COMP_E1_IRQHandler             
200037e0  CPMwait                        
00002ed3  CS_IRQHandler                  
2000382c  CaptureTask0                   
20003830  CaptureTask2                   
0000275d  CenterConvert                  
200037d8  ClockFrequency                 
0000175d  Clock_Delay1ms                 
00001733  Clock_Delay1us                 
0000171f  Clock_GetFreq                  
00001609  Clock_Init48MHz                
200037ec  Crystalstable                  
00002ed3  DMA_ERR_IRQHandler             
00002ed3  DMA_INT0_IRQHandler            
00002ed3  DMA_INT1_IRQHandler            
00002ed3  DMA_INT2_IRQHandler            
00002ed3  DMA_INT3_IRQHandler            
00002ed3  DebugMon_Handler               
00002ed3  Default_Handler                
00002e11  DisableInterrupts              
00002ed3  EUSCIA0_IRQHandler             
00002ed3  EUSCIA1_IRQHandler             
00002ed3  EUSCIA2_IRQHandler             
00002ed3  EUSCIA3_IRQHandler             
00002ed3  EUSCIB0_IRQHandler             
00002ed3  EUSCIB1_IRQHandler             
00002ed3  EUSCIB2_IRQHandler             
00002ed3  EUSCIB3_IRQHandler             
00002e17  EnableInterrupts               
00002e27  EndCritical                    
00002ed3  FLCTL_IRQHandler               
00002ed3  FPU_IRQHandler                 
00002cd1  HOSTclose                      
000028f5  HOSTlseek                      
00002a2d  HOSTopen                       
00002ae9  HOSTread                       
0000295d  HOSTrename                     
00002d15  HOSTunlink                     
00002b41  HOSTwrite                      
00002ed3  HardFault_Handler              
200031d4  I1                             
200031d8  I2                             
200031dc  I3                             
200037e8  IFlags                         
200031e0  LPFSum                         
200031e4  LPFSum2                        
200031e8  LPFSum3                        
0000120b  LPF_Calc                       
000012bd  LPF_Calc2                      
0000136f  LPF_Calc3                      
000011ad  LPF_Init                       
0000125f  LPF_Init2                      
00001311  LPF_Init3                      
00001fe9  LaunchPad_Init                 
00002059  LaunchPad_Input                
00002073  LaunchPad_LED                  
00002091  LaunchPad_Output               
00002739  LeftConvert                    
00002ed3  MemManage_Handler              
200031c0  Messageb                       
200031ec  Messageindexb                  
00000fed  Motor_Backward                 
00000f49  Motor_Forward                  
000010c9  Motor_ForwardDist              
00000e9d  Motor_Init                     
00000fb3  Motor_Left                     
00000f79  Motor_Right                    
0000101d  Motor_RotateAngle              
00000f25  Motor_Stop                     
00002ed3  NMI_Handler                    
00002ed3  PCM_IRQHandler                 
00002ed3  PORT1_IRQHandler               
00002ed3  PORT2_IRQHandler               
00002ed3  PORT3_IRQHandler               
00002ed3  PORT4_IRQHandler               
00002ed3  PORT5_IRQHandler               
00002ed3  PORT6_IRQHandler               
00002ed3  PSS_IRQHandler                 
00002161  PWM_Duty3                      
00002181  PWM_Duty4                      
000020dd  PWM_Init34                     
00002ed3  PendSV_Handler                 
200037e4  Postwait                       
200037dc  Prewait                        
00002ed3  RTC_C_IRQHandler               
00002ec7  Reset_Handler                  
00002781  RightConvert                   
UNDEFED   SHT$$INIT_ARRAY$$Base          
UNDEFED   SHT$$INIT_ARRAY$$Limit         
00002ed3  SVC_Handler                    
000013f5  SensorRead_ISR                 
200031f0  Size                           
200031f4  Size2                          
200031f8  Size3                          
00002e1d  StartCritical                  
00002ed3  SysTick_Handler                
20003844  SystemCoreClock                
00000b71  SystemCoreClockUpdate          
00000de5  SystemInit                     
00002ed3  T32_INT1_IRQHandler            
00002ed3  T32_INT2_IRQHandler            
00002ed3  T32_INTC_IRQHandler            
00002ed3  TA0_0_IRQHandler               
00002ed3  TA0_N_IRQHandler               
00002553  TA1_0_IRQHandler               
00002553  TA1_0_IRQHandler               
00002ed3  TA1_N_IRQHandler               
00002ed3  TA2_0_IRQHandler               
00002ed3  TA2_N_IRQHandler               
00001e7b  TA3_0_IRQHandler               
00001e7b  TA3_0_IRQHandler               
00001e95  TA3_N_IRQHandler               
00001e95  TA3_N_IRQHandler               
20003218  Tachometer_FirstLeftTime       
2000321a  Tachometer_FirstRightTime      
00001aa9  Tachometer_Get                 
00001a39  Tachometer_Init                
20003821  Tachometer_LeftDir             
2000381c  Tachometer_LeftSteps           
20003820  Tachometer_RightDir            
20003818  Tachometer_RightSteps          
2000321c  Tachometer_SecondLeftTime      
2000321e  Tachometer_SecondRightTime     
200031fc  TimerA1Task                    
000024e1  TimerA1_Init                   
0000253f  TimerA1_Stop                   
00001df5  TimerA3Capture_Init            
0000012b  UART0_InChar                   
000005b5  UART0_InString                 
00000175  UART0_InUDec                   
00000469  UART0_InUHex                   
000000e5  UART0_Init                     
00000715  UART0_Initprintf               
0000013b  UART0_OutChar                  
00000157  UART0_OutString                
000001f9  UART0_OutUDec                  
00000365  UART0_OutUDec4                 
000003b9  UART0_OutUDec5                 
000003f5  UART0_OutUFix1                 
0000041d  UART0_OutUFix2                 
0000052d  UART0_OutUHex                  
00000599  UART0_OutUHex2                 
00002ed3  UsageFault_Handler             
4000480c  WDTCTL_SYM                     
00002ed3  WDT_A_IRQHandler               
00002e2f  WaitForInterrupt               
20003000  __CIOBUF_                      
20010000  __STACK_END                    
00000200  __STACK_SIZE                   
00000400  __SYSMEM_SIZE                  
00002f80  __TI_CINIT_Base                
00002f90  __TI_CINIT_Limit               
00002f6c  __TI_Handler_Table_Base        
00002f78  __TI_Handler_Table_Limit       
000027ad  __TI_auto_init                 
000018b1  __TI_cleanup                   
20003800  __TI_cleanup_ptr               
00002625  __TI_closefile                 
0000288d  __TI_decompress_lzss           
00002eb9  __TI_decompress_none           
000022a5  __TI_doflush                   
20003804  __TI_dtors_ptr                 
20003808  __TI_enable_exit_profile_output
200037f0  __TI_ft_end                    
ffffffff  __TI_pprof_out_hndl            
ffffffff  __TI_prof_data_size            
ffffffff  __TI_prof_data_start           
000029f7  __TI_readmsg                   
00000000  __TI_static_base__             
20003120  __TI_tmpnams                   
000029c5  __TI_writemsg                  
00002ed5  __TI_zero_init                 
00002c8d  __aeabi_d2uiz                  
00001cb1  __aeabi_ddiv                   
00001eed  __aeabi_dmul                   
00002d8f  __aeabi_i2d                    
000026bd  __aeabi_memclr                 
000026bd  __aeabi_memclr4                
000026bd  __aeabi_memclr8                
00002589  __aeabi_memcpy                 
00002589  __aeabi_memcpy4                
00002589  __aeabi_memcpy8                
000026bf  __aeabi_memset                 
000026bf  __aeabi_memset4                
000026bf  __aeabi_memset8                
200037fc  __aeabi_stderr                 
200037f4  __aeabi_stdin                  
200037f8  __aeabi_stdout                 
ffffffff  __binit__                      
ffffffff  __c_args__                     
00001de7  __mpu_init                     
2000fe00  __stack                        
00002e35  _args_main                     
00002b99  _c_int00                       
20003710  _device                        
20003620  _ftable                        
20003824  _lock                          
00002e8b  _nop                           
00002e83  _register_lock                 
00002e7d  _register_unlock               
20003788  _stream                        
20003220  _sys_memory                    
00002737  _system_post_cinit             
00002ee1  _system_pre_init               
20003828  _unlock                        
00002bf1  abort                          
00002429  add_device                     
ffffffff  binit                          
00000b41  calloc                         
20003200  center                         
00002a8d  close                          
00002c41  copy_in                        
00001725  delay                          
00002bf9  exit                           
0000268b  fclose                         
0000064f  ferror                         
000022f1  fflush                         
0000062f  fgetc                          
0000281d  finddevice                     
00001907  fopen                          
0000088b  free                           
000018dd  freopen                        
00002847  getdevice                      
00000000  interruptVectors               
20003204  left                           
00001445  main                           
20003840  main_func_sp                   
00000821  malloc                         
00000a55  memalign                       
00002589  memcpy                         
000026c5  memset                         
000007a1  minit                          
20003208  nc                             
2000320c  nl                             
20003210  nr                             
0000236d  open                           
00000571  outnibble                      
200031c8  parmbuf                        
0000094b  realloc                        
00002dbd  remove                         
20003214  right                          
000021c9  setvbuf                        
00002e65  strchr                         
00002e4d  strcmp                         
00002e91  strcpy                         
00002ea5  strlen                         
00002d59  strncpy                        
00001de9  ta3dummy                       
000019f3  tachometerLeftInt              
000019ad  tachometerRightInt             
0000066d  uart_close                     
000006eb  uart_lseek                     
0000065d  uart_open                      
0000067f  uart_read                      
00000707  uart_rename                    
000006fb  uart_unlink                    
000006a9  uart_write                     
00002dbd  unlink                         
00002de9  write                          
20000000  x                              
20001000  x2                             
20002000  x3                             


GLOBAL SYMBOLS: SORTED BY Symbol Address 

address   name                           
-------   ----                           
00000000  __TI_static_base__             
00000000  interruptVectors               
000000e5  UART0_Init                     
0000012b  UART0_InChar                   
0000013b  UART0_OutChar                  
00000157  UART0_OutString                
00000175  UART0_InUDec                   
000001f9  UART0_OutUDec                  
00000200  __STACK_SIZE                   
00000365  UART0_OutUDec4                 
000003b9  UART0_OutUDec5                 
000003f5  UART0_OutUFix1                 
00000400  __SYSMEM_SIZE                  
0000041d  UART0_OutUFix2                 
00000469  UART0_InUHex                   
0000052d  UART0_OutUHex                  
00000571  outnibble                      
00000599  UART0_OutUHex2                 
000005b5  UART0_InString                 
0000062f  fgetc                          
0000064f  ferror                         
0000065d  uart_open                      
0000066d  uart_close                     
0000067f  uart_read                      
000006a9  uart_write                     
000006eb  uart_lseek                     
000006fb  uart_unlink                    
00000707  uart_rename                    
00000715  UART0_Initprintf               
000007a1  minit                          
00000821  malloc                         
0000088b  free                           
0000094b  realloc                        
00000a55  memalign                       
00000b41  calloc                         
00000b71  SystemCoreClockUpdate          
00000de5  SystemInit                     
00000e9d  Motor_Init                     
00000f25  Motor_Stop                     
00000f49  Motor_Forward                  
00000f79  Motor_Right                    
00000fb3  Motor_Left                     
00000fed  Motor_Backward                 
0000101d  Motor_RotateAngle              
000010c9  Motor_ForwardDist              
000011ad  LPF_Init                       
0000120b  LPF_Calc                       
0000125f  LPF_Init2                      
000012bd  LPF_Calc2                      
00001311  LPF_Init3                      
0000136f  LPF_Calc3                      
000013f5  SensorRead_ISR                 
00001445  main                           
00001609  Clock_Init48MHz                
0000171f  Clock_GetFreq                  
00001725  delay                          
00001733  Clock_Delay1us                 
0000175d  Clock_Delay1ms                 
000018b1  __TI_cleanup                   
000018dd  freopen                        
00001907  fopen                          
000019ad  tachometerRightInt             
000019f3  tachometerLeftInt              
00001a39  Tachometer_Init                
00001aa9  Tachometer_Get                 
00001b4d  ADC0_InitSWTriggerCh12         
00001b9d  ADC_In12                       
00001bbd  ADC0_InitSWTriggerCh17_12_16   
00001c2d  ADC_In17_12_16                 
00001cb1  __aeabi_ddiv                   
00001de7  __mpu_init                     
00001de9  ta3dummy                       
00001df5  TimerA3Capture_Init            
00001e7b  TA3_0_IRQHandler               
00001e7b  TA3_0_IRQHandler               
00001e95  TA3_N_IRQHandler               
00001e95  TA3_N_IRQHandler               
00001eed  __aeabi_dmul                   
00001fe9  LaunchPad_Init                 
00002059  LaunchPad_Input                
00002073  LaunchPad_LED                  
00002091  LaunchPad_Output               
000020dd  PWM_Init34                     
00002161  PWM_Duty3                      
00002181  PWM_Duty4                      
000021c9  setvbuf                        
000022a5  __TI_doflush                   
000022f1  fflush                         
0000236d  open                           
00002429  add_device                     
000024e1  TimerA1_Init                   
0000253f  TimerA1_Stop                   
00002553  TA1_0_IRQHandler               
00002553  TA1_0_IRQHandler               
00002589  __aeabi_memcpy                 
00002589  __aeabi_memcpy4                
00002589  __aeabi_memcpy8                
00002589  memcpy                         
00002625  __TI_closefile                 
0000268b  fclose                         
000026bd  __aeabi_memclr                 
000026bd  __aeabi_memclr4                
000026bd  __aeabi_memclr8                
000026bf  __aeabi_memset                 
000026bf  __aeabi_memset4                
000026bf  __aeabi_memset8                
000026c5  memset                         
00002737  _system_post_cinit             
00002739  LeftConvert                    
0000275d  CenterConvert                  
00002781  RightConvert                   
000027ad  __TI_auto_init                 
0000281d  finddevice                     
00002847  getdevice                      
0000288d  __TI_decompress_lzss           
000028f5  HOSTlseek                      
0000295d  HOSTrename                     
000029c5  __TI_writemsg                  
000029f3  C$$IO$$                        
000029f7  __TI_readmsg                   
00002a2d  HOSTopen                       
00002a8d  close                          
00002ae9  HOSTread                       
00002b41  HOSTwrite                      
00002b99  _c_int00                       
00002bed  C$$EXIT                        
00002bf1  abort                          
00002bf9  exit                           
00002c41  copy_in                        
00002c8d  __aeabi_d2uiz                  
00002cd1  HOSTclose                      
00002d15  HOSTunlink                     
00002d59  strncpy                        
00002d8f  __aeabi_i2d                    
00002dbd  remove                         
00002dbd  unlink                         
00002de9  write                          
00002e11  DisableInterrupts              
00002e17  EnableInterrupts               
00002e1d  StartCritical                  
00002e27  EndCritical                    
00002e2f  WaitForInterrupt               
00002e35  _args_main                     
00002e4d  strcmp                         
00002e65  strchr                         
00002e7d  _register_unlock               
00002e83  _register_lock                 
00002e8b  _nop                           
00002e91  strcpy                         
00002ea5  strlen                         
00002eb9  __TI_decompress_none           
00002ec7  Reset_Handler                  
00002ed3  ADC14_IRQHandler               
00002ed3  AES256_IRQHandler              
00002ed3  BusFault_Handler               
00002ed3  COMP_E0_IRQHandler             
00002ed3  COMP_E1_IRQHandler             
00002ed3  CS_IRQHandler                  
00002ed3  DMA_ERR_IRQHandler             
00002ed3  DMA_INT0_IRQHandler            
00002ed3  DMA_INT1_IRQHandler            
00002ed3  DMA_INT2_IRQHandler            
00002ed3  DMA_INT3_IRQHandler            
00002ed3  DebugMon_Handler               
00002ed3  Default_Handler                
00002ed3  EUSCIA0_IRQHandler             
00002ed3  EUSCIA1_IRQHandler             
00002ed3  EUSCIA2_IRQHandler             
00002ed3  EUSCIA3_IRQHandler             
00002ed3  EUSCIB0_IRQHandler             
00002ed3  EUSCIB1_IRQHandler             
00002ed3  EUSCIB2_IRQHandler             
00002ed3  EUSCIB3_IRQHandler             
00002ed3  FLCTL_IRQHandler               
00002ed3  FPU_IRQHandler                 
00002ed3  HardFault_Handler              
00002ed3  MemManage_Handler              
00002ed3  NMI_Handler                    
00002ed3  PCM_IRQHandler                 
00002ed3  PORT1_IRQHandler               
00002ed3  PORT2_IRQHandler               
00002ed3  PORT3_IRQHandler               
00002ed3  PORT4_IRQHandler               
00002ed3  PORT5_IRQHandler               
00002ed3  PORT6_IRQHandler               
00002ed3  PSS_IRQHandler                 
00002ed3  PendSV_Handler                 
00002ed3  RTC_C_IRQHandler               
00002ed3  SVC_Handler                    
00002ed3  SysTick_Handler                
00002ed3  T32_INT1_IRQHandler            
00002ed3  T32_INT2_IRQHandler            
00002ed3  T32_INTC_IRQHandler            
00002ed3  TA0_0_IRQHandler               
00002ed3  TA0_N_IRQHandler               
00002ed3  TA1_N_IRQHandler               
00002ed3  TA2_0_IRQHandler               
00002ed3  TA2_N_IRQHandler               
00002ed3  UsageFault_Handler             
00002ed3  WDT_A_IRQHandler               
00002ed5  __TI_zero_init                 
00002ee1  _system_pre_init               
00002f6c  __TI_Handler_Table_Base        
00002f78  __TI_Handler_Table_Limit       
00002f80  __TI_CINIT_Base                
00002f90  __TI_CINIT_Limit               
20000000  x                              
20001000  x2                             
20002000  x3                             
20003000  __CIOBUF_                      
20003120  __TI_tmpnams                   
200031c0  Messageb                       
200031c8  parmbuf                        
200031d0  ADCflag                        
200031d4  I1                             
200031d8  I2                             
200031dc  I3                             
200031e0  LPFSum                         
200031e4  LPFSum2                        
200031e8  LPFSum3                        
200031ec  Messageindexb                  
200031f0  Size                           
200031f4  Size2                          
200031f8  Size3                          
200031fc  TimerA1Task                    
20003200  center                         
20003204  left                           
20003208  nc                             
2000320c  nl                             
20003210  nr                             
20003214  right                          
20003218  Tachometer_FirstLeftTime       
2000321a  Tachometer_FirstRightTime      
2000321c  Tachometer_SecondLeftTime      
2000321e  Tachometer_SecondRightTime     
20003220  _sys_memory                    
20003620  _ftable                        
20003710  _device                        
20003788  _stream                        
200037d8  ClockFrequency                 
200037dc  Prewait                        
200037e0  CPMwait                        
200037e4  Postwait                       
200037e8  IFlags                         
200037ec  Crystalstable                  
200037f0  __TI_ft_end                    
200037f4  __aeabi_stdin                  
200037f8  __aeabi_stdout                 
200037fc  __aeabi_stderr                 
20003800  __TI_cleanup_ptr               
20003804  __TI_dtors_ptr                 
20003808  __TI_enable_exit_profile_output
20003818  Tachometer_RightSteps          
2000381c  Tachometer_LeftSteps           
20003820  Tachometer_RightDir            
20003821  Tachometer_LeftDir             
20003824  _lock                          
20003828  _unlock                        
2000382c  CaptureTask0                   
20003830  CaptureTask2                   
20003840  main_func_sp                   
20003844  SystemCoreClock                
2000fe00  __stack                        
20010000  __STACK_END                    
4000480c  WDTCTL_SYM                     
ffffffff  __TI_pprof_out_hndl            
ffffffff  __TI_prof_data_size            
ffffffff  __TI_prof_data_start           
ffffffff  __binit__                      
ffffffff  __c_args__                     
ffffffff  binit                          
UNDEFED   SHT$$INIT_ARRAY$$Base          
UNDEFED   SHT$$INIT_ARRAY$$Limit         

[273 symbols]
