******************************************************************************
                  TI ARM Linker PC v16.9.6                     
******************************************************************************
>> Linked Tue Oct 28 11:20:18 2025

OUTPUT FILE NAME:   <L_Bump_Reflectance_Systick_BumpLEDConversions_all.out>
ENTRY POINT SYMBOL: "_c_int00"  address: 000013bd


MEMORY CONFIGURATION

         name            origin    length      used     unused   attr    fill
----------------------  --------  ---------  --------  --------  ----  --------
  MAIN                  00000000   00040000  000015ce  0003ea32  R  X
  INFO                  00200000   00004000  00000000  00004000  R  X
  SRAM_CODE             01000000   00010000  00000254  0000fdac  RW X
  SRAM_DATA             20000000   00010000  00000254  0000fdac  RW  


SEGMENT ALLOCATION MAP

run origin  load origin   length   init length attrs members
----------  ----------- ---------- ----------- ----- -------
00000000    00000000    000015d0   000015d0    r-x
  00000000    00000000    000000e4   000000e4    r-- .intvecs
  000000e4    000000e4    0000148a   0000148a    r-x .text
  00001570    00001570    00000020   00000020    r-- .const
  00001590    00001590    00000040   00000040    r-- .cinit
20000000    20000000    00000054   00000000    rw-
  20000000    20000000    00000048   00000000    rw- .data
  20000048    20000048    0000000c   00000000    rw- .bss
2000fe00    2000fe00    00000200   00000000    rw-
  2000fe00    2000fe00    00000200   00000000    rw- .stack


SECTION ALLOCATION MAP

 output                                  attributes/
section   page    origin      length       input sections
--------  ----  ----------  ----------   ----------------
.intvecs   0    00000000    000000e4     
                  00000000    000000e4     startup_msp432p401r_ccs.obj (.intvecs:retain)

.binit     0    00000000    00000000     

.text      0    000000e4    0000148a     
                  000000e4    00000630     TExaS.obj (.text)
                  00000714    0000032c     system_msp432p401r.obj (.text)
                  00000a40    0000022c     Reflectance.obj (.text)
                  00000c6c    000001e0     Clock.obj (.text)
                  00000e4c    0000015c     Bump.obj (.text)
                  00000fa8    00000130     Lab3_Sensorsmain.obj (.text)
                  000010d8    000000f4     LaunchPad.obj (.text)
                  000011cc    0000009c     rtsv7M4_T_le_v4SPD16_eabi.lib : memcpy_t2.obj (.text)
                  00001268    0000007a                                   : memset_t2.obj (.text)
                  000012e2    00000002                                   : mpu_init.obj (.text)
                  000012e4    00000070                                   : autoinit.obj (.text)
                  00001354    00000068                                   : copy_decompress_lzss.obj (.text:decompress:lzss)
                  000013bc    00000054                                   : boot.obj (.text)
                  00001410    00000054                                   : exit.obj (.text)
                  00001464    0000004c                                   : cpy_tbl.obj (.text)
                  000014b0    00000040     SysTickInts.obj (.text)
                  000014f0    00000024     CortexM.obj (.text)
                  00001514    00000018     rtsv7M4_T_le_v4SPD16_eabi.lib : args_main.obj (.text)
                  0000152c    00000014                                   : _lock.obj (.text)
                  00001540    0000000e                                   : copy_decompress_none.obj (.text:decompress:none)
                  0000154e    0000000e     startup_msp432p401r_ccs.obj (.text)
                  0000155c    0000000c     rtsv7M4_T_le_v4SPD16_eabi.lib : copy_zero_init.obj (.text:decompress:ZI)
                  00001568    00000004                                   : pre_init.obj (.text)
                  0000156c    00000002                                   : startup.obj (.text)

.const     0    00001570    00000020     
                  00001570    00000020     Reflectance.obj (.const:$P$T0$1)

.cinit     0    00001590    00000040     
                  00001590    00000017     (.cinit..data.load) [load image, compression = lzss]
                  000015a7    00000001     --HOLE-- [fill = 0]
                  000015a8    0000000c     (__TI_handler_table)
                  000015b4    00000004     --HOLE-- [fill = 0]
                  000015b8    00000008     (.cinit..bss.load) [load image, compression = zero_init]
                  000015c0    00000010     (__TI_cinit_table)

.init_array 
*          0    00000000    00000000     UNINITIALIZED

.data      0    20000000    00000048     UNINITIALIZED
                  20000000    00000018     Clock.obj (.data)
                  20000018    0000000c     rtsv7M4_T_le_v4SPD16_eabi.lib : exit.obj (.data:$O1$$)
                  20000024    0000000c     TExaS.obj (.data)
                  20000030    00000008     rtsv7M4_T_le_v4SPD16_eabi.lib : _lock.obj (.data:$O1$$)
                  20000038    00000006     Lab3_Sensorsmain.obj (.data)
                  2000003e    00000002     --HOLE--
                  20000040    00000004     rtsv7M4_T_le_v4SPD16_eabi.lib : stkdepth_vars.obj (.data)
                  20000044    00000004     system_msp432p401r.obj (.data)

.bss       0    20000048    0000000c     UNINITIALIZED
                  20000048    00000004     (.common:PeriodicTask2)
                  2000004c    00000004     (.common:Port4Task)
                  20000050    00000001     (.common:LogicData)
                  20000051    00000001     (.common:bumpState)
                  20000052    00000001     (.common:bump_data)
                  20000053    00000001     (.common:reflectance_data)

.stack     0    2000fe00    00000200     UNINITIALIZED
                  2000fe00    00000200     --HOLE--

MODULE SUMMARY

       Module                        code   ro data   rw data
       ------                        ----   -------   -------
    .\
       TExaS.obj                     1584   0         34     
       system_msp432p401r.obj        812    0         8      
       Reflectance.obj               556    32        0      
       Clock.obj                     480    0         48     
       Bump.obj                      348    0         8      
       Lab3_Sensorsmain.obj          304    0         18     
       LaunchPad.obj                 244    0         0      
       startup_msp432p401r_ccs.obj   14     228       0      
       SysTickInts.obj               64     0         0      
       CortexM.obj                   36     0         0      
    +--+-----------------------------+------+---------+---------+
       Total:                        4442   260       116    
                                                             
    C:\ti\ccsv7\tools\compiler\ti-cgt-arm_16.9.6.LTS\lib\rtsv7M4_T_le_v4SPD16_eabi.lib
       memcpy_t2.obj                 156    0         0      
       memset_t2.obj                 122    0         0      
       autoinit.obj                  112    0         0      
       exit.obj                      84     0         24     
       copy_decompress_lzss.obj      104    0         0      
       boot.obj                      84     0         0      
       cpy_tbl.obj                   76     0         0      
       _lock.obj                     20     0         16     
       args_main.obj                 24     0         0      
       copy_decompress_none.obj      14     0         0      
       copy_zero_init.obj            12     0         0      
       stkdepth_vars.obj             0      0         8      
       pre_init.obj                  4      0         0      
       mpu_init.obj                  2      0         0      
       startup.obj                   2      0         0      
    +--+-----------------------------+------+---------+---------+
       Total:                        816    0         48     
                                                             
       Stack:                        0      0         1024   
       Linker Generated:             0      59        0      
    +--+-----------------------------+------+---------+---------+
       Grand Total:                  5258   319       1188   


LINKER GENERATED COPY TABLES

__TI_cinit_table @ 000015c0 records: 2, size/record: 8, table size: 16
	.data: load addr=00001590, load size=00000017 bytes, run addr=20000000, run size=00000048 bytes, compression=lzss
	.bss: load addr=000015b8, load size=00000008 bytes, run addr=20000048, run size=0000000c bytes, compression=zero_init


LINKER GENERATED HANDLER TABLE

__TI_handler_table @ 000015a8 records: 3, size/record: 4, table size: 12
	index: 0, handler: __TI_decompress_lzss
	index: 1, handler: __TI_decompress_none
	index: 2, handler: __TI_zero_init


GLOBAL SYMBOLS: SORTED ALPHABETICALLY BY Name 

address   name                           
-------   ----                           
0000155b  ADC14_IRQHandler               
00000475  ADC_Init                       
0000155b  AES256_IRQHandler              
00000e4d  Bump_Init                      
00000ec3  Bump_Read                      
0000155b  BusFault_Handler               
00001411  C$$EXIT                        
0000155b  COMP_E0_IRQHandler             
0000155b  COMP_E1_IRQHandler             
20000008  CPMwait                        
0000155b  CS_IRQHandler                  
20000000  ClockFrequency                 
00000dc1  Clock_Delay1ms                 
00000d97  Clock_Delay1us                 
00000d83  Clock_GetFreq                  
00000c6d  Clock_Init48MHz                
20000014  Crystalstable                  
0000155b  DMA_ERR_IRQHandler             
0000155b  DMA_INT0_IRQHandler            
0000155b  DMA_INT1_IRQHandler            
0000155b  DMA_INT2_IRQHandler            
0000155b  DMA_INT3_IRQHandler            
0000155b  DebugMon_Handler               
0000155b  Default_Handler                
000014f1  DisableInterrupts              
0000155b  EUSCIA0_IRQHandler             
0000155b  EUSCIA1_IRQHandler             
0000155b  EUSCIA2_IRQHandler             
0000155b  EUSCIA3_IRQHandler             
0000155b  EUSCIB0_IRQHandler             
0000155b  EUSCIB1_IRQHandler             
0000155b  EUSCIB2_IRQHandler             
0000155b  EUSCIB3_IRQHandler             
000014f7  EnableInterrupts               
00001507  EndCritical                    
0000155b  FLCTL_IRQHandler               
0000155b  FPU_IRQHandler                 
0000155b  HardFault_Handler              
20000010  IFlags                         
000010d9  LaunchPad_Init                 
00001149  LaunchPad_Input                
00001163  LaunchPad_LED                  
00001181  LaunchPad_Output               
000000e5  LogicAnalyzer                  
000000ef  LogicAnalyzer_P1               
000001c5  LogicAnalyzer_P10              
000000fd  LogicAnalyzer_P2               
0000010b  LogicAnalyzer_P2_7654          
0000011b  LogicAnalyzer_P3               
00000129  LogicAnalyzer_P4               
00000147  LogicAnalyzer_P4_765320        
00000137  LogicAnalyzer_P4_765432        
0000017f  LogicAnalyzer_P5               
0000018d  LogicAnalyzer_P6               
0000019b  LogicAnalyzer_P7               
000001a9  LogicAnalyzer_P8               
000001b7  LogicAnalyzer_P9               
20000050  LogicData                      
20000038  MainCount                      
0000155b  MemManage_Handler              
0000155b  NMI_Handler                    
0000155b  PCM_IRQHandler                 
0000155b  PORT1_IRQHandler               
0000155b  PORT2_IRQHandler               
0000155b  PORT3_IRQHandler               
00000f43  PORT4_IRQHandler               
00000f43  PORT4_IRQHandler               
0000155b  PORT5_IRQHandler               
0000155b  PORT6_IRQHandler               
0000155b  PSS_IRQHandler                 
0000155b  PendSV_Handler                 
20000048  PeriodicTask2                  
00000257  PeriodicTask2_Init             
000002d1  PeriodicTask2_Stop             
00000fa9  Port2_Init                     
2000004c  Port4Task                      
00000a51  Port5_Init                     
00000ab9  Port7_Init                     
00000aef  Port7_InitToInput              
00000ad9  Port7_Output_ChargeCap         
00000a85  Port9_Init                     
2000000c  Postwait                       
20000004  Prewait                        
0000155b  RTC_C_IRQHandler               
00000b49  Reflectance_Center             
00000c05  Reflectance_End                
00000a41  Reflectance_Init               
00000b6b  Reflectance_Position           
00000afb  Reflectance_Read               
00000bdf  Reflectance_Start              
0000154f  Reset_Handler                  
UNDEFED   SHT$$INIT_ARRAY$$Base          
UNDEFED   SHT$$INIT_ARRAY$$Limit         
0000155b  SVC_Handler                    
000001d3  Scope                          
000014fd  StartCritical                  
00000fc9  SysTick_Handler                
00000fc9  SysTick_Handler                
000014b1  SysTick_Init                   
20000044  SystemCoreClock                
00000715  SystemCoreClockUpdate          
00000989  SystemInit                     
000002c1  T32_INT1_IRQHandler            
000002c1  T32_INT1_IRQHandler            
0000155b  T32_INT2_IRQHandler            
0000155b  T32_INTC_IRQHandler            
0000155b  TA0_0_IRQHandler               
0000155b  TA0_N_IRQHandler               
0000155b  TA1_0_IRQHandler               
0000155b  TA1_N_IRQHandler               
0000155b  TA2_0_IRQHandler               
0000155b  TA2_N_IRQHandler               
0000155b  TA3_0_IRQHandler               
0000155b  TA3_N_IRQHandler               
00000413  TExaS_Clear0                   
0000041f  TExaS_Clear1                   
0000042b  TExaS_Clear2                   
00000437  TExaS_Clear3                   
00000443  TExaS_Clear4                   
00000445  TExaS_Clear5                   
00000451  TExaS_Clear6                   
00000551  TExaS_Init                     
20000028  TExaS_ScopeErrConflict         
20000024  TExaS_ScopeErrLostData         
2000002c  TExaS_ScopeWrnReconfig         
000003b1  TExaS_Set                      
000003c9  TExaS_Set0                     
000003d5  TExaS_Set1                     
000003e1  TExaS_Set2                     
000003ed  TExaS_Set3                     
000003f9  TExaS_Set4                     
000003fb  TExaS_Set5                     
00000407  TExaS_Set6                     
000006b1  TExaS_Stop                     
00000367  TExaS_Task0                    
00000373  TExaS_Task1                    
0000037f  TExaS_Task2                    
0000038b  TExaS_Task3                    
00000397  TExaS_Task4                    
00000399  TExaS_Task5                    
000003a5  TExaS_Task6                    
0000033b  UART_InChar                    
000002e1  UART_Init                      
0000034b  UART_OutChar                   
0000155b  UsageFault_Handler             
4000480c  WDTCTL_SYM                     
0000155b  WDT_A_IRQHandler               
0000150f  WaitForInterrupt               
20010000  __STACK_END                    
00000200  __STACK_SIZE                   
000015c0  __TI_CINIT_Base                
000015d0  __TI_CINIT_Limit               
000015a8  __TI_Handler_Table_Base        
000015b4  __TI_Handler_Table_Limit       
000012e5  __TI_auto_init                 
20000018  __TI_cleanup_ptr               
00001355  __TI_decompress_lzss           
00001541  __TI_decompress_none           
2000001c  __TI_dtors_ptr                 
20000020  __TI_enable_exit_profile_output
ffffffff  __TI_pprof_out_hndl            
ffffffff  __TI_prof_data_size            
ffffffff  __TI_prof_data_start           
00000000  __TI_static_base__             
0000155d  __TI_zero_init                 
00001269  __aeabi_memclr                 
00001269  __aeabi_memclr4                
00001269  __aeabi_memclr8                
000011cd  __aeabi_memcpy                 
000011cd  __aeabi_memcpy4                
000011cd  __aeabi_memcpy8                
0000126b  __aeabi_memset                 
0000126b  __aeabi_memset4                
0000126b  __aeabi_memset8                
ffffffff  __binit__                      
ffffffff  __c_args__                     
000012e3  __mpu_init                     
2000fe00  __stack                        
00001515  _args_main                     
000013bd  _c_int00                       
20000030  _lock                          
0000153b  _nop                           
00001533  _register_lock                 
0000152d  _register_unlock               
0000156d  _system_post_cinit             
00001569  _system_pre_init               
20000034  _unlock                        
00001415  abort                          
ffffffff  binit                          
2000003c  bitCount                       
00001007  bitPosition                    
20000051  bumpState                      
20000052  bump_data                      
00001465  copy_in                        
00000d89  delay                          
0000141d  exit                           
00000000  interruptVectors               
00001051  main                           
20000040  main_func_sp                   
000011cd  memcpy                         
00001271  memset                         
20000053  reflectance_data               


GLOBAL SYMBOLS: SORTED BY Symbol Address 

address   name                           
-------   ----                           
00000000  __TI_static_base__             
00000000  interruptVectors               
000000e5  LogicAnalyzer                  
000000ef  LogicAnalyzer_P1               
000000fd  LogicAnalyzer_P2               
0000010b  LogicAnalyzer_P2_7654          
0000011b  LogicAnalyzer_P3               
00000129  LogicAnalyzer_P4               
00000137  LogicAnalyzer_P4_765432        
00000147  LogicAnalyzer_P4_765320        
0000017f  LogicAnalyzer_P5               
0000018d  LogicAnalyzer_P6               
0000019b  LogicAnalyzer_P7               
000001a9  LogicAnalyzer_P8               
000001b7  LogicAnalyzer_P9               
000001c5  LogicAnalyzer_P10              
000001d3  Scope                          
00000200  __STACK_SIZE                   
00000257  PeriodicTask2_Init             
000002c1  T32_INT1_IRQHandler            
000002c1  T32_INT1_IRQHandler            
000002d1  PeriodicTask2_Stop             
000002e1  UART_Init                      
0000033b  UART_InChar                    
0000034b  UART_OutChar                   
00000367  TExaS_Task0                    
00000373  TExaS_Task1                    
0000037f  TExaS_Task2                    
0000038b  TExaS_Task3                    
00000397  TExaS_Task4                    
00000399  TExaS_Task5                    
000003a5  TExaS_Task6                    
000003b1  TExaS_Set                      
000003c9  TExaS_Set0                     
000003d5  TExaS_Set1                     
000003e1  TExaS_Set2                     
000003ed  TExaS_Set3                     
000003f9  TExaS_Set4                     
000003fb  TExaS_Set5                     
00000407  TExaS_Set6                     
00000413  TExaS_Clear0                   
0000041f  TExaS_Clear1                   
0000042b  TExaS_Clear2                   
00000437  TExaS_Clear3                   
00000443  TExaS_Clear4                   
00000445  TExaS_Clear5                   
00000451  TExaS_Clear6                   
00000475  ADC_Init                       
00000551  TExaS_Init                     
000006b1  TExaS_Stop                     
00000715  SystemCoreClockUpdate          
00000989  SystemInit                     
00000a41  Reflectance_Init               
00000a51  Port5_Init                     
00000a85  Port9_Init                     
00000ab9  Port7_Init                     
00000ad9  Port7_Output_ChargeCap         
00000aef  Port7_InitToInput              
00000afb  Reflectance_Read               
00000b49  Reflectance_Center             
00000b6b  Reflectance_Position           
00000bdf  Reflectance_Start              
00000c05  Reflectance_End                
00000c6d  Clock_Init48MHz                
00000d83  Clock_GetFreq                  
00000d89  delay                          
00000d97  Clock_Delay1us                 
00000dc1  Clock_Delay1ms                 
00000e4d  Bump_Init                      
00000ec3  Bump_Read                      
00000f43  PORT4_IRQHandler               
00000f43  PORT4_IRQHandler               
00000fa9  Port2_Init                     
00000fc9  SysTick_Handler                
00000fc9  SysTick_Handler                
00001007  bitPosition                    
00001051  main                           
000010d9  LaunchPad_Init                 
00001149  LaunchPad_Input                
00001163  LaunchPad_LED                  
00001181  LaunchPad_Output               
000011cd  __aeabi_memcpy                 
000011cd  __aeabi_memcpy4                
000011cd  __aeabi_memcpy8                
000011cd  memcpy                         
00001269  __aeabi_memclr                 
00001269  __aeabi_memclr4                
00001269  __aeabi_memclr8                
0000126b  __aeabi_memset                 
0000126b  __aeabi_memset4                
0000126b  __aeabi_memset8                
00001271  memset                         
000012e3  __mpu_init                     
000012e5  __TI_auto_init                 
00001355  __TI_decompress_lzss           
000013bd  _c_int00                       
00001411  C$$EXIT                        
00001415  abort                          
0000141d  exit                           
00001465  copy_in                        
000014b1  SysTick_Init                   
000014f1  DisableInterrupts              
000014f7  EnableInterrupts               
000014fd  StartCritical                  
00001507  EndCritical                    
0000150f  WaitForInterrupt               
00001515  _args_main                     
0000152d  _register_unlock               
00001533  _register_lock                 
0000153b  _nop                           
00001541  __TI_decompress_none           
0000154f  Reset_Handler                  
0000155b  ADC14_IRQHandler               
0000155b  AES256_IRQHandler              
0000155b  BusFault_Handler               
0000155b  COMP_E0_IRQHandler             
0000155b  COMP_E1_IRQHandler             
0000155b  CS_IRQHandler                  
0000155b  DMA_ERR_IRQHandler             
0000155b  DMA_INT0_IRQHandler            
0000155b  DMA_INT1_IRQHandler            
0000155b  DMA_INT2_IRQHandler            
0000155b  DMA_INT3_IRQHandler            
0000155b  DebugMon_Handler               
0000155b  Default_Handler                
0000155b  EUSCIA0_IRQHandler             
0000155b  EUSCIA1_IRQHandler             
0000155b  EUSCIA2_IRQHandler             
0000155b  EUSCIA3_IRQHandler             
0000155b  EUSCIB0_IRQHandler             
0000155b  EUSCIB1_IRQHandler             
0000155b  EUSCIB2_IRQHandler             
0000155b  EUSCIB3_IRQHandler             
0000155b  FLCTL_IRQHandler               
0000155b  FPU_IRQHandler                 
0000155b  HardFault_Handler              
0000155b  MemManage_Handler              
0000155b  NMI_Handler                    
0000155b  PCM_IRQHandler                 
0000155b  PORT1_IRQHandler               
0000155b  PORT2_IRQHandler               
0000155b  PORT3_IRQHandler               
0000155b  PORT5_IRQHandler               
0000155b  PORT6_IRQHandler               
0000155b  PSS_IRQHandler                 
0000155b  PendSV_Handler                 
0000155b  RTC_C_IRQHandler               
0000155b  SVC_Handler                    
0000155b  T32_INT2_IRQHandler            
0000155b  T32_INTC_IRQHandler            
0000155b  TA0_0_IRQHandler               
0000155b  TA0_N_IRQHandler               
0000155b  TA1_0_IRQHandler               
0000155b  TA1_N_IRQHandler               
0000155b  TA2_0_IRQHandler               
0000155b  TA2_N_IRQHandler               
0000155b  TA3_0_IRQHandler               
0000155b  TA3_N_IRQHandler               
0000155b  UsageFault_Handler             
0000155b  WDT_A_IRQHandler               
0000155d  __TI_zero_init                 
00001569  _system_pre_init               
0000156d  _system_post_cinit             
000015a8  __TI_Handler_Table_Base        
000015b4  __TI_Handler_Table_Limit       
000015c0  __TI_CINIT_Base                
000015d0  __TI_CINIT_Limit               
20000000  ClockFrequency                 
20000004  Prewait                        
20000008  CPMwait                        
2000000c  Postwait                       
20000010  IFlags                         
20000014  Crystalstable                  
20000018  __TI_cleanup_ptr               
2000001c  __TI_dtors_ptr                 
20000020  __TI_enable_exit_profile_output
20000024  TExaS_ScopeErrLostData         
20000028  TExaS_ScopeErrConflict         
2000002c  TExaS_ScopeWrnReconfig         
20000030  _lock                          
20000034  _unlock                        
20000038  MainCount                      
2000003c  bitCount                       
20000040  main_func_sp                   
20000044  SystemCoreClock                
20000048  PeriodicTask2                  
2000004c  Port4Task                      
20000050  LogicData                      
20000051  bumpState                      
20000052  bump_data                      
20000053  reflectance_data               
2000fe00  __stack                        
20010000  __STACK_END                    
4000480c  WDTCTL_SYM                     
ffffffff  __TI_pprof_out_hndl            
ffffffff  __TI_prof_data_size            
ffffffff  __TI_prof_data_start           
ffffffff  __binit__                      
ffffffff  __c_args__                     
ffffffff  binit                          
UNDEFED   SHT$$INIT_ARRAY$$Base          
UNDEFED   SHT$$INIT_ARRAY$$Limit         

[202 symbols]
