******************************************************************************
                  TI ARM Linker PC v16.9.6                     
******************************************************************************
>> Linked Mon Oct 27 17:09:02 2025

OUTPUT FILE NAME:   <L_Bump_Reflectance_Systick_BumpLEDConversions_all.out>
ENTRY POINT SYMBOL: "_c_int00"  address: 00001651


MEMORY CONFIGURATION

         name            origin    length      used     unused   attr    fill
----------------------  --------  ---------  --------  --------  ----  --------
  MAIN                  00000000   00040000  00001873  0003e78d  R  X
  INFO                  00200000   00004000  00000000  00004000  R  X
  SRAM_CODE             01000000   00010000  00000258  0000fda8  RW X
  SRAM_DATA             20000000   00010000  00000258  0000fda8  RW  


SEGMENT ALLOCATION MAP

run origin  load origin   length   init length attrs members
----------  ----------- ---------- ----------- ----- -------
00000000    00000000    00001878   00001878    r-x
  00000000    00000000    000000e4   000000e4    r-- .intvecs
  000000e4    000000e4    0000171e   0000171e    r-x .text
  00001804    00001804    00000031   00000031    r-- .const
  00001838    00001838    00000040   00000040    r-- .cinit
20000000    20000000    00000058   00000000    rw-
  20000000    20000000    00000048   00000000    rw- .data
  20000048    20000048    00000010   00000000    rw- .bss
2000fe00    2000fe00    00000200   00000000    rw-
  2000fe00    2000fe00    00000200   00000000    rw- .stack


SECTION ALLOCATION MAP

 output                                  attributes/
section   page    origin      length       input sections
--------  ----  ----------  ----------   ----------------
.intvecs   0    00000000    000000e4     
                  00000000    000000e4     startup_msp432p401r_ccs.obj (.intvecs:retain)

.binit     0    00000000    00000000     

.text      0    000000e4    0000171e     
                  000000e4    00000630     TExaS.obj (.text)
                  00000714    000003b8     Lab3_Sensorsmain.obj (.text)
                  00000acc    0000032c     system_msp432p401r.obj (.text)
                  00000df8    0000022c     Reflectance.obj (.text)
                  00001024    000001e0     Clock.obj (.text)
                  00001204    00000168     Bump.obj (.text)
                  0000136c    000000f4     LaunchPad.obj (.text)
                  00001460    0000009c     rtsv7M4_T_le_v4SPD16_eabi.lib : memcpy_t2.obj (.text)
                  000014fc    0000007a                                   : memset_t2.obj (.text)
                  00001576    00000002                                   : mpu_init.obj (.text)
                  00001578    00000070                                   : autoinit.obj (.text)
                  000015e8    00000068                                   : copy_decompress_lzss.obj (.text:decompress:lzss)
                  00001650    00000054                                   : boot.obj (.text)
                  000016a4    00000054                                   : exit.obj (.text)
                  000016f8    0000004c                                   : cpy_tbl.obj (.text)
                  00001744    00000040     SysTickInts.obj (.text)
                  00001784    00000024     CortexM.obj (.text)
                  000017a8    00000018     rtsv7M4_T_le_v4SPD16_eabi.lib : args_main.obj (.text)
                  000017c0    00000014                                   : _lock.obj (.text)
                  000017d4    0000000e                                   : copy_decompress_none.obj (.text:decompress:none)
                  000017e2    0000000e     startup_msp432p401r_ccs.obj (.text)
                  000017f0    0000000c     rtsv7M4_T_le_v4SPD16_eabi.lib : copy_zero_init.obj (.text:decompress:ZI)
                  000017fc    00000004                                   : pre_init.obj (.text)
                  00001800    00000002                                   : startup.obj (.text)

.const     0    00001804    00000031     
                  00001804    00000020     Reflectance.obj (.const:$P$T0$1)
                  00001824    00000011     Lab3_Sensorsmain.obj (.const:.string:$P$T0$1)

.cinit     0    00001838    00000040     
                  00001838    00000017     (.cinit..data.load) [load image, compression = lzss]
                  0000184f    00000001     --HOLE-- [fill = 0]
                  00001850    0000000c     (__TI_handler_table)
                  0000185c    00000004     --HOLE-- [fill = 0]
                  00001860    00000008     (.cinit..bss.load) [load image, compression = zero_init]
                  00001868    00000010     (__TI_cinit_table)

.init_array 
*          0    00000000    00000000     UNINITIALIZED

.data      0    20000000    00000048     UNINITIALIZED
                  20000000    00000018     Clock.obj (.data)
                  20000018    0000000c     rtsv7M4_T_le_v4SPD16_eabi.lib : exit.obj (.data:$O1$$)
                  20000024    0000000c     TExaS.obj (.data)
                  20000030    00000008     rtsv7M4_T_le_v4SPD16_eabi.lib : _lock.obj (.data:$O1$$)
                  20000038    00000006     Lab3_Sensorsmain.obj (.data)
                  2000003e    00000002     --HOLE--
                  20000040    00000004     rtsv7M4_T_le_v4SPD16_eabi.lib : stkdepth_vars.obj (.data)
                  20000044    00000004     system_msp432p401r.obj (.data)

.bss       0    20000048    00000010     UNINITIALIZED
                  20000048    00000004     (.common:PeriodicTask2)
                  2000004c    00000004     (.common:Port4Task)
                  20000050    00000004     (.common:binToDec)
                  20000054    00000001     (.common:LogicData)
                  20000055    00000001     (.common:bumpState)
                  20000056    00000001     (.common:bump_data)
                  20000057    00000001     (.common:reflectance_data)

.stack     0    2000fe00    00000200     UNINITIALIZED
                  2000fe00    00000200     --HOLE--

MODULE SUMMARY

       Module                        code   ro data   rw data
       ------                        ----   -------   -------
    .\
       TExaS.obj                     1584   0         34     
       Lab3_Sensorsmain.obj          952    17        26     
       system_msp432p401r.obj        812    0         8      
       Reflectance.obj               556    32        0      
       Clock.obj                     480    0         48     
       Bump.obj                      360    0         8      
       LaunchPad.obj                 244    0         0      
       startup_msp432p401r_ccs.obj   14     228       0      
       SysTickInts.obj               64     0         0      
       CortexM.obj                   36     0         0      
    +--+-----------------------------+------+---------+---------+
       Total:                        5102   277       124    
                                                             
    C:\ti\ccsv7\tools\compiler\ti-cgt-arm_16.9.6.LTS\lib\rtsv7M4_T_le_v4SPD16_eabi.lib
       memcpy_t2.obj                 156    0         0      
       memset_t2.obj                 122    0         0      
       autoinit.obj                  112    0         0      
       exit.obj                      84     0         24     
       copy_decompress_lzss.obj      104    0         0      
       boot.obj                      84     0         0      
       cpy_tbl.obj                   76     0         0      
       _lock.obj                     20     0         16     
       args_main.obj                 24     0         0      
       copy_decompress_none.obj      14     0         0      
       copy_zero_init.obj            12     0         0      
       stkdepth_vars.obj             0      0         8      
       pre_init.obj                  4      0         0      
       mpu_init.obj                  2      0         0      
       startup.obj                   2      0         0      
    +--+-----------------------------+------+---------+---------+
       Total:                        816    0         48     
                                                             
       Stack:                        0      0         1024   
       Linker Generated:             0      59        0      
    +--+-----------------------------+------+---------+---------+
       Grand Total:                  5918   336       1196   


LINKER GENERATED COPY TABLES

__TI_cinit_table @ 00001868 records: 2, size/record: 8, table size: 16
	.data: load addr=00001838, load size=00000017 bytes, run addr=20000000, run size=00000048 bytes, compression=lzss
	.bss: load addr=00001860, load size=00000008 bytes, run addr=20000048, run size=00000010 bytes, compression=zero_init


LINKER GENERATED HANDLER TABLE

__TI_handler_table @ 00001850 records: 3, size/record: 4, table size: 12
	index: 0, handler: __TI_decompress_lzss
	index: 1, handler: __TI_decompress_none
	index: 2, handler: __TI_zero_init


GLOBAL SYMBOLS: SORTED ALPHABETICALLY BY Name 

address   name                           
-------   ----                           
000017ef  ADC14_IRQHandler               
00000475  ADC_Init                       
000017ef  AES256_IRQHandler              
00001205  Bump_Init                      
0000127b  Bump_Read                      
000017ef  BusFault_Handler               
000016a5  C$$EXIT                        
000017ef  COMP_E0_IRQHandler             
000017ef  COMP_E1_IRQHandler             
20000008  CPMwait                        
000017ef  CS_IRQHandler                  
20000000  ClockFrequency                 
00001179  Clock_Delay1ms                 
0000114f  Clock_Delay1us                 
0000113b  Clock_GetFreq                  
00001025  Clock_Init48MHz                
20000014  Crystalstable                  
000017ef  DMA_ERR_IRQHandler             
000017ef  DMA_INT0_IRQHandler            
000017ef  DMA_INT1_IRQHandler            
000017ef  DMA_INT2_IRQHandler            
000017ef  DMA_INT3_IRQHandler            
000017ef  DebugMon_Handler               
000017ef  Default_Handler                
00001785  DisableInterrupts              
000017ef  EUSCIA0_IRQHandler             
000017ef  EUSCIA1_IRQHandler             
000017ef  EUSCIA2_IRQHandler             
000017ef  EUSCIA3_IRQHandler             
000017ef  EUSCIB0_IRQHandler             
000017ef  EUSCIB1_IRQHandler             
000017ef  EUSCIB2_IRQHandler             
000017ef  EUSCIB3_IRQHandler             
0000178b  EnableInterrupts               
0000179b  EndCritical                    
000017ef  FLCTL_IRQHandler               
000017ef  FPU_IRQHandler                 
000017ef  HardFault_Handler              
20000010  IFlags                         
0000136d  LaunchPad_Init                 
000013dd  LaunchPad_Input                
000013f7  LaunchPad_LED                  
00001415  LaunchPad_Output               
000000e5  LogicAnalyzer                  
000000ef  LogicAnalyzer_P1               
000001c5  LogicAnalyzer_P10              
000000fd  LogicAnalyzer_P2               
0000010b  LogicAnalyzer_P2_7654          
0000011b  LogicAnalyzer_P3               
00000129  LogicAnalyzer_P4               
00000147  LogicAnalyzer_P4_765320        
00000137  LogicAnalyzer_P4_765432        
0000017f  LogicAnalyzer_P5               
0000018d  LogicAnalyzer_P6               
0000019b  LogicAnalyzer_P7               
000001a9  LogicAnalyzer_P8               
000001b7  LogicAnalyzer_P9               
20000054  LogicData                      
20000038  MainCount                      
000017ef  MemManage_Handler              
000017ef  NMI_Handler                    
000017ef  PCM_IRQHandler                 
000017ef  PORT1_IRQHandler               
000017ef  PORT2_IRQHandler               
000017ef  PORT3_IRQHandler               
000012fb  PORT4_IRQHandler               
000012fb  PORT4_IRQHandler               
000017ef  PORT5_IRQHandler               
000017ef  PORT6_IRQHandler               
000017ef  PSS_IRQHandler                 
000017ef  PendSV_Handler                 
20000048  PeriodicTask2                  
00000257  PeriodicTask2_Init             
000002d1  PeriodicTask2_Stop             
00000979  Port2_Init                     
2000004c  Port4Task                      
00000e09  Port5_Init                     
00000e71  Port7_Init                     
00000ea7  Port7_InitToInput              
00000e91  Port7_Output_ChargeCap         
00000e3d  Port9_Init                     
2000000c  Postwait                       
20000004  Prewait                        
000017ef  RTC_C_IRQHandler               
00000f01  Reflectance_Center             
00000fbd  Reflectance_End                
00000df9  Reflectance_Init               
00000f23  Reflectance_Position           
00000eb3  Reflectance_Read               
00000f97  Reflectance_Start              
000017e3  Reset_Handler                  
UNDEFED   SHT$$INIT_ARRAY$$Base          
UNDEFED   SHT$$INIT_ARRAY$$Limit         
000017ef  SVC_Handler                    
000001d3  Scope                          
00001791  StartCritical                  
00000999  SysTick_Handler                
00000999  SysTick_Handler                
00001745  SysTick_Init                   
20000044  SystemCoreClock                
00000acd  SystemCoreClockUpdate          
00000d41  SystemInit                     
000002c1  T32_INT1_IRQHandler            
000002c1  T32_INT1_IRQHandler            
000017ef  T32_INT2_IRQHandler            
000017ef  T32_INTC_IRQHandler            
000017ef  TA0_0_IRQHandler               
000017ef  TA0_N_IRQHandler               
000017ef  TA1_0_IRQHandler               
000017ef  TA1_N_IRQHandler               
000017ef  TA2_0_IRQHandler               
000017ef  TA2_N_IRQHandler               
000017ef  TA3_0_IRQHandler               
000017ef  TA3_N_IRQHandler               
00000413  TExaS_Clear0                   
0000041f  TExaS_Clear1                   
0000042b  TExaS_Clear2                   
00000437  TExaS_Clear3                   
00000443  TExaS_Clear4                   
00000445  TExaS_Clear5                   
00000451  TExaS_Clear6                   
00000551  TExaS_Init                     
20000028  TExaS_ScopeErrConflict         
20000024  TExaS_ScopeErrLostData         
2000002c  TExaS_ScopeWrnReconfig         
000003b1  TExaS_Set                      
000003c9  TExaS_Set0                     
000003d5  TExaS_Set1                     
000003e1  TExaS_Set2                     
000003ed  TExaS_Set3                     
000003f9  TExaS_Set4                     
000003fb  TExaS_Set5                     
00000407  TExaS_Set6                     
000006b1  TExaS_Stop                     
00000367  TExaS_Task0                    
00000373  TExaS_Task1                    
0000037f  TExaS_Task2                    
0000038b  TExaS_Task3                    
00000397  TExaS_Task4                    
00000399  TExaS_Task5                    
000003a5  TExaS_Task6                    
0000033b  UART_InChar                    
000002e1  UART_Init                      
0000034b  UART_OutChar                   
000017ef  UsageFault_Handler             
4000480c  WDTCTL_SYM                     
000017ef  WDT_A_IRQHandler               
000017a3  WaitForInterrupt               
20010000  __STACK_END                    
00000200  __STACK_SIZE                   
00001868  __TI_CINIT_Base                
00001878  __TI_CINIT_Limit               
00001850  __TI_Handler_Table_Base        
0000185c  __TI_Handler_Table_Limit       
00001579  __TI_auto_init                 
20000018  __TI_cleanup_ptr               
000015e9  __TI_decompress_lzss           
000017d5  __TI_decompress_none           
2000001c  __TI_dtors_ptr                 
20000020  __TI_enable_exit_profile_output
ffffffff  __TI_pprof_out_hndl            
ffffffff  __TI_prof_data_size            
ffffffff  __TI_prof_data_start           
00000000  __TI_static_base__             
000017f1  __TI_zero_init                 
000014fd  __aeabi_memclr                 
000014fd  __aeabi_memclr4                
000014fd  __aeabi_memclr8                
00001461  __aeabi_memcpy                 
00001461  __aeabi_memcpy4                
00001461  __aeabi_memcpy8                
000014ff  __aeabi_memset                 
000014ff  __aeabi_memset4                
000014ff  __aeabi_memset8                
ffffffff  __binit__                      
ffffffff  __c_args__                     
00001577  __mpu_init                     
2000fe00  __stack                        
000017a9  _args_main                     
00001651  _c_int00                       
20000030  _lock                          
000017cf  _nop                           
000017c7  _register_lock                 
000017c1  _register_unlock               
00001801  _system_post_cinit             
000017fd  _system_pre_init               
20000034  _unlock                        
000016a9  abort                          
00000715  bin2dec                        
20000050  binToDec                       
ffffffff  binit                          
2000003c  bitCount                       
000009d7  bitPosition                    
20000055  bumpState                      
20000056  bump_data                      
000016f9  copy_in                        
0000076f  dec2bin                        
00000813  dec2hex                        
00001141  delay                          
000016b1  exit                           
000008c7  hex2dec                        
00000000  interruptVectors               
00000a35  main                           
20000040  main_func_sp                   
00001461  memcpy                         
00001505  memset                         
20000057  reflectance_data               
00000a21  task                           


GLOBAL SYMBOLS: SORTED BY Symbol Address 

address   name                           
-------   ----                           
00000000  __TI_static_base__             
00000000  interruptVectors               
000000e5  LogicAnalyzer                  
000000ef  LogicAnalyzer_P1               
000000fd  LogicAnalyzer_P2               
0000010b  LogicAnalyzer_P2_7654          
0000011b  LogicAnalyzer_P3               
00000129  LogicAnalyzer_P4               
00000137  LogicAnalyzer_P4_765432        
00000147  LogicAnalyzer_P4_765320        
0000017f  LogicAnalyzer_P5               
0000018d  LogicAnalyzer_P6               
0000019b  LogicAnalyzer_P7               
000001a9  LogicAnalyzer_P8               
000001b7  LogicAnalyzer_P9               
000001c5  LogicAnalyzer_P10              
000001d3  Scope                          
00000200  __STACK_SIZE                   
00000257  PeriodicTask2_Init             
000002c1  T32_INT1_IRQHandler            
000002c1  T32_INT1_IRQHandler            
000002d1  PeriodicTask2_Stop             
000002e1  UART_Init                      
0000033b  UART_InChar                    
0000034b  UART_OutChar                   
00000367  TExaS_Task0                    
00000373  TExaS_Task1                    
0000037f  TExaS_Task2                    
0000038b  TExaS_Task3                    
00000397  TExaS_Task4                    
00000399  TExaS_Task5                    
000003a5  TExaS_Task6                    
000003b1  TExaS_Set                      
000003c9  TExaS_Set0                     
000003d5  TExaS_Set1                     
000003e1  TExaS_Set2                     
000003ed  TExaS_Set3                     
000003f9  TExaS_Set4                     
000003fb  TExaS_Set5                     
00000407  TExaS_Set6                     
00000413  TExaS_Clear0                   
0000041f  TExaS_Clear1                   
0000042b  TExaS_Clear2                   
00000437  TExaS_Clear3                   
00000443  TExaS_Clear4                   
00000445  TExaS_Clear5                   
00000451  TExaS_Clear6                   
00000475  ADC_Init                       
00000551  TExaS_Init                     
000006b1  TExaS_Stop                     
00000715  bin2dec                        
0000076f  dec2bin                        
00000813  dec2hex                        
000008c7  hex2dec                        
00000979  Port2_Init                     
00000999  SysTick_Handler                
00000999  SysTick_Handler                
000009d7  bitPosition                    
00000a21  task                           
00000a35  main                           
00000acd  SystemCoreClockUpdate          
00000d41  SystemInit                     
00000df9  Reflectance_Init               
00000e09  Port5_Init                     
00000e3d  Port9_Init                     
00000e71  Port7_Init                     
00000e91  Port7_Output_ChargeCap         
00000ea7  Port7_InitToInput              
00000eb3  Reflectance_Read               
00000f01  Reflectance_Center             
00000f23  Reflectance_Position           
00000f97  Reflectance_Start              
00000fbd  Reflectance_End                
00001025  Clock_Init48MHz                
0000113b  Clock_GetFreq                  
00001141  delay                          
0000114f  Clock_Delay1us                 
00001179  Clock_Delay1ms                 
00001205  Bump_Init                      
0000127b  Bump_Read                      
000012fb  PORT4_IRQHandler               
000012fb  PORT4_IRQHandler               
0000136d  LaunchPad_Init                 
000013dd  LaunchPad_Input                
000013f7  LaunchPad_LED                  
00001415  LaunchPad_Output               
00001461  __aeabi_memcpy                 
00001461  __aeabi_memcpy4                
00001461  __aeabi_memcpy8                
00001461  memcpy                         
000014fd  __aeabi_memclr                 
000014fd  __aeabi_memclr4                
000014fd  __aeabi_memclr8                
000014ff  __aeabi_memset                 
000014ff  __aeabi_memset4                
000014ff  __aeabi_memset8                
00001505  memset                         
00001577  __mpu_init                     
00001579  __TI_auto_init                 
000015e9  __TI_decompress_lzss           
00001651  _c_int00                       
000016a5  C$$EXIT                        
000016a9  abort                          
000016b1  exit                           
000016f9  copy_in                        
00001745  SysTick_Init                   
00001785  DisableInterrupts              
0000178b  EnableInterrupts               
00001791  StartCritical                  
0000179b  EndCritical                    
000017a3  WaitForInterrupt               
000017a9  _args_main                     
000017c1  _register_unlock               
000017c7  _register_lock                 
000017cf  _nop                           
000017d5  __TI_decompress_none           
000017e3  Reset_Handler                  
000017ef  ADC14_IRQHandler               
000017ef  AES256_IRQHandler              
000017ef  BusFault_Handler               
000017ef  COMP_E0_IRQHandler             
000017ef  COMP_E1_IRQHandler             
000017ef  CS_IRQHandler                  
000017ef  DMA_ERR_IRQHandler             
000017ef  DMA_INT0_IRQHandler            
000017ef  DMA_INT1_IRQHandler            
000017ef  DMA_INT2_IRQHandler            
000017ef  DMA_INT3_IRQHandler            
000017ef  DebugMon_Handler               
000017ef  Default_Handler                
000017ef  EUSCIA0_IRQHandler             
000017ef  EUSCIA1_IRQHandler             
000017ef  EUSCIA2_IRQHandler             
000017ef  EUSCIA3_IRQHandler             
000017ef  EUSCIB0_IRQHandler             
000017ef  EUSCIB1_IRQHandler             
000017ef  EUSCIB2_IRQHandler             
000017ef  EUSCIB3_IRQHandler             
000017ef  FLCTL_IRQHandler               
000017ef  FPU_IRQHandler                 
000017ef  HardFault_Handler              
000017ef  MemManage_Handler              
000017ef  NMI_Handler                    
000017ef  PCM_IRQHandler                 
000017ef  PORT1_IRQHandler               
000017ef  PORT2_IRQHandler               
000017ef  PORT3_IRQHandler               
000017ef  PORT5_IRQHandler               
000017ef  PORT6_IRQHandler               
000017ef  PSS_IRQHandler                 
000017ef  PendSV_Handler                 
000017ef  RTC_C_IRQHandler               
000017ef  SVC_Handler                    
000017ef  T32_INT2_IRQHandler            
000017ef  T32_INTC_IRQHandler            
000017ef  TA0_0_IRQHandler               
000017ef  TA0_N_IRQHandler               
000017ef  TA1_0_IRQHandler               
000017ef  TA1_N_IRQHandler               
000017ef  TA2_0_IRQHandler               
000017ef  TA2_N_IRQHandler               
000017ef  TA3_0_IRQHandler               
000017ef  TA3_N_IRQHandler               
000017ef  UsageFault_Handler             
000017ef  WDT_A_IRQHandler               
000017f1  __TI_zero_init                 
000017fd  _system_pre_init               
00001801  _system_post_cinit             
00001850  __TI_Handler_Table_Base        
0000185c  __TI_Handler_Table_Limit       
00001868  __TI_CINIT_Base                
00001878  __TI_CINIT_Limit               
20000000  ClockFrequency                 
20000004  Prewait                        
20000008  CPMwait                        
2000000c  Postwait                       
20000010  IFlags                         
20000014  Crystalstable                  
20000018  __TI_cleanup_ptr               
2000001c  __TI_dtors_ptr                 
20000020  __TI_enable_exit_profile_output
20000024  TExaS_ScopeErrLostData         
20000028  TExaS_ScopeErrConflict         
2000002c  TExaS_ScopeWrnReconfig         
20000030  _lock                          
20000034  _unlock                        
20000038  MainCount                      
2000003c  bitCount                       
20000040  main_func_sp                   
20000044  SystemCoreClock                
20000048  PeriodicTask2                  
2000004c  Port4Task                      
20000050  binToDec                       
20000054  LogicData                      
20000055  bumpState                      
20000056  bump_data                      
20000057  reflectance_data               
2000fe00  __stack                        
20010000  __STACK_END                    
4000480c  WDTCTL_SYM                     
ffffffff  __TI_pprof_out_hndl            
ffffffff  __TI_prof_data_size            
ffffffff  __TI_prof_data_start           
ffffffff  __binit__                      
ffffffff  __c_args__                     
ffffffff  binit                          
UNDEFED   SHT$$INIT_ARRAY$$Base          
UNDEFED   SHT$$INIT_ARRAY$$Limit         

[208 symbols]
