******************************************************************************
                  TI ARM Linker PC v16.9.6                     
******************************************************************************
>> Linked Fri Oct 24 13:46:14 2025

OUTPUT FILE NAME:   <BUMP_AVOIDANCE.out>
ENTRY POINT SYMBOL: "_c_int00"  address: 000017f9


MEMORY CONFIGURATION

         name            origin    length      used     unused   attr    fill
----------------------  --------  ---------  --------  --------  ----  --------
  MAIN                  00000000   00040000  00001a1c  0003e5e4  R  X
  INFO                  00200000   00004000  00000000  00004000  R  X
  SRAM_CODE             01000000   00010000  00000259  0000fda7  RW X
  SRAM_DATA             20000000   00010000  00000259  0000fda7  RW  


SEGMENT ALLOCATION MAP

run origin  load origin   length   init length attrs members
----------  ----------- ---------- ----------- ----- -------
00000000    00000000    00001a20   00001a20    r-x
  00000000    00000000    000000e4   000000e4    r-- .intvecs
  000000e4    000000e4    000018f8   000018f8    r-x .text
  000019e0    000019e0    00000040   00000040    r-- .cinit
20000000    20000000    00000059   00000000    rw-
  20000000    20000000    0000004c   00000000    rw- .data
  2000004c    2000004c    0000000d   00000000    rw- .bss
2000fe00    2000fe00    00000200   00000000    rw-
  2000fe00    2000fe00    00000200   00000000    rw- .stack


SECTION ALLOCATION MAP

 output                                  attributes/
section   page    origin      length       input sections
--------  ----  ----------  ----------   ----------------
.intvecs   0    00000000    000000e4     
                  00000000    000000e4     startup_msp432p401r_ccs.obj (.intvecs:retain)

.binit     0    00000000    00000000     

.text      0    000000e4    000018f8     
                  000000e4    00000630     TExaS.obj (.text)
                  00000714    0000032c     system_msp432p401r.obj (.text)
                  00000a40    00000284     Motor.obj (.text)
                  00000cc4    00000210     Bump.obj (.text)
                  00000ed4    000001e0     Clock.obj (.text)
                  000010b4    00000136     rtsv7M4_T_le_v4SPD16_eabi.lib : fd_div_t2.obj (.text)
                  000011ea    000000fc                                   : fd_mul_t2.obj (.text)
                  000012e6    00000002                                   : mpu_init.obj (.text)
                  000012e8    000000f4     LaunchPad.obj (.text)
                  000013dc    000000ec     PWM.obj (.text)
                  000014c8    000000a8     TimerA1.obj (.text)
                  00001570    0000009c     rtsv7M4_T_le_v4SPD16_eabi.lib : memcpy_t2.obj (.text)
                  0000160c    00000098     bumpAvoidMain.obj (.text)
                  000016a4    0000007a     rtsv7M4_T_le_v4SPD16_eabi.lib : memset_t2.obj (.text)
                  0000171e    00000002                                   : startup.obj (.text)
                  00001720    00000070                                   : autoinit.obj (.text)
                  00001790    00000068                                   : copy_decompress_lzss.obj (.text:decompress:lzss)
                  000017f8    00000054                                   : boot.obj (.text)
                  0000184c    00000054                                   : exit.obj (.text)
                  000018a0    0000004c                                   : cpy_tbl.obj (.text)
                  000018ec    00000044                                   : fd_tou_t2.obj (.text)
                  00001930    0000002e                                   : i_tofd_t2.obj (.text)
                  0000195e    00000024     CortexM.obj (.text)
                  00001982    00000002     --HOLE-- [fill = 0]
                  00001984    00000018     rtsv7M4_T_le_v4SPD16_eabi.lib : args_main.obj (.text)
                  0000199c    00000014                                   : _lock.obj (.text)
                  000019b0    0000000e                                   : copy_decompress_none.obj (.text:decompress:none)
                  000019be    0000000e     startup_msp432p401r_ccs.obj (.text)
                  000019cc    0000000c     rtsv7M4_T_le_v4SPD16_eabi.lib : copy_zero_init.obj (.text:decompress:ZI)
                  000019d8    00000004                                   : pre_init.obj (.text)

.cinit     0    000019e0    00000040     
                  000019e0    0000001a     (.cinit..data.load) [load image, compression = lzss]
                  000019fa    00000002     --HOLE-- [fill = 0]
                  000019fc    0000000c     (__TI_handler_table)
                  00001a08    00000008     (.cinit..bss.load) [load image, compression = zero_init]
                  00001a10    00000010     (__TI_cinit_table)

.init_array 
*          0    00000000    00000000     UNINITIALIZED

.data      0    20000000    0000004c     UNINITIALIZED
                  20000000    00000018     Clock.obj (.data)
                  20000018    0000000c     rtsv7M4_T_le_v4SPD16_eabi.lib : exit.obj (.data:$O1$$)
                  20000024    0000000c     TExaS.obj (.data)
                  20000030    0000000a     Tachometer.obj (.data)
                  2000003a    00000001     bumpAvoidMain.obj (.data)
                  2000003b    00000001     --HOLE--
                  2000003c    00000008     rtsv7M4_T_le_v4SPD16_eabi.lib : _lock.obj (.data:$O1$$)
                  20000044    00000004                                   : stkdepth_vars.obj (.data)
                  20000048    00000004     system_msp432p401r.obj (.data)

.bss       0    2000004c    0000000d     UNINITIALIZED
                  2000004c    00000004     (.common:PeriodicTask2)
                  20000050    00000004     (.common:Port4Task)
                  20000054    00000004     (.common:TimerA1Task)
                  20000058    00000001     (.common:LogicData)

.stack     0    2000fe00    00000200     UNINITIALIZED
                  2000fe00    00000200     --HOLE--

MODULE SUMMARY

       Module                        code   ro data   rw data
       ------                        ----   -------   -------
    .\
       TExaS.obj                     1584   0         34     
       system_msp432p401r.obj        812    0         8      
       Motor.obj                     644    0         0      
       Bump.obj                      528    0         8      
       Clock.obj                     480    0         48     
       LaunchPad.obj                 244    0         0      
       startup_msp432p401r_ccs.obj   14     228       0      
       PWM.obj                       236    0         0      
       TimerA1.obj                   168    0         8      
       bumpAvoidMain.obj             152    0         2      
       CortexM.obj                   36     0         0      
       Tachometer.obj                0      0         20     
    +--+-----------------------------+------+---------+---------+
       Total:                        4898   228       128    
                                                             
    C:\ti\ccsv7\tools\compiler\ti-cgt-arm_16.9.6.LTS\lib\rtsv7M4_T_le_v4SPD16_eabi.lib
       fd_div_t2.obj                 310    0         0      
       fd_mul_t2.obj                 252    0         0      
       memcpy_t2.obj                 156    0         0      
       memset_t2.obj                 122    0         0      
       autoinit.obj                  112    0         0      
       exit.obj                      84     0         24     
       copy_decompress_lzss.obj      104    0         0      
       boot.obj                      84     0         0      
       cpy_tbl.obj                   76     0         0      
       fd_tou_t2.obj                 68     0         0      
       i_tofd_t2.obj                 46     0         0      
       _lock.obj                     20     0         16     
       args_main.obj                 24     0         0      
       copy_decompress_none.obj      14     0         0      
       copy_zero_init.obj            12     0         0      
       stkdepth_vars.obj             0      0         8      
       pre_init.obj                  4      0         0      
       mpu_init.obj                  2      0         0      
       startup.obj                   2      0         0      
    +--+-----------------------------+------+---------+---------+
       Total:                        1492   0         48     
                                                             
       Stack:                        0      0         1024   
       Linker Generated:             0      62        0      
    +--+-----------------------------+------+---------+---------+
       Grand Total:                  6390   290       1200   


LINKER GENERATED COPY TABLES

__TI_cinit_table @ 00001a10 records: 2, size/record: 8, table size: 16
	.data: load addr=000019e0, load size=0000001a bytes, run addr=20000000, run size=0000004c bytes, compression=lzss
	.bss: load addr=00001a08, load size=00000008 bytes, run addr=2000004c, run size=0000000d bytes, compression=zero_init


LINKER GENERATED HANDLER TABLE

__TI_handler_table @ 000019fc records: 3, size/record: 4, table size: 12
	index: 0, handler: __TI_decompress_lzss
	index: 1, handler: __TI_decompress_none
	index: 2, handler: __TI_zero_init


GLOBAL SYMBOLS: SORTED ALPHABETICALLY BY Name 

address   name                           
-------   ----                           
000019cb  ADC14_IRQHandler               
00000475  ADC_Init                       
000019cb  AES256_IRQHandler              
00000d8d  Bump_Init                      
00000e03  Bump_Read                      
000019cb  BusFault_Handler               
0000184d  C$$EXIT                        
000019cb  COMP_E0_IRQHandler             
000019cb  COMP_E1_IRQHandler             
20000008  CPMwait                        
000019cb  CS_IRQHandler                  
20000000  ClockFrequency                 
00001029  Clock_Delay1ms                 
00000fff  Clock_Delay1us                 
00000feb  Clock_GetFreq                  
00000ed5  Clock_Init48MHz                
20000014  Crystalstable                  
000019cb  DMA_ERR_IRQHandler             
000019cb  DMA_INT0_IRQHandler            
000019cb  DMA_INT1_IRQHandler            
000019cb  DMA_INT2_IRQHandler            
000019cb  DMA_INT3_IRQHandler            
000019cb  DebugMon_Handler               
000019cb  Default_Handler                
0000195f  DisableInterrupts              
000019cb  EUSCIA0_IRQHandler             
000019cb  EUSCIA1_IRQHandler             
000019cb  EUSCIA2_IRQHandler             
000019cb  EUSCIA3_IRQHandler             
000019cb  EUSCIB0_IRQHandler             
000019cb  EUSCIB1_IRQHandler             
000019cb  EUSCIB2_IRQHandler             
000019cb  EUSCIB3_IRQHandler             
00001965  EnableInterrupts               
00001975  EndCritical                    
000019cb  FLCTL_IRQHandler               
000019cb  FPU_IRQHandler                 
000019cb  HardFault_Handler              
20000010  IFlags                         
000012e9  LaunchPad_Init                 
00001359  LaunchPad_Input                
00001373  LaunchPad_LED                  
00001391  LaunchPad_Output               
000000e5  LogicAnalyzer                  
000000ef  LogicAnalyzer_P1               
000001c5  LogicAnalyzer_P10              
000000fd  LogicAnalyzer_P2               
0000010b  LogicAnalyzer_P2_7654          
0000011b  LogicAnalyzer_P3               
00000129  LogicAnalyzer_P4               
00000147  LogicAnalyzer_P4_765320        
00000137  LogicAnalyzer_P4_765432        
0000017f  LogicAnalyzer_P5               
0000018d  LogicAnalyzer_P6               
0000019b  LogicAnalyzer_P7               
000001a9  LogicAnalyzer_P8               
000001b7  LogicAnalyzer_P9               
20000058  LogicData                      
000019cb  MemManage_Handler              
00000b91  Motor_Backward                 
00000aed  Motor_Forward                  
00000a41  Motor_Init                     
00000b57  Motor_Left                     
00000b1d  Motor_Right                    
00000bc1  Motor_RotateAngle              
00000ac9  Motor_Stop                     
000019cb  NMI_Handler                    
000019cb  PCM_IRQHandler                 
000019cb  PORT1_IRQHandler               
000019cb  PORT2_IRQHandler               
000019cb  PORT3_IRQHandler               
00000cc5  PORT4_IRQHandler               
00000cc5  PORT4_IRQHandler               
000019cb  PORT5_IRQHandler               
000019cb  PORT6_IRQHandler               
000019cb  PSS_IRQHandler                 
00001461  PWM_Duty3                      
00001481  PWM_Duty4                      
000013dd  PWM_Init34                     
000019cb  PendSV_Handler                 
2000004c  PeriodicTask2                  
00000257  PeriodicTask2_Init             
000002d1  PeriodicTask2_Stop             
20000050  Port4Task                      
2000000c  Postwait                       
20000004  Prewait                        
000019cb  RTC_C_IRQHandler               
000019bf  Reset_Handler                  
UNDEFED   SHT$$INIT_ARRAY$$Base          
UNDEFED   SHT$$INIT_ARRAY$$Limit         
000019cb  SVC_Handler                    
000001d3  Scope                          
0000196b  StartCritical                  
000019cb  SysTick_Handler                
20000048  SystemCoreClock                
00000715  SystemCoreClockUpdate          
00000989  SystemInit                     
000002c1  T32_INT1_IRQHandler            
000002c1  T32_INT1_IRQHandler            
000019cb  T32_INT2_IRQHandler            
000019cb  T32_INTC_IRQHandler            
000019cb  TA0_0_IRQHandler               
000019cb  TA0_N_IRQHandler               
0000153b  TA1_0_IRQHandler               
0000153b  TA1_0_IRQHandler               
000019cb  TA1_N_IRQHandler               
000019cb  TA2_0_IRQHandler               
000019cb  TA2_N_IRQHandler               
000019cb  TA3_0_IRQHandler               
000019cb  TA3_N_IRQHandler               
00000413  TExaS_Clear0                   
0000041f  TExaS_Clear1                   
0000042b  TExaS_Clear2                   
00000437  TExaS_Clear3                   
00000443  TExaS_Clear4                   
00000445  TExaS_Clear5                   
00000451  TExaS_Clear6                   
00000551  TExaS_Init                     
20000028  TExaS_ScopeErrConflict         
20000024  TExaS_ScopeErrLostData         
2000002c  TExaS_ScopeWrnReconfig         
000003b1  TExaS_Set                      
000003c9  TExaS_Set0                     
000003d5  TExaS_Set1                     
000003e1  TExaS_Set2                     
000003ed  TExaS_Set3                     
000003f9  TExaS_Set4                     
000003fb  TExaS_Set5                     
00000407  TExaS_Set6                     
000006b1  TExaS_Stop                     
00000367  TExaS_Task0                    
00000373  TExaS_Task1                    
0000037f  TExaS_Task2                    
0000038b  TExaS_Task3                    
00000397  TExaS_Task4                    
00000399  TExaS_Task5                    
000003a5  TExaS_Task6                    
20000039  Tachometer_LeftDir             
20000034  Tachometer_LeftSteps           
20000038  Tachometer_RightDir            
20000030  Tachometer_RightSteps          
0000162d  Task                           
0000160d  TimedPause                     
20000054  TimerA1Task                    
000014c9  TimerA1_Init                   
00001527  TimerA1_Stop                   
0000033b  UART_InChar                    
000002e1  UART_Init                      
0000034b  UART_OutChar                   
000019cb  UsageFault_Handler             
4000480c  WDTCTL_SYM                     
000019cb  WDT_A_IRQHandler               
0000197d  WaitForInterrupt               
20010000  __STACK_END                    
00000200  __STACK_SIZE                   
00001a10  __TI_CINIT_Base                
00001a20  __TI_CINIT_Limit               
000019fc  __TI_Handler_Table_Base        
00001a08  __TI_Handler_Table_Limit       
00001721  __TI_auto_init                 
20000018  __TI_cleanup_ptr               
00001791  __TI_decompress_lzss           
000019b1  __TI_decompress_none           
2000001c  __TI_dtors_ptr                 
20000020  __TI_enable_exit_profile_output
ffffffff  __TI_pprof_out_hndl            
ffffffff  __TI_prof_data_size            
ffffffff  __TI_prof_data_start           
00000000  __TI_static_base__             
000019cd  __TI_zero_init                 
000018ed  __aeabi_d2uiz                  
000010b5  __aeabi_ddiv                   
000011eb  __aeabi_dmul                   
00001931  __aeabi_i2d                    
000016a5  __aeabi_memclr                 
000016a5  __aeabi_memclr4                
000016a5  __aeabi_memclr8                
00001571  __aeabi_memcpy                 
00001571  __aeabi_memcpy4                
00001571  __aeabi_memcpy8                
000016a7  __aeabi_memset                 
000016a7  __aeabi_memset4                
000016a7  __aeabi_memset8                
ffffffff  __binit__                      
ffffffff  __c_args__                     
000012e7  __mpu_init                     
2000fe00  __stack                        
00001985  _args_main                     
000017f9  _c_int00                       
2000003c  _lock                          
000019ab  _nop                           
000019a3  _register_lock                 
0000199d  _register_unlock               
0000171f  _system_post_cinit             
000019d9  _system_pre_init               
20000040  _unlock                        
00001851  abort                          
ffffffff  binit                          
000018a1  copy_in                        
00000ff1  delay                          
00001859  exit                           
00000000  interruptVectors               
00001665  main                           
20000044  main_func_sp                   
00001571  memcpy                         
000016ad  memset                         


GLOBAL SYMBOLS: SORTED BY Symbol Address 

address   name                           
-------   ----                           
00000000  __TI_static_base__             
00000000  interruptVectors               
000000e5  LogicAnalyzer                  
000000ef  LogicAnalyzer_P1               
000000fd  LogicAnalyzer_P2               
0000010b  LogicAnalyzer_P2_7654          
0000011b  LogicAnalyzer_P3               
00000129  LogicAnalyzer_P4               
00000137  LogicAnalyzer_P4_765432        
00000147  LogicAnalyzer_P4_765320        
0000017f  LogicAnalyzer_P5               
0000018d  LogicAnalyzer_P6               
0000019b  LogicAnalyzer_P7               
000001a9  LogicAnalyzer_P8               
000001b7  LogicAnalyzer_P9               
000001c5  LogicAnalyzer_P10              
000001d3  Scope                          
00000200  __STACK_SIZE                   
00000257  PeriodicTask2_Init             
000002c1  T32_INT1_IRQHandler            
000002c1  T32_INT1_IRQHandler            
000002d1  PeriodicTask2_Stop             
000002e1  UART_Init                      
0000033b  UART_InChar                    
0000034b  UART_OutChar                   
00000367  TExaS_Task0                    
00000373  TExaS_Task1                    
0000037f  TExaS_Task2                    
0000038b  TExaS_Task3                    
00000397  TExaS_Task4                    
00000399  TExaS_Task5                    
000003a5  TExaS_Task6                    
000003b1  TExaS_Set                      
000003c9  TExaS_Set0                     
000003d5  TExaS_Set1                     
000003e1  TExaS_Set2                     
000003ed  TExaS_Set3                     
000003f9  TExaS_Set4                     
000003fb  TExaS_Set5                     
00000407  TExaS_Set6                     
00000413  TExaS_Clear0                   
0000041f  TExaS_Clear1                   
0000042b  TExaS_Clear2                   
00000437  TExaS_Clear3                   
00000443  TExaS_Clear4                   
00000445  TExaS_Clear5                   
00000451  TExaS_Clear6                   
00000475  ADC_Init                       
00000551  TExaS_Init                     
000006b1  TExaS_Stop                     
00000715  SystemCoreClockUpdate          
00000989  SystemInit                     
00000a41  Motor_Init                     
00000ac9  Motor_Stop                     
00000aed  Motor_Forward                  
00000b1d  Motor_Right                    
00000b57  Motor_Left                     
00000b91  Motor_Backward                 
00000bc1  Motor_RotateAngle              
00000cc5  PORT4_IRQHandler               
00000cc5  PORT4_IRQHandler               
00000d8d  Bump_Init                      
00000e03  Bump_Read                      
00000ed5  Clock_Init48MHz                
00000feb  Clock_GetFreq                  
00000ff1  delay                          
00000fff  Clock_Delay1us                 
00001029  Clock_Delay1ms                 
000010b5  __aeabi_ddiv                   
000011eb  __aeabi_dmul                   
000012e7  __mpu_init                     
000012e9  LaunchPad_Init                 
00001359  LaunchPad_Input                
00001373  LaunchPad_LED                  
00001391  LaunchPad_Output               
000013dd  PWM_Init34                     
00001461  PWM_Duty3                      
00001481  PWM_Duty4                      
000014c9  TimerA1_Init                   
00001527  TimerA1_Stop                   
0000153b  TA1_0_IRQHandler               
0000153b  TA1_0_IRQHandler               
00001571  __aeabi_memcpy                 
00001571  __aeabi_memcpy4                
00001571  __aeabi_memcpy8                
00001571  memcpy                         
0000160d  TimedPause                     
0000162d  Task                           
00001665  main                           
000016a5  __aeabi_memclr                 
000016a5  __aeabi_memclr4                
000016a5  __aeabi_memclr8                
000016a7  __aeabi_memset                 
000016a7  __aeabi_memset4                
000016a7  __aeabi_memset8                
000016ad  memset                         
0000171f  _system_post_cinit             
00001721  __TI_auto_init                 
00001791  __TI_decompress_lzss           
000017f9  _c_int00                       
0000184d  C$$EXIT                        
00001851  abort                          
00001859  exit                           
000018a1  copy_in                        
000018ed  __aeabi_d2uiz                  
00001931  __aeabi_i2d                    
0000195f  DisableInterrupts              
00001965  EnableInterrupts               
0000196b  StartCritical                  
00001975  EndCritical                    
0000197d  WaitForInterrupt               
00001985  _args_main                     
0000199d  _register_unlock               
000019a3  _register_lock                 
000019ab  _nop                           
000019b1  __TI_decompress_none           
000019bf  Reset_Handler                  
000019cb  ADC14_IRQHandler               
000019cb  AES256_IRQHandler              
000019cb  BusFault_Handler               
000019cb  COMP_E0_IRQHandler             
000019cb  COMP_E1_IRQHandler             
000019cb  CS_IRQHandler                  
000019cb  DMA_ERR_IRQHandler             
000019cb  DMA_INT0_IRQHandler            
000019cb  DMA_INT1_IRQHandler            
000019cb  DMA_INT2_IRQHandler            
000019cb  DMA_INT3_IRQHandler            
000019cb  DebugMon_Handler               
000019cb  Default_Handler                
000019cb  EUSCIA0_IRQHandler             
000019cb  EUSCIA1_IRQHandler             
000019cb  EUSCIA2_IRQHandler             
000019cb  EUSCIA3_IRQHandler             
000019cb  EUSCIB0_IRQHandler             
000019cb  EUSCIB1_IRQHandler             
000019cb  EUSCIB2_IRQHandler             
000019cb  EUSCIB3_IRQHandler             
000019cb  FLCTL_IRQHandler               
000019cb  FPU_IRQHandler                 
000019cb  HardFault_Handler              
000019cb  MemManage_Handler              
000019cb  NMI_Handler                    
000019cb  PCM_IRQHandler                 
000019cb  PORT1_IRQHandler               
000019cb  PORT2_IRQHandler               
000019cb  PORT3_IRQHandler               
000019cb  PORT5_IRQHandler               
000019cb  PORT6_IRQHandler               
000019cb  PSS_IRQHandler                 
000019cb  PendSV_Handler                 
000019cb  RTC_C_IRQHandler               
000019cb  SVC_Handler                    
000019cb  SysTick_Handler                
000019cb  T32_INT2_IRQHandler            
000019cb  T32_INTC_IRQHandler            
000019cb  TA0_0_IRQHandler               
000019cb  TA0_N_IRQHandler               
000019cb  TA1_N_IRQHandler               
000019cb  TA2_0_IRQHandler               
000019cb  TA2_N_IRQHandler               
000019cb  TA3_0_IRQHandler               
000019cb  TA3_N_IRQHandler               
000019cb  UsageFault_Handler             
000019cb  WDT_A_IRQHandler               
000019cd  __TI_zero_init                 
000019d9  _system_pre_init               
000019fc  __TI_Handler_Table_Base        
00001a08  __TI_Handler_Table_Limit       
00001a10  __TI_CINIT_Base                
00001a20  __TI_CINIT_Limit               
20000000  ClockFrequency                 
20000004  Prewait                        
20000008  CPMwait                        
2000000c  Postwait                       
20000010  IFlags                         
20000014  Crystalstable                  
20000018  __TI_cleanup_ptr               
2000001c  __TI_dtors_ptr                 
20000020  __TI_enable_exit_profile_output
20000024  TExaS_ScopeErrLostData         
20000028  TExaS_ScopeErrConflict         
2000002c  TExaS_ScopeWrnReconfig         
20000030  Tachometer_RightSteps          
20000034  Tachometer_LeftSteps           
20000038  Tachometer_RightDir            
20000039  Tachometer_LeftDir             
2000003c  _lock                          
20000040  _unlock                        
20000044  main_func_sp                   
20000048  SystemCoreClock                
2000004c  PeriodicTask2                  
20000050  Port4Task                      
20000054  TimerA1Task                    
20000058  LogicData                      
2000fe00  __stack                        
20010000  __STACK_END                    
4000480c  WDTCTL_SYM                     
ffffffff  __TI_pprof_out_hndl            
ffffffff  __TI_prof_data_size            
ffffffff  __TI_prof_data_start           
ffffffff  __binit__                      
ffffffff  __c_args__                     
ffffffff  binit                          
UNDEFED   SHT$$INIT_ARRAY$$Base          
UNDEFED   SHT$$INIT_ARRAY$$Limit         

[206 symbols]
